05-13 17:04:04.363  3596  3596 I hwservicemanager: getTransport: Cannot find entry android.hardware.graphics.mapper@4.0::IMapper/default in either framework or device manifest.
05-13 17:04:04.363 18960 19041 I Gralloc4: mapper 4.x is not supported
05-13 17:04:04.364  3596  3596 I hwservicemanager: getTransport: Cannot find entry android.hardware.graphics.mapper@3.0::IMapper/default in either framework or device manifest.
05-13 17:04:04.364 18960 19041 W Gralloc3: mapper 3.x is not supported
05-13 17:04:04.368 18960 19041 I gralloc : Arm Module v1.0
05-13 17:04:04.383 19071 19071 D NetworkSecurityConfig: Using Network Security Config from resource 0_resource_name_obfuscated debugBuild: false
05-13 17:04:04.464 19071 19071 I cr_SplitCompatApp: Launched version=101.1.38.109 minSdkVersion=24 isBundle=true processName=com.brave.browser isIsolated=false
05-13 17:04:04.605 19071 19071 W FirebaseApp: Default FirebaseApp failed to initialize because no default options were found. This usually means that com.google.gms:google-services was not applied to your gradle project.
05-13 17:04:04.605 19071 19071 I FirebaseInitProvider: FirebaseApp initialization unsuccessful
05-13 17:04:04.674 18960 18960 I ViewRootImpl@4726b24[VerticalListActivity]: [DP] pdf(0) 1 android.view.ViewRootImpl.lambda$performDraw$1$ViewRootImpl:4668 android.view.-$$Lambda$ViewRootImpl$DJd0VUYJgsebcnSohO6h8zc_ONI.run:6 android.os.Handler.handleCallback:938
05-13 17:04:04.675 18960 18960 I ViewRootImpl@4726b24[VerticalListActivity]: [DP] rdf()
05-13 17:04:04.677 18960 18960 I Choreographer: Skipped 38 frames!  The application may be doing too much work on its main thread.
05-13 17:04:04.686  4216  4241 D PkgPredictorService: pkg:com.example.dogglers activity:com.example.dogglers.VerticalListActivity thisTime:1353
05-13 17:04:04.687  4216  4241 D PkgPredictorService-Collector: update activity launch time: VerticalListActivity : 1353
05-13 17:04:04.687  4216  4245 D ArtManagerInternalImpl: /data/misc/iorapd/com.example.dogglers/1/com.example.dogglers.VerticalListActivity/compiled_traces/compiled_trace.pb doesn't exist
05-13 17:04:04.687  4216  4241 I SemDvfsHyPerManager: acquire hyper - AMS_RESUME_TAIL/4216@18, type = -999
05-13 17:04:04.687  4216  4241 I SemDvfsHyPerManager: acquire hyper - AMS_ACT_LAZY/4216@19, type = -999
05-13 17:04:04.687  3841  3871 I HYPER-HAL: [RequestManager.cpp]acquire(): Acquired ID : 8965513  [4216 / 18]    HINT : AMS_RESUME_TAIL    list :
05-13 17:04:04.688  3841  3871 E HYPER-HAL: [HandlerSysfs.cpp]doResourceHandling(): Couldn't Open Sysfs - /sys/power/cstate_control
05-13 17:04:04.688  3841  3871 I HYPER-HAL: [ResourceManager.cpp]updateResource(): [CPUMinFreq] UpdateResource Request ID : 8965513    Value : 1560000
05-13 17:04:04.689  3841  3871 I HYPER-HAL: [RequestManager.cpp]acquire(): Acquired ID : 8969749  [4216 / 19]    HINT :      list :
05-13 17:04:04.691  3841  3871 E HYPER-HAL: [Request.cpp]acquire(): Request:: id : 8969749, No Resource to set
05-13 17:04:04.691  3841  3871 E HYPER-HAL: [HandlerSysfs.cpp]doResourceHandling(): Couldn't Open Sysfs - /sys/power/cstate_control
05-13 17:04:04.692  3841  3871 I HYPER-HAL: [ResourceManager.cpp]removeResource(): [CPUMinFreq] RemoveResource Request ID : 9020659
05-13 17:04:04.692  3841  3871 I HYPER-HAL: [RequestManager.cpp]releaseLocked(): Released ID : 9020659
05-13 17:04:04.696  4216  4241 D ViewRootImpl@d5b03b1[dogglers]: dispatchDetachedFromWindow: reset blurmask
05-13 17:04:04.696  4216  4241 I ViewRootImpl@d5b03b1[dogglers]: dispatchDetachedFromWindow
05-13 17:04:04.697  4216  4241 I SurfaceControl: nativeRelease nativeObject s[493619791264]
05-13 17:04:04.697  4216  4241 I SurfaceControl: nativeRelease nativeObject e[493619791264]
05-13 17:04:04.698  4216  4241 D InputTransport: Input channel destroyed: '66b1417', fd=593
05-13 17:04:04.699  3869  5014 I SurfaceFlinger: id=44869 createSurf (0x0),-1 flag=24000, Surface(name=66b1417 Splash Screen com.example.dogglers)/@0xcc2e82c - animation-leash#0
05-13 17:04:04.702  3982  4451 I bauth_FPBAuthService: pcf : 0x1012, 0 ,2 ,0 ,0 ,0 ,2, 5.1.0.6
05-13 17:04:04.702  3982  4451 I bauth_FPBAuthService: thread id : 2, preenroll_flag : 0, nd cnt : 1, cso : 1, et : 0
05-13 17:04:04.702  3982  4451 I bauth_FPBAuthService: FPBAuthService, 11593
05-13 17:04:04.703  4216  4602 I InputDispatcher: Focus entered window (18960): 13ff3f2 in display 0 0
05-13 17:04:04.704  4216  4241 D InputTransport: Input channel destroyed: '66b1417', fd=612
05-13 17:04:04.710  4216  4245 I ActivityTaskManager: Displayed com.example.dogglers/.VerticalListActivity: +1s353ms
05-13 17:04:04.731 18960 18960 I ViewRootImpl@4726b24[VerticalListActivity]: MSG_WINDOW_FOCUS_CHANGED 1 1
05-13 17:04:04.732 18960 18960 D InputMethodManager: prepareNavigationBarInfo() DecorView@dc52eeb[VerticalListActivity]
05-13 17:04:04.732 18960 18960 D InputMethodManager: getNavigationBarColor() -16711423
05-13 17:04:04.734 18960 18960 D InputMethodManager: prepareNavigationBarInfo() DecorView@dc52eeb[VerticalListActivity]
05-13 17:04:04.734 18960 18960 D InputMethodManager: getNavigationBarColor() -16711423
05-13 17:04:04.734 18960 18960 V InputMethodManager: Starting input: tba=com.example.dogglers ic=null mNaviBarColor -16711423 mIsGetNaviBarColorSuccess true , NavVisible : true , NavTrans : false
05-13 17:04:04.735 18960 18960 D InputMethodManager: startInputInner - Id : 0
05-13 17:04:04.735 18960 18960 I InputMethodManager: startInputInner - mService.startInputOrWindowGainedFocus
05-13 17:04:04.736  4216  4602 D InputMethodManagerService: mSecureKeypadEnabled = false
05-13 17:04:04.736  4216  4602 V InputMethodManagerService: hideCurrentInputLocked : shouldHideSoftInput is false
05-13 17:04:04.736  4216  4602 D InputMethodManagerService: mDesktopModeManager null!
05-13 17:04:04.736  4216  4602 V InputMethodManagerService: getDisplayIdOfInputMethodWindowToBeAdded : 0
05-13 17:04:04.737  4216  4602 D SamsungIMMSHWKeyboard: isConnectedDexOnPC false
05-13 17:04:04.737  4216  4602 D InputMethodManagerService: isImeSwitcherDisabledPackage : false
05-13 17:04:04.738 18532 18532 D InputTransport: Input channel destroyed: 'ClientS', fd=116
05-13 17:04:04.738  4216  4602 D InputTransport: Input channel constructed: 'ClientS', fd=593
05-13 17:04:04.738  4216  4602 D InputTransport: Input channel constructed: 'ClientS', fd=612
05-13 17:04:04.739  4216  4602 D InputTransport: Input channel destroyed: 'ClientS', fd=612
05-13 17:04:04.745  3869  3869 D SurfaceFlinger: Display 0 HWC layers:
05-13 17:04:04.745  3869  3869 D SurfaceFlinger:      DEVICE | 0x7e253c55c0 | 0002 | RGBA_8888    |    0.0    0.0  720.0 1560.0 |    0    0  720 1560 | com.example.dogglers/com.example.dogglers.VerticalListActivity$_18960#0
05-13 17:04:04.745  3869  3869 D SurfaceFlinger:      DEVICE | 0x7da1415480 | 0002 | RGBA_8888    |    0.0    0.0  720.0 1560.0 |    0    0  720 1560 | Splash Screen com.example.dogglers#0
05-13 17:04:04.745  3869  3869 D SurfaceFlinger:      DEVICE | 0x7d822813c0 | 0000 | RGBA_8888    |    0.0    0.0  720.0   53.0 |    0    0  720   53 | StatusBar$_4581#0
05-13 17:04:04.745  3869  3869 D SurfaceFlinger:      DEVICE | 0x7e253c6100 | 0000 | RGBA_8888    |    0.0    0.0  720.0   84.0 |    0 1476  720 1560 | NavigationBar0$_4581#0
05-13 17:04:04.745  3869  3869 D SurfaceFlinger:      DEVICE | 0x7da1414300 | 0000 | RGBA_8888    |    0.0    0.0  720.0  101.0 |    0    0  720  101 | ScreenDecorOverlay$_4581#0
05-13 17:04:04.745  3869  3869 D SurfaceFlinger:      DEVICE | 0x7e253c6ec0 | 0000 | RGBA_8888    |    0.0    0.0  720.0  101.0 |    0 1459  720 1560 | ScreenDecorOverlayBottom$_4581#0
05-13 17:04:04.745  3869  3869 D SurfaceFlinger:
05-13 17:04:04.745 14897 20517 D InputTransport: Input channel constructed: 'ClientS', fd=99
05-13 17:04:04.749  4216  4602 D InputMethodManagerService: checkDisplayOfStartInputAndUpdateKeyboard display Id 0last 0
05-13 17:04:04.749  4216  4602 D InputTransport: Input channel constructed: 'ClientS', fd=612
05-13 17:04:04.749  4216  4602 D InputTransport: Input channel destroyed: 'ClientS', fd=612
05-13 17:04:04.750 18960 19002 D InputTransport: Input channel constructed: 'ClientS', fd=87
05-13 17:04:04.751 18960 18960 D InputMethodManager: prepareNavigationBarInfo() DecorView@dc52eeb[VerticalListActivity]
05-13 17:04:04.751 18960 18960 D InputMethodManager: getNavigationBarColor() -16711423
05-13 17:04:04.751 18960 18960 V InputMethodManager: Starting input: tba=com.example.dogglers ic=null mNaviBarColor -16711423 mIsGetNaviBarColorSuccess true , NavVisible : true , NavTrans : false
05-13 17:04:04.751 18960 18960 D InputMethodManager: startInputInner - Id : 0
05-13 17:04:04.753  4216  6355 I SurfaceControl: nativeRelease nativeObject s[493619426336]
05-13 17:04:04.753  4216  6355 I SurfaceControl: nativeRelease nativeObject e[493619426336]
05-13 17:04:04.754  3869  3916 I SurfaceFlinger: id=44870 createSurf (0x0),-1 flag=24004, Surface(name=6946458 InputMethod)/@0xac62e96 - animation-leash#1
05-13 17:04:04.756  4216  4241 I SurfaceControl: nativeRelease nativeObject s[493617308992]
05-13 17:04:04.756  4216  4241 I SurfaceControl: nativeRelease nativeObject e[493617308992]
05-13 17:04:04.757  4216  4241 I SurfaceControl: nativeRelease nativeObject s[493619430080]
05-13 17:04:04.757  4216  4241 I SurfaceControl: nativeRelease nativeObject e[493619430080]
05-13 17:04:04.758  3869  3916 I Layer   : id=44856 removeFromCurrentState Splash Screen com.example.dogglers#0 (76)
05-13 17:04:04.758  4216  4241 I SurfaceControl: nativeRelease nativeObject s[493619432000]
05-13 17:04:04.758  4216  4241 I SurfaceControl: nativeRelease nativeObject e[493619432000]
05-13 17:04:04.759 14897 14897 D InputMethodService: checkDisplayOfStartInputAndUpdateKeyboard display Id 0last 0
05-13 17:04:04.761  3869  5320 I Layer   : id=44852 removeFromCurrentState Surface(name=6946458 InputMethod)/@0xac62e96 - animation-leash#0 (76)
05-13 17:04:04.761  3869  5320 I Layer   : id=44855 removeFromCurrentState 66b1417 Splash Screen com.example.dogglers#0 (76)
05-13 17:04:04.761  3869  5320 I Layer   : id=44869 removeFromCurrentState Surface(name=66b1417 Splash Screen com.example.dogglers)/@0xcc2e82c - animation-leash#0 (76)
05-13 17:04:04.761  3869  5320 I SurfaceFlinger: id=44855 Removed 66b1417 Splash Screen com.example.dogglers#0 (76)
05-13 17:04:04.762  3869  5320 I SurfaceFlinger: id=44869 Removed Surface(name=66b1417 Splash Screen com.example.dogglers)/@0xcc2e82c - animation-leash#0 (76)
05-13 17:04:04.762  3869  5320 I SurfaceFlinger: id=44856 Removed Splash Screen com.example.dogglers#0 (76)
05-13 17:04:04.763 18960 18960 D IdlingResourceRegistry: All idling resources are idle.
05-13 17:04:04.763 18532 18532 I SurfaceControl: nativeRelease nativeObject s[493616124000]
05-13 17:04:04.763 18532 18532 I SurfaceControl: nativeRelease nativeObject e[493616124000]
05-13 17:04:04.764  3799  3805 E statsd  : Predicate -7037417284711607308 dropping data for dimension key (10)0x2010101->10342[I] (10)0x30000->*launch*[S]
05-13 17:04:04.765 18960 18960 W xample.doggler: Accessing hidden method Landroid/os/MessageQueue;->next()Landroid/os/Message; (greylist, reflection, allowed)
05-13 17:04:04.765 18960 18960 W xample.doggler: Accessing hidden field Landroid/os/MessageQueue;->mMessages:Landroid/os/Message; (greylist, reflection, allowed)
05-13 17:04:04.765 18960 18960 W xample.doggler: Accessing hidden method Landroid/os/Message;->recycleUnchecked()V (greylist, reflection, allowed)
05-13 17:04:04.767 18960 18960 D IdlingResourceRegistry: All idling resources are idle.
05-13 17:04:04.768  3869  3869 I Layer   : id=44869[1] Destroyed Surface(name=66b1417 Splash Screen com.example.dogglers)/@0xcc2e82c - animation-leash#0
05-13 17:04:04.768  3869  3869 I Layer   : id=44855[1] Destroyed 66b1417 Splash Screen com.example.dogglers#0
05-13 17:04:04.769 18532 18532 I ViewRootImpl@17cbfa6[MainActivity]: stopped(true) old=false
05-13 17:04:04.771  3869  3869 I Layer   : id=44856[1] Destroyed Splash Screen com.example.dogglers#0
05-13 17:04:04.775 18960 18960 W xample.doggler: Accessing hidden method Landroid/view/WindowManagerGlobal;->getInstance()Landroid/view/WindowManagerGlobal; (greylist, reflection, allowed)
05-13 17:04:04.776 18960 18960 W xample.doggler: Accessing hidden field Landroid/view/WindowManagerGlobal;->mViews:Ljava/util/ArrayList; (greylist, reflection, allowed)
05-13 17:04:04.776 18960 18960 W xample.doggler: Accessing hidden field Landroid/view/WindowManagerGlobal;->mParams:Ljava/util/ArrayList; (greylist, reflection, allowed)
05-13 17:04:04.776  3869  3869 D SurfaceFlinger: Display 0 HWC layers:
05-13 17:04:04.776  3869  3869 D SurfaceFlinger:      DEVICE | 0x7e253c5c00 | 0002 | RGBA_8888    |    0.0    0.0  720.0 1560.0 |    0    0  720 1560 | com.example.dogglers/com.example.dogglers.VerticalListActivity$_18960#0
05-13 17:04:04.776  3869  3869 D SurfaceFlinger:      DEVICE | 0x7d822813c0 | 0000 | RGBA_8888    |    0.0    0.0  720.0   53.0 |    0    0  720   53 | StatusBar$_4581#0
05-13 17:04:04.776  3869  3869 D SurfaceFlinger:      DEVICE | 0x7e253c6100 | 0000 | RGBA_8888    |    0.0    0.0  720.0   84.0 |    0 1476  720 1560 | NavigationBar0$_4581#0
05-13 17:04:04.776  3869  3869 D SurfaceFlinger:      DEVICE | 0x7da1414300 | 0000 | RGBA_8888    |    0.0    0.0  720.0  101.0 |    0    0  720  101 | ScreenDecorOverlay$_4581#0
05-13 17:04:04.776  3869  3869 D SurfaceFlinger:      DEVICE | 0x7e253c6ec0 | 0000 | RGBA_8888    |    0.0    0.0  720.0  101.0 |    0 1459  720 1560 | ScreenDecorOverlayBottom$_4581#0
05-13 17:04:04.776  3869  3869 D SurfaceFlinger:
05-13 17:04:04.784 18960 18960 I ViewInteraction: Checking 'com.example.dogglers.BaseTest$DrawableMatcher$RecyclerViewAssertion@f9e6426' assertion on view with id is <com.example.dogglers:id/vertical_recycler_view>
05-13 17:04:04.786 18960 18960 D LifecycleMonitor: Lifecycle status change: androidx.test.core.app.InstrumentationActivityInvoker$BootstrapActivity@78d7f32 in: STOPPED
05-13 17:04:04.786 18960 18960 D LifecycleMonitor: running callback: androidx.test.core.app.ActivityScenario$1@6ac9483
05-13 17:04:04.787 18960 18960 V ActivityScenario: Activity lifecycle changed event received but ignored because the intent does not match. startActivityIntent=Intent { act=android.intent.action.MAIN cat=[android.intent.category.LAUNCHER] cmp=com.example.dogglers/.VerticalListActivity }, activity.getIntent()=Intent { act=android.intent.action.MAIN cat=[android.intent.category.LAUNCHER] flg=0x10008000 cmp=com.example.dogglers/androidx.test.core.app.InstrumentationActivityInvoker$BootstrapActivity (has extras) }, activity=androidx.test.core.app.InstrumentationActivityInvoker$BootstrapActivity@78d7f32
05-13 17:04:04.787 18960 18960 D LifecycleMonitor: callback completes: androidx.test.core.app.ActivityScenario$1@6ac9483
05-13 17:04:04.797  4216  4602 D SamsungIMMSHWKeyboard: isConnectedDexOnPC false
05-13 17:04:04.797  4216  4602 D InputMethodManagerService: isImeSwitcherDisabledPackage : false
05-13 17:04:04.797 18960 18960 I SurfaceControl: nativeRelease nativeObject s[498381830624]
05-13 17:04:04.797 18960 18960 I SurfaceControl: nativeRelease nativeObject e[498381830624]
05-13 17:04:04.797 18960 18960 I SurfaceControl: nativeRelease nativeObject s[498381831776]
05-13 17:04:04.797 18960 18960 I SurfaceControl: nativeRelease nativeObject e[498381831776]
05-13 17:04:04.802  4216  4602 V WindowManager: Relayout Window{94f4253 u0 com.andrewshu.android.reddit/com.andrewshu.android.reddit.MainActivity}: viewVisibility=8 req=720x1560
05-13 17:04:04.806  4216  4602 V WindowManager: Relayout hash=94f4253, pid=18532: mAttrs={(0,0)(fillxfill) sim={state=always_hidden adjust=pan} ty=BASE_APPLICATION wanim=0x1030304
05-13 17:04:04.806  4216  4602 V WindowManager:   fl=81810100
05-13 17:04:04.806  4216  4602 V WindowManager:   pfl=12020000
05-13 17:04:04.806  4216  4602 V WindowManager:   fitSides= naviIconColor=0}
05-13 17:04:04.808 18532 18532 I SurfaceControl: assignNativeObject: nativeObject = 0 Surface(name=null)/@0xf4ff773 / android.view.SurfaceControl.readFromParcel:1117 android.view.IWindowSession$Stub$Proxy.relayout:1810 android.view.ViewRootImpl.relayoutWindow:9005 android.view.ViewRootImpl.performTraversals:3360 android.view.ViewRootImpl.doTraversal:2618 android.view.ViewRootImpl$TraversalRunnable.run:9971 android.view.Choreographer$CallbackRecord.run:1010 android.view.Choreographer.doCallbacks:809 android.view.Choreographer.doFrame:744 android.view.Choreographer$FrameDisplayEventReceiver.run:995
05-13 17:04:04.808 18532 18532 I SurfaceControl: assignNativeObject: nativeObject = 0 Surface(name=null)/@0x9018219 / android.view.SurfaceControl.readFromParcel:1117 android.view.IWindowSession$Stub$Proxy.relayout:1820 android.view.ViewRootImpl.relayoutWindow:9005 android.view.ViewRootImpl.performTraversals:3360 android.view.ViewRootImpl.doTraversal:2618 android.view.ViewRootImpl$TraversalRunnable.run:9971 android.view.Choreographer$CallbackRecord.run:1010 android.view.Choreographer.doCallbacks:809 android.view.Choreographer.doFrame:744 android.view.Choreographer$FrameDisplayEventReceiver.run:995
05-13 17:04:04.809 18532 18532 I ViewRootImpl@17cbfa6[MainActivity]: Relayout returned: old=(0,0,720,1560) new=(0,0,720,1560) req=(720,1560)8 dur=6 res=0x5 s={false 0} ch=false fn=-1
05-13 17:04:04.815 14897 14897 E FullInputEventModel: onStartInput event aborted: gc1: could not obtain extracted text (class gc1)
05-13 17:04:04.817  4216  6352 I SemDvfsHyPerManager: acquire hyper - AMS_ACT_START/4216@16, type = -999
05-13 17:04:04.817  3841  3871 I HYPER-HAL: [RequestManager.cpp]acquire(): Acquired ID : 8957044  [4216 / 16]    HINT : AMS_ACT_START    list :
05-13 17:04:04.818  3869  5014 I SurfaceFlinger: id=44871 createSurf (0x0),-1 flag=80004, ActivityRecord{3065c14 u0 com.example.dogglers/androidx.test.core.app.InstrumentationActivityInvoker$EmptyActivity t1074}#0
05-13 17:04:04.819  3841  3871 E HYPER-HAL: [HandlerSysfs.cpp]doResourceHandling(): Couldn't Open Sysfs - /sys/power/cstate_control
05-13 17:04:04.819  3841  3871 I HYPER-HAL: [ResourceManager.cpp]updateResource(): [CPUMinFreq] UpdateResource Request ID : 8957044    Value : 1560000
05-13 17:04:04.822  3799  3805 E statsd  : Predicate -7037417284711607308 dropping data for dimension key (10)0x2010101->10342[I] (10)0x30000->*launch*[S]
05-13 17:04:04.826  4216  6355 I SurfaceControl: nativeRelease nativeObject s[495839104480]
05-13 17:04:04.826  4216  6355 I SurfaceControl: nativeRelease nativeObject e[495839104480]
05-13 17:04:04.826  3869  3916 I Layer   : id=44848 removeFromCurrentState com.andrewshu.android.reddit/com.andrewshu.android.reddit.MainActivity$_18532#0 (74)
05-13 17:04:04.828 18532 23225 I System.out: (HTTPLog)-Static: isSBSettingEnabled false
05-13 17:04:04.828 18532 23225 I System.out: (HTTPLog)-Static: isSBSettingEnabled false
05-13 17:04:04.830 18960 18960 D LifecycleMonitor: Lifecycle status change: com.example.dogglers.VerticalListActivity@b5a3ac4 in: PAUSED
05-13 17:04:04.830 18960 18960 D LifecycleMonitor: running callback: androidx.test.core.app.ActivityScenario$1@6ac9483
05-13 17:04:04.830 18960 18960 V ActivityScenario: Update currentActivityStage to PAUSED, currentActivity=com.example.dogglers.VerticalListActivity@b5a3ac4
05-13 17:04:04.831 18960 18960 D LifecycleMonitor: callback completes: androidx.test.core.app.ActivityScenario$1@6ac9483
05-13 17:04:04.831  3869  3916 I SurfaceFlinger: id=44848 Removed com.andrewshu.android.reddit/com.andrewshu.android.reddit.MainActivity$_18532#0 (74)
05-13 17:04:04.834  4216  4602 V WindowOrientationListener: getProposedRotation: -1
05-13 17:04:04.835  4216  4602 V WindowOrientationListener: getProposedRotation: -1
05-13 17:04:04.835  3869  3869 I Layer   : id=44848[1] Destroyed com.andrewshu.android.reddit/com.andrewshu.android.reddit.MainActivity$_18532#0
05-13 17:04:04.836  4216  4602 V WindowOrientationListener: getProposedRotation: -1
05-13 17:04:04.838  4216  4602 D InputDispatcher: Focused application set to (0): 3065c14
05-13 17:04:04.849  4216  4238 D SehCodecSolutionService: Update top [com.example.dogglers]
05-13 17:04:04.856 18960 18960 D LifecycleMonitor: Lifecycle status change: androidx.test.core.app.InstrumentationActivityInvoker$EmptyActivity@9df6f80 in: PRE_ON_CREATE
05-13 17:04:04.856 18960 18960 D LifecycleMonitor: running callback: androidx.test.core.app.ActivityScenario$1@6ac9483
05-13 17:04:04.857 18960 18960 V ActivityScenario: Activity lifecycle changed event received but ignored because the intent does not match. startActivityIntent=Intent { act=android.intent.action.MAIN cat=[android.intent.category.LAUNCHER] cmp=com.example.dogglers/.VerticalListActivity }, activity.getIntent()=Intent { act=android.intent.action.MAIN cat=[android.intent.category.LAUNCHER] flg=0x10000000 cmp=com.example.dogglers/androidx.test.core.app.InstrumentationActivityInvoker$EmptyActivity }, activity=androidx.test.core.app.InstrumentationActivityInvoker$EmptyActivity@9df6f80
05-13 17:04:04.857 18960 18960 D LifecycleMonitor: callback completes: androidx.test.core.app.ActivityScenario$1@6ac9483
05-13 17:04:04.869  4216  4602 I InputDispatcher: Focus left window (18960): 13ff3f2 in display 0 0
05-13 17:04:04.901 18960 18960 I DecorView: [INFO] isPopOver=false, config=true
05-13 17:04:04.902 18960 18960 I DecorView: updateCaptionType >> DecorView@a3bd6f1[], isFloating=false, isApplication=true, hasWindowDecorCaption=false, hasWindowControllerCallback=true
05-13 17:04:04.902 18960 18960 D DecorView: setCaptionType = 0, this = DecorView@a3bd6f1[]
05-13 17:04:04.911 18960 18960 D LifecycleMonitor: Lifecycle status change: androidx.test.core.app.InstrumentationActivityInvoker$EmptyActivity@9df6f80 in: CREATED
05-13 17:04:04.911 18960 18960 D LifecycleMonitor: running callback: androidx.test.core.app.ActivityScenario$1@6ac9483
05-13 17:04:04.912 18960 18960 V ActivityScenario: Activity lifecycle changed event received but ignored because the intent does not match. startActivityIntent=Intent { act=android.intent.action.MAIN cat=[android.intent.category.LAUNCHER] cmp=com.example.dogglers/.VerticalListActivity }, activity.getIntent()=Intent { act=android.intent.action.MAIN cat=[android.intent.category.LAUNCHER] flg=0x10000000 cmp=com.example.dogglers/androidx.test.core.app.InstrumentationActivityInvoker$EmptyActivity }, activity=androidx.test.core.app.InstrumentationActivityInvoker$EmptyActivity@9df6f80
05-13 17:04:04.912 18960 18960 D LifecycleMonitor: callback completes: androidx.test.core.app.ActivityScenario$1@6ac9483
05-13 17:04:04.916 18960 18960 D LifecycleMonitor: Lifecycle status change: androidx.test.core.app.InstrumentationActivityInvoker$EmptyActivity@9df6f80 in: STARTED
05-13 17:04:04.916 18960 18960 D LifecycleMonitor: running callback: androidx.test.core.app.ActivityScenario$1@6ac9483
05-13 17:04:04.916 18960 18960 V ActivityScenario: Activity lifecycle changed event received but ignored because the intent does not match. startActivityIntent=Intent { act=android.intent.action.MAIN cat=[android.intent.category.LAUNCHER] cmp=com.example.dogglers/.VerticalListActivity }, activity.getIntent()=Intent { act=android.intent.action.MAIN cat=[android.intent.category.LAUNCHER] flg=0x10000000 cmp=com.example.dogglers/androidx.test.core.app.InstrumentationActivityInvoker$EmptyActivity }, activity=androidx.test.core.app.InstrumentationActivityInvoker$EmptyActivity@9df6f80
05-13 17:04:04.917 18960 18960 D LifecycleMonitor: callback completes: androidx.test.core.app.ActivityScenario$1@6ac9483
05-13 17:04:04.920 18960 18960 D LifecycleMonitor: Lifecycle status change: androidx.test.core.app.InstrumentationActivityInvoker$EmptyActivity@9df6f80 in: RESUMED
05-13 17:04:04.920 18960 18960 D LifecycleMonitor: running callback: androidx.test.core.app.ActivityScenario$1@6ac9483
05-13 17:04:04.921 18960 18960 V ActivityScenario: Activity lifecycle changed event received but ignored because the intent does not match. startActivityIntent=Intent { act=android.intent.action.MAIN cat=[android.intent.category.LAUNCHER] cmp=com.example.dogglers/.VerticalListActivity }, activity.getIntent()=Intent { act=android.intent.action.MAIN cat=[android.intent.category.LAUNCHER] flg=0x10000000 cmp=com.example.dogglers/androidx.test.core.app.InstrumentationActivityInvoker$EmptyActivity }, activity=androidx.test.core.app.InstrumentationActivityInvoker$EmptyActivity@9df6f80
05-13 17:04:04.921 18960 18960 D LifecycleMonitor: callback completes: androidx.test.core.app.ActivityScenario$1@6ac9483
05-13 17:04:04.928  4216  6378 D InputTransport: Input channel constructed: '7242498', fd=633
05-13 17:04:04.928  4216  6378 D InputTransport: Input channel constructed: '7242498', fd=670
05-13 17:04:04.930  3869  4272 I SurfaceFlinger: id=44872 createSurf (0x0),-1 flag=80004, 7242498 com.example.dogglers/androidx.test.core.app.InstrumentationActivityInvoker$EmptyActivity#0
05-13 17:04:04.930  4216  6378 D WindowManager: isScreenshotDisabledLocked - win: Window{7242498 u0 com.example.dogglers/androidx.test.core.app.InstrumentationActivityInvoker$EmptyActivity}
05-13 17:04:04.930  4216  6378 D WindowManager: isScreenshotDisabledLocked: userId = 0, disabled =false
05-13 17:04:04.931  4216  6378 D InputTransport: Input channel destroyed: '7242498', fd=670
05-13 17:04:04.931 18960 18960 D InputTransport: Input channel constructed: '7242498', fd=97
05-13 17:04:04.935 18960 18960 I ViewRootImpl@8d91c44[InstrumentationActivityInvoker$EmptyActivity]: setView = com.android.internal.policy.DecorView@a3bd6f1 TM=true
05-13 17:04:04.935 24680 25513 I FontLog : Received query Google Sans, URI content://com.google.android.gms.fonts [CONTEXT service_id=132 ]
05-13 17:04:04.937 24680 25513 I FontLog : Query [Google Sans] resolved to {Google Sans, wdth 100.0, wght 400, ital 0.0, bestEffort false} [CONTEXT service_id=132 ]
05-13 17:04:04.941  5712 19064 W adbd    : timed out while waiting for FUNCTIONFS_BIND, trying again
05-13 17:04:04.941  5712 19064 I adbd    : UsbFfs: connection terminated: monitor thread finished
05-13 17:04:04.941  5712  5712 I adbd    : UsbFfs: already offline
05-13 17:04:04.941  5712  5712 I adbd    : destroying transport UsbFfs
05-13 17:04:04.942  5712  5712 I adbd    : UsbFfsConnection being destroyed
05-13 17:04:04.950 24680 25513 I FontLog : Font PFD returned from cache for {Google Sans, wdth 100.0, wght 400, ital 0.0, bestEffort false} [CONTEXT service_id=132 ]
05-13 17:04:04.951  4216  6355 V WindowManager: Relayout Window{7242498 u0 com.example.dogglers/androidx.test.core.app.InstrumentationActivityInvoker$EmptyActivity}: viewVisibility=0 req=720x1560
05-13 17:04:04.951 24680 25513 I FontLog : Fetch {Google Sans, wdth 100.0, wght 400, ital 0.0, bestEffort false} end status Status{statusCode=SUCCESS, resolution=null} [CONTEXT service_id=132 ]
05-13 17:04:04.952  4216  6355 D WindowManager: isScreenshotDisabledLocked - win: Window{7242498 u0 com.example.dogglers/androidx.test.core.app.InstrumentationActivityInvoker$EmptyActivity}
05-13 17:04:04.952  4216  6355 D WindowManager: isScreenshotDisabledLocked: userId = 0, disabled =false
05-13 17:04:04.955  3869  4272 I SurfaceFlinger: id=44873 createSurf (720x1560),1 flag=404, com.example.dogglers/androidx.test.core.app.InstrumentationActivityInvoker$EmptyActivity$_18960#0
05-13 17:04:04.958  4216  6355 I SurfaceControl: nativeRelease nativeObject s[493615531424]
05-13 17:04:04.958  4216  6355 I SurfaceControl: nativeRelease nativeObject e[493615531424]
05-13 17:04:04.958  3869  4272 I SurfaceFlinger: id=44874 createSurf (0x0),-1 flag=24000, Surface(name=e46760d StatusBar)/@0xc36a394 - animation-leash#1
05-13 17:04:04.959  4216  6355 I SurfaceControl: nativeRelease nativeObject s[493616019520]
05-13 17:04:04.959  4216  6355 I SurfaceControl: nativeRelease nativeObject e[493616019520]
05-13 17:04:04.960  3869  4272 I SurfaceFlinger: id=44875 createSurf (0x0),-1 flag=24000, Surface(name=8cb84e5 NavigationBar0)/@0x90a7f83 - animation-leash#1
05-13 17:04:04.962  4216  6355 V WindowManager: Relayout hash=7242498, pid=18960: mAttrs={(0,0)(fillxfill) sim={adjust=pan forwardNavigation} ty=BASE_APPLICATION wanim=0x1030001
05-13 17:04:04.962  4216  6355 V WindowManager:   fl=1810100
05-13 17:04:04.962  4216  6355 V WindowManager:   pfl=12020000
05-13 17:04:04.962  4216  6355 V WindowManager:   fitSides= naviIconColor=0}
05-13 17:04:04.962  4216  6355 I SurfaceControl: nativeRelease nativeObject s[493801606432]
05-13 17:04:04.962  4216  6355 I SurfaceControl: nativeRelease nativeObject e[493801606432]
05-13 17:04:04.965 18960 18960 I SurfaceControl: assignNativeObject: nativeObject = 0 Surface(name=null)/@0xba5f12d / android.view.SurfaceControl.readFromParcel:1117 android.view.IWindowSession$Stub$Proxy.relayout:1820 android.view.ViewRootImpl.relayoutWindow:9005 android.view.ViewRootImpl.performTraversals:3360 android.view.ViewRootImpl.doTraversal:2618 android.view.ViewRootImpl$TraversalRunnable.run:9971 android.view.Choreographer$CallbackRecord.run:1010 android.view.Choreographer.doCallbacks:809 android.view.Choreographer.doFrame:744 android.view.Choreographer$FrameDisplayEventReceiver.run:995
05-13 17:04:04.968 18960 18960 I ViewRootImpl@8d91c44[InstrumentationActivityInvoker$EmptyActivity]: Relayout returned: old=(0,0,720,1560) new=(0,0,720,1560) req=(720,1560)0 dur=16 res=0x7 s={true 494171455488} ch=true fn=-1
05-13 17:04:04.972  3869  3916 I Layer   : id=44867 removeFromCurrentState Surface(name=e46760d StatusBar)/@0xc36a394 - animation-leash#0 (77)
05-13 17:04:04.972  3869  3916 I Layer   : id=44868 removeFromCurrentState Surface(name=8cb84e5 NavigationBar0)/@0x90a7f83 - animation-leash#0 (77)
05-13 17:04:04.974  3827 27783 D gralloc : [mali_gralloc_allocate] begin
05-13 17:04:04.974  3827 27783 D gralloc : buffer_descriptor: wh(720 1560) usage_pc(0x40000000000b00 0x40000000000b00) hal_format(0x1) layer_count(1) sizes(0 0 0) strde(0) byte_stride(0) alloc_wh(0 0) internal_format(0x0) alloc_format(0x0) fd_count(1) plane_count(0)
05-13 17:04:04.974 18960 18960 I ViewRootImpl@8d91c44[InstrumentationActivityInvoker$EmptyActivity]: [DP] dp(1) 1 android.view.ViewRootImpl.reportNextDraw:10957 android.view.ViewRootImpl.performTraversals:3845 android.view.ViewRootImpl.doTraversal:2618
05-13 17:04:04.974 18960 18960 I ViewRootImpl@8d91c44[InstrumentationActivityInvoker$EmptyActivity]: [DP] pd() Asnyc report
05-13 17:04:04.975  3827 27783 D gralloc : [mali_gralloc_allocate] allocation successful
05-13 17:04:04.975  5712  5717 I adbd    : opening control endpoint /dev/usb-ffs/adb/ep0
05-13 17:04:04.976  3827 27783 D gralloc : [mali_gralloc_allocate] begin
05-13 17:04:04.976  3827 27783 D gralloc : buffer_descriptor: wh(720 1560) usage_pc(0x40000000000b00 0x40000000000b00) hal_format(0x1) layer_count(1) sizes(0 0 0) strde(0) byte_stride(0) alloc_wh(0 0) internal_format(0x0) alloc_format(0x0) fd_count(1) plane_count(0)
05-13 17:04:04.977  3827 27783 D gralloc : [mali_gralloc_allocate] allocation successful
05-13 17:04:04.978  5712  5717 I adbd    : UsbFfsConnection constructed
05-13 17:04:04.980  3827 27783 D gralloc : [mali_gralloc_allocate] begin
05-13 17:04:04.980  3827 27783 D gralloc : buffer_descriptor: wh(720 1560) usage_pc(0x40000000000b00 0x40000000000b00) hal_format(0x1) layer_count(1) sizes(0 0 0) strde(0) byte_stride(0) alloc_wh(0 0) internal_format(0x0) alloc_format(0x0) fd_count(1) plane_count(0)
05-13 17:04:04.982  3827 27783 D gralloc : [mali_gralloc_allocate] allocation successful
05-13 17:04:04.983  5712 19121 I adbd    : UsbFfs-monitor thread spawned
05-13 17:04:04.987 18791 18821 I le.android.kee: Waiting for a blocking GC ProfileSaver
05-13 17:04:04.999 24680 25513 I FontLog : Pulling font file for id = 125, cache size = 4 [CONTEXT service_id=132 ]
05-13 17:04:05.018 18960 18960 I ViewRootImpl@8d91c44[InstrumentationActivityInvoker$EmptyActivity]: [DP] pdf(0) 1 android.view.ViewRootImpl.lambda$performDraw$1$ViewRootImpl:4668 android.view.-$$Lambda$ViewRootImpl$DJd0VUYJgsebcnSohO6h8zc_ONI.run:6 android.os.Handler.handleCallback:938
05-13 17:04:05.018 18960 18960 I ViewRootImpl@8d91c44[InstrumentationActivityInvoker$EmptyActivity]: [DP] rdf()
05-13 17:04:05.019 18960 18960 I ViewRootImpl@4726b24[VerticalListActivity]: MSG_WINDOW_FOCUS_CHANGED 0 1
05-13 17:04:05.024  4216  4241 D PkgPredictorService: pkg:com.example.dogglers activity:androidx.test.core.app.InstrumentationActivityInvoker$EmptyActivity thisTime:208
05-13 17:04:05.026  4216  4241 I SemDvfsHyPerManager: acquire hyper - AMS_RESUME_TAIL/4216@18, type = -999
05-13 17:04:05.026  4216  4245 I ActivityTaskManager: Displayed com.example.dogglers/androidx.test.core.app.InstrumentationActivityInvoker$EmptyActivity: +208ms
05-13 17:04:05.026  4216  4241 I SemDvfsHyPerManager: acquire hyper - AMS_ACT_LAZY/4216@19, type = -999
05-13 17:04:05.027  3841  3871 I HYPER-HAL: [RequestManager.cpp]acquire(): Acquired ID : 8965513  [4216 / 18]    HINT : AMS_RESUME_TAIL    list :
05-13 17:04:05.027  3841  3871 E HYPER-HAL: [HandlerSysfs.cpp]doResourceHandling(): Couldn't Open Sysfs - /sys/power/cstate_control
05-13 17:04:05.027  3841  3871 I HYPER-HAL: [ResourceManager.cpp]updateResource(): [CPUMinFreq] UpdateResource Request ID : 8965513    Value : 1560000
05-13 17:04:05.027  3841  3871 I HYPER-HAL: [RequestManager.cpp]acquire(): Acquired ID : 8969749  [4216 / 19]    HINT :      list :
05-13 17:04:05.028  3841  3871 E HYPER-HAL: [Request.cpp]acquire(): Request:: id : 8969749, No Resource to set
05-13 17:04:05.028  3841  3871 E HYPER-HAL: [HandlerSysfs.cpp]doResourceHandling(): Couldn't Open Sysfs - /sys/power/cstate_control
05-13 17:04:05.028  3841  3871 I HYPER-HAL: [ResourceManager.cpp]removeResource(): [CPUMinFreq] RemoveResource Request ID : 8957044
05-13 17:04:05.028  3841  3871 I HYPER-HAL: [RequestManager.cpp]releaseLocked(): Released ID : 8957044
05-13 17:04:05.034 18960 18960 I SurfaceControl: nativeRelease nativeObject s[498381834176]
05-13 17:04:05.034 18960 18960 I SurfaceControl: nativeRelease nativeObject e[498381834176]
05-13 17:04:05.034 18960 18960 I SurfaceControl: nativeRelease nativeObject s[498381834080]
05-13 17:04:05.034 18960 18960 I SurfaceControl: nativeRelease nativeObject e[498381834080]
05-13 17:04:05.034 18960 18960 I SurfaceControl: nativeRelease nativeObject s[498381833984]
05-13 17:04:05.034 18960 18960 I SurfaceControl: nativeRelease nativeObject e[498381833984]
05-13 17:04:05.035  3869  4272 I SurfaceFlinger: id=44868 Removed Surface(name=8cb84e5 NavigationBar0)/@0x90a7f83 - animation-leash#0 (77)
05-13 17:04:05.035  3869  3869 I Layer   : id=44868[1] Destroyed Surface(name=8cb84e5 NavigationBar0)/@0x90a7f83 - animation-leash#0
05-13 17:04:05.036  3869  5014 I SurfaceFlinger: id=44867 Removed Surface(name=e46760d StatusBar)/@0xc36a394 - animation-leash#0 (76)
05-13 17:04:05.037  4216  6378 I InputDispatcher: Focus entered window (18960): 7242498 in display 0 0
05-13 17:04:05.042  3869  3869 D SurfaceFlinger: Display 0 HWC layers:
05-13 17:04:05.042  3869  3869 D SurfaceFlinger:      DEVICE | 0x7da1415980 | 0002 | RGBA_8888    |    0.0    0.0  720.0 1560.0 |    0    0  720 1560 | com.example.dogglers/androidx.test.c[...]tivityInvoker$EmptyActivity$_18960#0
05-13 17:04:05.042  3869  3869 D SurfaceFlinger:      DEVICE | 0x7d822813c0 | 0000 | RGBA_8888    |    0.0    0.0  720.0   53.0 |    0    0  720   53 | StatusBar$_4581#0
05-13 17:04:05.042  3869  3869 D SurfaceFlinger:      DEVICE | 0x7e253c6100 | 0000 | RGBA_8888    |    0.0    0.0  720.0   84.0 |    0 1476  720 1560 | NavigationBar0$_4581#0
05-13 17:04:05.042  3869  3869 D SurfaceFlinger:      DEVICE | 0x7da1414300 | 0000 | RGBA_8888    |    0.0    0.0  720.0  101.0 |    0    0  720  101 | ScreenDecorOverlay$_4581#0
05-13 17:04:05.042  3869  3869 D SurfaceFlinger:      DEVICE | 0x7e253c6ec0 | 0000 | RGBA_8888    |    0.0    0.0  720.0  101.0 |    0 1459  720 1560 | ScreenDecorOverlayBottom$_4581#0
05-13 17:04:05.042  3869  3869 D SurfaceFlinger:
05-13 17:04:05.045  4216  4602 I SemDvfsHyPerManager: acquire hyper - AMS_ACT_START/4216@16, type = -999
05-13 17:04:05.045 18960 18960 I ViewRootImpl@4726b24[VerticalListActivity]: stopped(true) old=false
05-13 17:04:05.045  3841  3871 I HYPER-HAL: [RequestManager.cpp]acquire(): Acquired ID : 8957044  [4216 / 16]    HINT : AMS_ACT_START    list :
05-13 17:04:05.046  3841  3871 E HYPER-HAL: [HandlerSysfs.cpp]doResourceHandling(): Couldn't Open Sysfs - /sys/power/cstate_control
05-13 17:04:05.047  3841  3871 I HYPER-HAL: [ResourceManager.cpp]updateResource(): [CPUMinFreq] UpdateResource Request ID : 8957044    Value : 1560000
05-13 17:04:05.047 18960 18960 I SurfaceControl: nativeRelease nativeObject s[495734304096]
05-13 17:04:05.047 18960 18960 I SurfaceControl: nativeRelease nativeObject e[495734304096]
05-13 17:04:05.048  3869  4272 I SurfaceFlinger: id=44876 createSurf (0x0),-1 flag=80004, ActivityRecord{77cade3 u0 com.example.dogglers/androidx.test.core.app.InstrumentationActivityInvoker$EmptyActivity t1074}#0
05-13 17:04:05.048 18960 18960 D LifecycleMonitor: Lifecycle status change: com.example.dogglers.VerticalListActivity@b5a3ac4 in: STOPPED
05-13 17:04:05.048 18960 18960 D LifecycleMonitor: running callback: androidx.test.core.app.ActivityScenario$1@6ac9483
05-13 17:04:05.049 18960 18960 V ActivityScenario: Update currentActivityStage to STOPPED, currentActivity=com.example.dogglers.VerticalListActivity@b5a3ac4
05-13 17:04:05.049 18960 18960 D LifecycleMonitor: callback completes: androidx.test.core.app.ActivityScenario$1@6ac9483
05-13 17:04:05.051  3869  3869 I Layer   : id=44867[1] Destroyed Surface(name=e46760d StatusBar)/@0xc36a394 - animation-leash#0
05-13 17:04:05.053 18960 18960 D LifecycleMonitor: Lifecycle status change: com.example.dogglers.VerticalListActivity@b5a3ac4 in: DESTROYED
05-13 17:04:05.054 18960 18960 D LifecycleMonitor: running callback: androidx.test.core.app.ActivityScenario$1@6ac9483
05-13 17:04:05.054 18960 18960 V ActivityScenario: Update currentActivityStage to DESTROYED, currentActivity=null
05-13 17:04:05.054 18960 18960 D LifecycleMonitor: callback completes: androidx.test.core.app.ActivityScenario$1@6ac9483
05-13 17:04:05.063  3869  4272 E BufferQueueProducer: [com.example.dogglers/com.example.dogglers.VerticalListActivity$_18960#0](id:f1d0000213a,api:0,p:-1,c:3869) disconnect: not connected (req=1)
05-13 17:04:05.063 18960 19041 W libEGL  : EGLNativeWindowType 0x7373192010 disconnect failed
05-13 17:04:05.063 18960 18960 I ViewRootImpl@4726b24[VerticalListActivity]: dispatchDetachedFromWindow
05-13 17:04:05.064  4216  6355 D InputTransport: Input channel destroyed: '13ff3f2', fd=740
05-13 17:04:05.064  4216  6355 I SurfaceControl: nativeRelease nativeObject s[493801606624]
05-13 17:04:05.064  4216  6355 I SurfaceControl: nativeRelease nativeObject e[493801606624]
05-13 17:04:05.064  4216  6355 D WindowManager: isScreenshotDisabledLocked - win: Window{13ff3f2 u0 com.example.dogglers/com.example.dogglers.VerticalListActivity}
05-13 17:04:05.064  4216  6355 D WindowManager: isScreenshotDisabledLocked: userId = 0, disabled =false
05-13 17:04:05.064  4216  6355 I SurfaceControl: nativeRelease nativeObject s[493801609792]
05-13 17:04:05.064  4216  6355 I SurfaceControl: nativeRelease nativeObject e[493801609792]
05-13 17:04:05.065  3869  4272 I SurfaceFlinger: id=44877 createSurf (0x0),-1 flag=24004, Surface(name=6946458 InputMethod)/@0xac62e96 - animation-leash#0
05-13 17:04:05.066  4216  6355 I SurfaceControl: nativeRelease nativeObject s[493617122912]
05-13 17:04:05.066  4216  6355 I SurfaceControl: nativeRelease nativeObject e[493617122912]
05-13 17:04:05.066 16953 18945 I GOS:NetworkConnector: getGlobalPerfPolicyData(), request: PRD/v4/gos/devices/a20/policy?os_sdk_version=30&gms_version=110.041&gos_version=340400003, v4PolicyResponse: {"allowMoreHeat":{"state":"inherited"},"boostLaunch":{"bigTurboDuration":null,"bigTurboPolicy":null,"busFreq":null,"cpuFreq":null,"duration":null,"state":"inherited"},"boostResume":{"busFreq":null,"cpuFreq":null,"duration":null,"state":"inherited"},"boostTouch":{"state":"inherited"},"brightness":{"state":"inherited"},"clearBgProcess":{"surviveAppList":null,"state":"inherited"},"dfs":{"modeValues":null,"state":"inherited"},"externalSdk":{"state":"inherited"},"galleryCmhStop":{"state":"inherited"},"gameSdkResponse":{"state":"inherited","GAMESDKVERSION":-1,"GameSDKMode":-1,"MAX_LRP_TEMP":-1,"STEP1_TEMP_START":-1,"STEP2_TEMP_START":-1,"STEP3_TEMP_START":-1,"STEP1_TEMP_INC":-1,"STEP1_TEMP_DEC":-1,"STEP2_TEMP_INC":-1,"STEP2_TEMP_DEC":-1,"STEP3_TEMP_INC":-1,"STEP3_TEMP_DEC":-1,"STEP1_THRESHHOLD_INC":-1,"STEP1_THRESHHOLD_DEC":-1,"STEP2_THRESHHOLD_INC":-1,"STEP2_THRESHHOLD_DEC":-1,"STEP1_THERMAL_MIN_CPU_LEVEL":-1,"STEP1_THERMAL_MIN_GPU_LEVEL":-1,"STEP2_THERMAL_MIN_CPU_LEVEL":-1,"STEP2_THERMAL_MIN_GPU_LEVEL":-1,"STEP3_THERMAL_MIN_CPU_LEVEL":-1,"STEP3_THERMAL_MIN_GPU_LEVEL":-1,"STEP1_THERMAL_MAX_CPU_LEVEL":-1,"STEP1_THERMAL_MAX_GPU_LEVEL":-1,"STEP2_THERMAL_MAX_CPU_LEVEL":-1,"STEP2_THERMAL_MAX_GPU_LEVEL":-1,"STEP3_THERMAL_MAX_CPU_LEVEL":-1,"STEP3_THERMAL_MAX_GPU_LEVEL":-1,"GameSDKPMMode":-1,"USER_CPU_MIN_PERC":-1,"USER_GPU_MIN_PERC":-1},"gfiResponse":{"dfsOffset":{"enabled":false,"maximum":null,"minimum":null,"smoothness":null,"value":null},"gameFpsLimit":null,"gfiMinimumVersion":null,"gfpsOffset":{"enabled":false,"maximum":null,"minimum":null,"value":null},"mode":null,"smartDelay":null,"targetDfs":null,"state":"forcibly_disabled"},"governorSettings":{"state":"inherited"},"limitBgNetwork":{"state":"inherited"},"loggingPolicy":{"state":"inherited"},"mdSwitchWifiBlock":null,"mdnie":{"state":"inherited"},"networkWifiQos":{"tid":0,"state":"inherited"},"pkgName":null,"renderThreadAffinity":{"state":"inherited"},"resolution":{"type":"dss","state":"inherited","modeValues":{"optimized":100.0,"powerSave":100.0,"ultraPowerSave":100.0,"unmanaged":100.0}},"ringlog":{"mode":null,"state":"inherited"},"selectiveTargetResponse":{"state":"forcibly_disabled"},"shiftTemperature":{"value":null,"state":"inherited"},"siopResponse":{"cpu":null,"defaultMode":null,"gpu":null,"state":"inherited"},"spaResponse":{"enableCpuMinFreqControl":"0","enableGpuMinFreqControl":null,"ipmAllowDuringCharging":"1","ipmAllowMlOff":null,"ipmAllowShutdown":null,"ipmBottomFreqs":null,"ipmCpuMaxFreqs":null,"ipmCpuMinFreqs":null,"ipmCustomProfile":null,"ipmGpuMaxFreqs":null,"ipmGpuMinFreqs":null,"ipmGtlm":null,"ipmHighStabilityMode":null,"ipmInputTempType":null,"ipmRevertSIOPIfHigh":"0","ipmRevertSIOPIfLess":"-3","ipmRevertSIOPIfOver":"5","ipmSavePower":null,"ipmShutdownFreqMissmatch":null,"ipmStartWoutTrining":"1","ipmTargetLrpDefault":null,"ipmTargetLrpHigh":null,"ipmTargetPstDefault":"460","ipmTargetPstHigh":"470","ipmThermalControl":null,"ipmTrimGpuFregTable":null,"mode":null,"siopModes":[false, true, true],"targetPower":null,"useWhitelist":false,"state":"forcibly_enabled"},"targetGroupName":null,"tspResponse":{"touchHz":null,"state":"inherited"},"volumeControl":{"state":"inherited"},"vrrResponse":{"displayHz":null,"mode":null,"state":"inherited"}}
05-13 17:04:05.066  3869  5014 I Layer   : id=44866 removeFromCurrentState com.example.dogglers/com.example.dogglers.VerticalListActivity$_18960#0 (77)
05-13 17:04:05.067  3869  5014 I SurfaceFlinger: id=44866 Removed com.example.dogglers/com.example.dogglers.VerticalListActivity$_18960#0 (77)
05-13 17:04:05.069  3869  3869 I Layer   : id=44866[1] Destroyed com.example.dogglers/com.example.dogglers.VerticalListActivity$_18960#0
05-13 17:04:05.069  3869  5014 I Layer   : id=44865 removeFromCurrentState 13ff3f2 com.example.dogglers/com.example.dogglers.VerticalListActivity#0 (76)
05-13 17:04:05.070  3869  5014 I Layer   : id=44870 removeFromCurrentState Surface(name=6946458 InputMethod)/@0xac62e96 - animation-leash#1 (76)
05-13 17:04:05.070  3869  5014 I SurfaceFlinger: id=44865 Removed 13ff3f2 com.example.dogglers/com.example.dogglers.VerticalListActivity#0 (76)
05-13 17:04:05.071 18960 18960 D InputTransport: Input channel destroyed: '13ff3f2', fd=80
05-13 17:04:05.074  4216  6355 I SurfaceControl: nativeRelease nativeObject s[493619429792]
05-13 17:04:05.074  4216  6355 I SurfaceControl: nativeRelease nativeObject e[493619429792]
05-13 17:04:05.081 18960 18960 I ViewRootImpl@8d91c44[InstrumentationActivityInvoker$EmptyActivity]: MSG_WINDOW_FOCUS_CHANGED 1 1
05-13 17:04:05.081 18960 18960 D InputMethodManager: prepareNavigationBarInfo() DecorView@a3bd6f1[InstrumentationActivityInvoker$EmptyActivity]
05-13 17:04:05.081 18960 18960 D InputMethodManager: getNavigationBarColor() -16711423
05-13 17:04:05.082 18960 18960 D InputMethodManager: prepareNavigationBarInfo() DecorView@a3bd6f1[InstrumentationActivityInvoker$EmptyActivity]
05-13 17:04:05.082 18960 18960 D InputMethodManager: getNavigationBarColor() -16711423
05-13 17:04:05.082 18960 18960 V InputMethodManager: Starting input: tba=com.example.dogglers ic=null mNaviBarColor -16711423 mIsGetNaviBarColorSuccess true , NavVisible : true , NavTrans : false
05-13 17:04:05.083 18960 18960 D InputMethodManager: startInputInner - Id : 0
05-13 17:04:05.083  4216  4602 D PackageManager: setEnabledSetting : userId = 0 packageName = com.google.android.youtube cmp = androidx.work.impl.background.systemalarm.RescheduleReceiver newState = 1 callingPackage = 10155/com.google.android.youtube
05-13 17:04:05.083 18960 18960 I InputMethodManager: startInputInner - mService.startInputOrWindowGainedFocus
05-13 17:04:05.083  4216  4602 D InputMethodManagerService: mSecureKeypadEnabled = false
05-13 17:04:05.084  4216  4602 V InputMethodManagerService: hideCurrentInputLocked : shouldHideSoftInput is false
05-13 17:04:05.085  3869  3869 I Layer   : id=44865[1] Destroyed 13ff3f2 com.example.dogglers/com.example.dogglers.VerticalListActivity#0
05-13 17:04:05.085  4216  4602 D InputMethodManagerService: mDesktopModeManager null!
05-13 17:04:05.085  4216  4602 V InputMethodManagerService: getDisplayIdOfInputMethodWindowToBeAdded : 0
05-13 17:04:05.085  4216  4602 D InputMethodManagerService: checkDisplayOfStartInputAndUpdateKeyboard display Id 0last 0
05-13 17:04:05.085  4216  4602 D InputTransport: Input channel constructed: 'ClientS', fd=670
05-13 17:04:05.085  3869  5014 I Layer   : id=44864 removeFromCurrentState ActivityRecord{49a3df u0 com.example.dogglers/.VerticalListActivity t1074}#0 (75)
05-13 17:04:05.085  4216  4602 D InputTransport: Input channel destroyed: 'ClientS', fd=670
05-13 17:04:05.086  3869  5014 I SurfaceFlinger: id=44864 Removed ActivityRecord{49a3df u0 com.example.dogglers/.VerticalListActivity t1074}#0 (75)
05-13 17:04:05.086 18960 18960 D InputTransport: Input channel constructed: 'ClientS', fd=80
05-13 17:04:05.086 18960 18960 D InputTransport: Input channel destroyed: 'ClientS', fd=87
05-13 17:04:05.087  4216  4602 I SurfaceControl: nativeRelease nativeObject s[493801611712]
05-13 17:04:05.087  4216  4602 I SurfaceControl: nativeRelease nativeObject e[493801611712]
05-13 17:04:05.087  3869  4272 I SurfaceFlinger: id=44878 createSurf (0x0),-1 flag=24004, Surface(name=6946458 InputMethod)/@0xac62e96 - animation-leash#1
05-13 17:04:05.089 14897 14897 D InputMethodService: checkDisplayOfStartInputAndUpdateKeyboard display Id 0last 0
05-13 17:04:05.090 18960 18960 D LifecycleMonitor: Lifecycle status change: androidx.test.core.app.InstrumentationActivityInvoker$EmptyActivity@9df6f80 in: PAUSED
05-13 17:04:05.090 18960 18960 D LifecycleMonitor: running callback: androidx.test.core.app.ActivityScenario$1@6ac9483
05-13 17:04:05.090 18960 18960 V ActivityScenario: Activity lifecycle changed event received but ignored because the intent does not match. startActivityIntent=Intent { act=android.intent.action.MAIN cat=[android.intent.category.LAUNCHER] cmp=com.example.dogglers/.VerticalListActivity }, activity.getIntent()=Intent { act=android.intent.action.MAIN cat=[android.intent.category.LAUNCHER] flg=0x10000000 cmp=com.example.dogglers/androidx.test.core.app.InstrumentationActivityInvoker$EmptyActivity }, activity=androidx.test.core.app.InstrumentationActivityInvoker$EmptyActivity@9df6f80
05-13 17:04:05.090 18960 18960 D LifecycleMonitor: callback completes: androidx.test.core.app.ActivityScenario$1@6ac9483
05-13 17:04:05.094  4216  4602 V WindowOrientationListener: getProposedRotation: -1
05-13 17:04:05.094  4216  4602 V WindowOrientationListener: getProposedRotation: -1
05-13 17:04:05.095  4216  4602 V WindowOrientationListener: getProposedRotation: -1
05-13 17:04:05.097  4216  4602 D InputDispatcher: Focused application set to (0): 77cade3
05-13 17:04:05.101  3869  3869 I Layer   : id=44864[1] Destroyed ActivityRecord{49a3df u0 com.example.dogglers/.VerticalListActivity t1074}#0
05-13 17:04:05.103  3869  4272 I Layer   : id=44877 removeFromCurrentState Surface(name=6946458 InputMethod)/@0xac62e96 - animation-leash#0 (75)
05-13 17:04:05.111 18960 18960 D LifecycleMonitor: Lifecycle status change: androidx.test.core.app.InstrumentationActivityInvoker$BootstrapActivity@78d7f32 in: DESTROYED
05-13 17:04:05.111 18960 18960 D LifecycleMonitor: running callback: androidx.test.core.app.ActivityScenario$1@6ac9483
05-13 17:04:05.111 18960 18960 V ActivityScenario: Activity lifecycle changed event received but ignored because the intent does not match. startActivityIntent=Intent { act=android.intent.action.MAIN cat=[android.intent.category.LAUNCHER] cmp=com.example.dogglers/.VerticalListActivity }, activity.getIntent()=Intent { act=android.intent.action.MAIN cat=[android.intent.category.LAUNCHER] flg=0x10008000 cmp=com.example.dogglers/androidx.test.core.app.InstrumentationActivityInvoker$BootstrapActivity (has extras) }, activity=androidx.test.core.app.InstrumentationActivityInvoker$BootstrapActivity@78d7f32
05-13 17:04:05.112 18960 18960 D LifecycleMonitor: callback completes: androidx.test.core.app.ActivityScenario$1@6ac9483
