05-13 17:04:05.113  4216  4602 I SurfaceControl: nativeRelease nativeObject s[493617118496]
05-13 17:04:05.113  4216  4602 I SurfaceControl: nativeRelease nativeObject e[493617118496]
05-13 17:04:05.117  3869  4272 I Layer   : id=44854 removeFromCurrentState ActivityRecord{bad1327 u0 com.example.dogglers/androidx.test.core.app.InstrumentationActivityInvoker$BootstrapActivity t1074}#0 (75)
05-13 17:04:05.117  3869  4272 I SurfaceFlinger: id=44854 Removed ActivityRecord{bad1327 u0 com.example.dogglers/androidx.test.core.app.InstrumentationActivityInvoker$BootstrapActivity t1074}#0 (75)
05-13 17:04:05.118  3869  3869 I Layer   : id=44854[1] Destroyed ActivityRecord{bad1327 u0 com.example.dogglers/androidx.test.core.app.InstrumentationActivityInvoker$BootstrapActivity t1074}#0
05-13 17:04:05.119  4216  6352 I InputDispatcher: Focus left window (18960): 7242498 in display 0 0
05-13 17:04:05.121 18960 18960 D LifecycleMonitor: Lifecycle status change: androidx.test.core.app.InstrumentationActivityInvoker$EmptyActivity@528fc4f in: PRE_ON_CREATE
05-13 17:04:05.121 18960 18960 D LifecycleMonitor: running callback: androidx.test.core.app.ActivityScenario$1@6ac9483
05-13 17:04:05.122 18960 18960 V ActivityScenario: Activity lifecycle changed event received but ignored because the intent does not match. startActivityIntent=Intent { act=android.intent.action.MAIN cat=[android.intent.category.LAUNCHER] cmp=com.example.dogglers/.VerticalListActivity }, activity.getIntent()=Intent { act=android.intent.action.MAIN cat=[android.intent.category.LAUNCHER] flg=0x10000000 cmp=com.example.dogglers/androidx.test.core.app.InstrumentationActivityInvoker$EmptyActivity }, activity=androidx.test.core.app.InstrumentationActivityInvoker$EmptyActivity@528fc4f
05-13 17:04:05.122 18960 18960 D LifecycleMonitor: callback completes: androidx.test.core.app.ActivityScenario$1@6ac9483
05-13 17:04:05.128 18612 18667 I android.youtub: WaitForGcToComplete blocked ProfileSaver on ClassLinker for 2.833s
05-13 17:04:05.136 18612 18915 I android.youtub: Waiting for a blocking GC ClassLinker
05-13 17:04:05.136 18612 19061 I android.youtub: Waiting for a blocking GC ClassLinker
05-13 17:04:05.164 18960 18960 I DecorView: [INFO] isPopOver=false, config=true
05-13 17:04:05.164 18960 18960 I DecorView: updateCaptionType >> DecorView@17118e5[], isFloating=false, isApplication=true, hasWindowDecorCaption=false, hasWindowControllerCallback=true
05-13 17:04:05.164 18960 18960 D DecorView: setCaptionType = 0, this = DecorView@17118e5[]
05-13 17:04:05.174 18960 18960 D LifecycleMonitor: Lifecycle status change: androidx.test.core.app.InstrumentationActivityInvoker$EmptyActivity@528fc4f in: CREATED
05-13 17:04:05.174 18960 18960 D LifecycleMonitor: running callback: androidx.test.core.app.ActivityScenario$1@6ac9483
05-13 17:04:05.174 18960 18960 V ActivityScenario: Activity lifecycle changed event received but ignored because the intent does not match. startActivityIntent=Intent { act=android.intent.action.MAIN cat=[android.intent.category.LAUNCHER] cmp=com.example.dogglers/.VerticalListActivity }, activity.getIntent()=Intent { act=android.intent.action.MAIN cat=[android.intent.category.LAUNCHER] flg=0x10000000 cmp=com.example.dogglers/androidx.test.core.app.InstrumentationActivityInvoker$EmptyActivity }, activity=androidx.test.core.app.InstrumentationActivityInvoker$EmptyActivity@528fc4f
05-13 17:04:05.175 18960 18960 D LifecycleMonitor: callback completes: androidx.test.core.app.ActivityScenario$1@6ac9483
05-13 17:04:05.179 18960 18960 D LifecycleMonitor: Lifecycle status change: androidx.test.core.app.InstrumentationActivityInvoker$EmptyActivity@528fc4f in: STARTED
05-13 17:04:05.179 18960 18960 D LifecycleMonitor: running callback: androidx.test.core.app.ActivityScenario$1@6ac9483
05-13 17:04:05.180 18960 18960 V ActivityScenario: Activity lifecycle changed event received but ignored because the intent does not match. startActivityIntent=Intent { act=android.intent.action.MAIN cat=[android.intent.category.LAUNCHER] cmp=com.example.dogglers/.VerticalListActivity }, activity.getIntent()=Intent { act=android.intent.action.MAIN cat=[android.intent.category.LAUNCHER] flg=0x10000000 cmp=com.example.dogglers/androidx.test.core.app.InstrumentationActivityInvoker$EmptyActivity }, activity=androidx.test.core.app.InstrumentationActivityInvoker$EmptyActivity@528fc4f
05-13 17:04:05.180 18960 18960 D LifecycleMonitor: callback completes: androidx.test.core.app.ActivityScenario$1@6ac9483
05-13 17:04:05.183 18960 18960 D LifecycleMonitor: Lifecycle status change: androidx.test.core.app.InstrumentationActivityInvoker$EmptyActivity@528fc4f in: RESUMED
05-13 17:04:05.183 18960 18960 D LifecycleMonitor: running callback: androidx.test.core.app.ActivityScenario$1@6ac9483
05-13 17:04:05.183 18960 18960 V ActivityScenario: Activity lifecycle changed event received but ignored because the intent does not match. startActivityIntent=Intent { act=android.intent.action.MAIN cat=[android.intent.category.LAUNCHER] cmp=com.example.dogglers/.VerticalListActivity }, activity.getIntent()=Intent { act=android.intent.action.MAIN cat=[android.intent.category.LAUNCHER] flg=0x10000000 cmp=com.example.dogglers/androidx.test.core.app.InstrumentationActivityInvoker$EmptyActivity }, activity=androidx.test.core.app.InstrumentationActivityInvoker$EmptyActivity@528fc4f
05-13 17:04:05.183 18960 18960 D LifecycleMonitor: callback completes: androidx.test.core.app.ActivityScenario$1@6ac9483
05-13 17:04:05.190  4216  6882 D InputTransport: Input channel constructed: 'b9cfc2f', fd=721
05-13 17:04:05.190  4216  6882 D InputTransport: Input channel constructed: 'b9cfc2f', fd=740
05-13 17:04:05.191  3869  4272 I SurfaceFlinger: id=44879 createSurf (0x0),-1 flag=80004, b9cfc2f com.example.dogglers/androidx.test.core.app.InstrumentationActivityInvoker$EmptyActivity#0
05-13 17:04:05.192  4216  6882 D WindowManager: isScreenshotDisabledLocked - win: Window{b9cfc2f u0 com.example.dogglers/androidx.test.core.app.InstrumentationActivityInvoker$EmptyActivity}
05-13 17:04:05.192  4216  6882 D WindowManager: isScreenshotDisabledLocked: userId = 0, disabled =false
05-13 17:04:05.192  4216  6882 D InputTransport: Input channel destroyed: 'b9cfc2f', fd=740
05-13 17:04:05.193 18960 18960 D InputTransport: Input channel constructed: 'b9cfc2f', fd=84
05-13 17:04:05.195 18960 18960 I ViewRootImpl@213edc8[InstrumentationActivityInvoker$EmptyActivity]: setView = com.android.internal.policy.DecorView@17118e5 TM=true
05-13 17:04:05.199  4216  4602 D SamsungIMMSHWKeyboard: isConnectedDexOnPC false
05-13 17:04:05.199  4216  4602 D InputMethodManagerService: isImeSwitcherDisabledPackage : false
05-13 17:04:05.199 18960 18960 I SurfaceControl: nativeRelease nativeObject s[494256917376]
05-13 17:04:05.200 18960 18960 I SurfaceControl: nativeRelease nativeObject e[494256917376]
05-13 17:04:05.200 18960 18960 I SurfaceControl: nativeRelease nativeObject s[494256917280]
05-13 17:04:05.200 18960 18960 I SurfaceControl: nativeRelease nativeObject e[494256917280]
05-13 17:04:05.210  4216  4602 V WindowManager: Relayout Window{b9cfc2f u0 com.example.dogglers/androidx.test.core.app.InstrumentationActivityInvoker$EmptyActivity}: viewVisibility=0 req=720x1560
05-13 17:04:05.213  4216  4602 D WindowManager: isScreenshotDisabledLocked - win: Window{b9cfc2f u0 com.example.dogglers/androidx.test.core.app.InstrumentationActivityInvoker$EmptyActivity}
05-13 17:04:05.213  4216  4602 D WindowManager: isScreenshotDisabledLocked: userId = 0, disabled =false
05-13 17:04:05.214  3869  4272 I SurfaceFlinger: id=44880 createSurf (720x1560),1 flag=404, com.example.dogglers/androidx.test.core.app.InstrumentationActivityInvoker$EmptyActivity$_18960#1
05-13 17:04:05.217  4216  4602 I SurfaceControl: nativeRelease nativeObject s[493801611808]
05-13 17:04:05.217  4216  4602 I SurfaceControl: nativeRelease nativeObject e[493801611808]
05-13 17:04:05.218  3869  5014 I SurfaceFlinger: id=44881 createSurf (0x0),-1 flag=24000, Surface(name=e46760d StatusBar)/@0xc36a394 - animation-leash#0
05-13 17:04:05.219  4216  4602 I SurfaceControl: nativeRelease nativeObject s[493801611904]
05-13 17:04:05.219  4216  4602 I SurfaceControl: nativeRelease nativeObject e[493801611904]
05-13 17:04:05.220  3869  5014 I SurfaceFlinger: id=44882 createSurf (0x0),-1 flag=24000, Surface(name=8cb84e5 NavigationBar0)/@0x90a7f83 - animation-leash#0
05-13 17:04:05.223  4216  4602 V WindowManager: Relayout hash=b9cfc2f, pid=18960: mAttrs={(0,0)(fillxfill) sim={adjust=pan forwardNavigation} ty=BASE_APPLICATION wanim=0x1030001
05-13 17:04:05.223  4216  4602 V WindowManager:   fl=1810100
05-13 17:04:05.223  4216  4602 V WindowManager:   pfl=12020000
05-13 17:04:05.223  4216  4602 V WindowManager:   fitSides= naviIconColor=0}
05-13 17:04:05.223  4216  4602 I SurfaceControl: nativeRelease nativeObject s[493801611712]
05-13 17:04:05.223  4216  4602 I SurfaceControl: nativeRelease nativeObject e[493801611712]
05-13 17:04:05.225  3869  5014 I Layer   : id=44874 removeFromCurrentState Surface(name=e46760d StatusBar)/@0xc36a394 - animation-leash#1 (78)
05-13 17:04:05.225  3869  5014 I Layer   : id=44875 removeFromCurrentState Surface(name=8cb84e5 NavigationBar0)/@0x90a7f83 - animation-leash#1 (78)
05-13 17:04:05.226 18960 18960 I SurfaceControl: assignNativeObject: nativeObject = 0 Surface(name=null)/@0x59f5e61 / android.view.SurfaceControl.readFromParcel:1117 android.view.IWindowSession$Stub$Proxy.relayout:1820 android.view.ViewRootImpl.relayoutWindow:9005 android.view.ViewRootImpl.performTraversals:3360 android.view.ViewRootImpl.doTraversal:2618 android.view.ViewRootImpl$TraversalRunnable.run:9971 android.view.Choreographer$CallbackRecord.run:1010 android.view.Choreographer.doCallbacks:809 android.view.Choreographer.doFrame:744 android.view.Choreographer$FrameDisplayEventReceiver.run:995
05-13 17:04:05.228 18960 18960 I ViewRootImpl@213edc8[InstrumentationActivityInvoker$EmptyActivity]: Relayout returned: old=(0,0,720,1560) new=(0,0,720,1560) req=(720,1560)0 dur=17 res=0x7 s={true 494171463680} ch=true fn=-1
05-13 17:04:05.232  3827 27783 D gralloc : [mali_gralloc_allocate] begin
05-13 17:04:05.232  3827 27783 D gralloc : buffer_descriptor: wh(720 1560) usage_pc(0x40000000000b00 0x40000000000b00) hal_format(0x1) layer_count(1) sizes(0 0 0) strde(0) byte_stride(0) alloc_wh(0 0) internal_format(0x0) alloc_format(0x0) fd_count(1) plane_count(0)
05-13 17:04:05.233 18960 18960 I ViewRootImpl@213edc8[InstrumentationActivityInvoker$EmptyActivity]: [DP] dp(1) 1 android.view.ViewRootImpl.reportNextDraw:10957 android.view.ViewRootImpl.performTraversals:3845 android.view.ViewRootImpl.doTraversal:2618
05-13 17:04:05.234 18960 18960 I ViewRootImpl@213edc8[InstrumentationActivityInvoker$EmptyActivity]: [DP] pd() Asnyc report
05-13 17:04:05.236  3827 27783 D gralloc : [mali_gralloc_allocate] allocation successful
05-13 17:04:05.237  3827 27783 D gralloc : [mali_gralloc_allocate] begin
05-13 17:04:05.237  3827 27783 D gralloc : buffer_descriptor: wh(720 1560) usage_pc(0x40000000000b00 0x40000000000b00) hal_format(0x1) layer_count(1) sizes(0 0 0) strde(0) byte_stride(0) alloc_wh(0 0) internal_format(0x0) alloc_format(0x0) fd_count(1) plane_count(0)
05-13 17:04:05.242  3827 27783 D gralloc : [mali_gralloc_allocate] allocation successful
05-13 17:04:05.243 18960 18960 I ViewRootImpl@213edc8[InstrumentationActivityInvoker$EmptyActivity]: [DP] pdf(0) 1 android.view.ViewRootImpl.lambda$performDraw$1$ViewRootImpl:4668 android.view.-$$Lambda$ViewRootImpl$DJd0VUYJgsebcnSohO6h8zc_ONI.run:6 android.os.Handler.handleCallback:938
05-13 17:04:05.243 18960 18960 I ViewRootImpl@213edc8[InstrumentationActivityInvoker$EmptyActivity]: [DP] rdf()
05-13 17:04:05.244  3827  3827 D gralloc : [mali_gralloc_allocate] begin
05-13 17:04:05.244  3827  3827 D gralloc : buffer_descriptor: wh(720 1560) usage_pc(0x40000000000b00 0x40000000000b00) hal_format(0x1) layer_count(1) sizes(0 0 0) strde(0) byte_stride(0) alloc_wh(0 0) internal_format(0x0) alloc_format(0x0) fd_count(1) plane_count(0)
05-13 17:04:05.245 18960 18960 I ViewRootImpl@8d91c44[InstrumentationActivityInvoker$EmptyActivity]: MSG_WINDOW_FOCUS_CHANGED 0 1
05-13 17:04:05.247 14897 14897 E FullInputEventModel: onStartInput event aborted: gc1: could not obtain extracted text (class gc1)
05-13 17:04:05.249  3827  3827 D gralloc : [mali_gralloc_allocate] allocation successful
05-13 17:04:05.249  4216  4241 D PkgPredictorService: pkg:com.example.dogglers activity:androidx.test.core.app.InstrumentationActivityInvoker$EmptyActivity thisTime:206
05-13 17:04:05.251  4216  4241 I SemDvfsHyPerManager: acquire hyper - AMS_RESUME_TAIL/4216@18, type = -999
05-13 17:04:05.251  4216  4245 I ActivityTaskManager: Displayed com.example.dogglers/androidx.test.core.app.InstrumentationActivityInvoker$EmptyActivity: +206ms
05-13 17:04:05.251  4216  4241 I SemDvfsHyPerManager: acquire hyper - AMS_ACT_LAZY/4216@19, type = -999
05-13 17:04:05.251  3841  3871 I HYPER-HAL: [RequestManager.cpp]acquire(): Acquired ID : 8965513  [4216 / 18]    HINT : AMS_RESUME_TAIL    list :
05-13 17:04:05.251  3841  3871 E HYPER-HAL: [HandlerSysfs.cpp]doResourceHandling(): Couldn't Open Sysfs - /sys/power/cstate_control
05-13 17:04:05.251  3841  3871 I HYPER-HAL: [ResourceManager.cpp]updateResource(): [CPUMinFreq] UpdateResource Request ID : 8965513    Value : 1560000
05-13 17:04:05.252  3841  3871 I HYPER-HAL: [RequestManager.cpp]acquire(): Acquired ID : 8969749  [4216 / 19]    HINT :      list :
05-13 17:04:05.252  3841  3871 E HYPER-HAL: [Request.cpp]acquire(): Request:: id : 8969749, No Resource to set
05-13 17:04:05.253  3841  3871 E HYPER-HAL: [HandlerSysfs.cpp]doResourceHandling(): Couldn't Open Sysfs - /sys/power/cstate_control
05-13 17:04:05.254  4216  4454 I ChimeraAggressivePolicyHandler: executePolicy() - triggerSource: TRIGGER_SOURCE_LMKD
05-13 17:04:05.254  4216  4454 I ChimeraAggressivePolicyHandler: available memory log: 576940, free memory target: 628736
05-13 17:04:05.254  4216  4454 I ChimeraAggressivePolicyHandler: memAvailable: 576940, memFreeTarget: 628736, releaseTarget:51796, protectedLruCount: 8
05-13 17:04:05.255  3841  3871 I HYPER-HAL: [ResourceManager.cpp]removeResource(): [CPUMinFreq] RemoveResource Request ID : 8957044
05-13 17:04:05.255  3841  3871 I HYPER-HAL: [RequestManager.cpp]releaseLocked(): Released ID : 8957044
05-13 17:04:05.261 18960 18960 I SurfaceControl: nativeRelease nativeObject s[495734300928]
05-13 17:04:05.261 18960 18960 I SurfaceControl: nativeRelease nativeObject e[495734300928]
05-13 17:04:05.261 18960 18960 I SurfaceControl: nativeRelease nativeObject s[494256917568]
05-13 17:04:05.261 18960 18960 I SurfaceControl: nativeRelease nativeObject e[494256917568]
05-13 17:04:05.261 18960 18960 I SurfaceControl: nativeRelease nativeObject s[494256917472]
05-13 17:04:05.261 18960 18960 I SurfaceControl: nativeRelease nativeObject e[494256917472]
05-13 17:04:05.261  3869  5014 I SurfaceFlinger: id=44875 Removed Surface(name=8cb84e5 NavigationBar0)/@0x90a7f83 - animation-leash#1 (78)
05-13 17:04:05.261  3869  5014 I SurfaceFlinger: id=44874 Removed Surface(name=e46760d StatusBar)/@0xc36a394 - animation-leash#1 (78)
05-13 17:04:05.268  3869  3869 I Layer   : id=44874[1] Destroyed Surface(name=e46760d StatusBar)/@0xc36a394 - animation-leash#1
05-13 17:04:05.268  3869  3869 I Layer   : id=44875[1] Destroyed Surface(name=8cb84e5 NavigationBar0)/@0x90a7f83 - animation-leash#1
05-13 17:04:05.269  4216  6352 I InputDispatcher: Focus entered window (18960): b9cfc2f in display 0 0
05-13 17:04:05.274  3869  3869 D SurfaceFlinger: Display 0 HWC layers:
05-13 17:04:05.274  3869  3869 D SurfaceFlinger:      DEVICE | 0x7da1413f40 | 0002 | RGBA_8888    |    0.0    0.0  720.0 1560.0 |    0    0  720 1560 | com.example.dogglers/androidx.test.c[...]tivityInvoker$EmptyActivity$_18960#1
05-13 17:04:05.274  3869  3869 D SurfaceFlinger:      DEVICE | 0x7d822813c0 | 0000 | RGBA_8888    |    0.0    0.0  720.0   53.0 |    0    0  720   53 | StatusBar$_4581#0
05-13 17:04:05.274  3869  3869 D SurfaceFlinger:      DEVICE | 0x7e253c6100 | 0000 | RGBA_8888    |    0.0    0.0  720.0   84.0 |    0 1476  720 1560 | NavigationBar0$_4581#0
05-13 17:04:05.274  3869  3869 D SurfaceFlinger:      DEVICE | 0x7da1414300 | 0000 | RGBA_8888    |    0.0    0.0  720.0  101.0 |    0    0  720  101 | ScreenDecorOverlay$_4581#0
05-13 17:04:05.274  3869  3869 D SurfaceFlinger:      DEVICE | 0x7e253c6ec0 | 0000 | RGBA_8888    |    0.0    0.0  720.0  101.0 |    0 1459  720 1560 | ScreenDecorOverlayBottom$_4581#0
05-13 17:04:05.274  3869  3869 D SurfaceFlinger:
05-13 17:04:05.276  4216  4454 I LocationManagerService: getGPSUsingApps() called
05-13 17:04:05.276  4216  4454 I NSLocationMonitor: getGPSUsingApps() called
05-13 17:04:05.285  3869  5014 E BufferQueueProducer: [com.example.dogglers/androidx.test.core.app.InstrumentationActivityInvoker$EmptyActivity$_18960#0](id:f1d0000213b,api:0,p:-1,c:3869) disconnect: not connected (req=1)
05-13 17:04:05.285 18960 19041 W libEGL  : EGLNativeWindowType 0x730eea0010 disconnect failed
05-13 17:04:05.286  4216  6352 V WindowManager: Relayout Window{7242498 u0 com.example.dogglers/androidx.test.core.app.InstrumentationActivityInvoker$EmptyActivity}: viewVisibility=8 req=720x1560
05-13 17:04:05.290  4216  6352 V WindowManager: Relayout hash=7242498, pid=18960: mAttrs={(0,0)(fillxfill) sim={adjust=pan forwardNavigation} ty=BASE_APPLICATION wanim=0x1030001
05-13 17:04:05.290  4216  6352 V WindowManager:   fl=1810100
05-13 17:04:05.290  4216  6352 V WindowManager:   pfl=12020000
05-13 17:04:05.290  4216  6352 V WindowManager:   fitSides= naviIconColor=0}
05-13 17:04:05.292 18960 18960 I SurfaceControl: nativeRelease nativeObject s[494171173664]
05-13 17:04:05.292 18960 18960 I SurfaceControl: nativeRelease nativeObject e[494171173664]
05-13 17:04:05.293 18960 18960 I SurfaceControl: assignNativeObject: nativeObject = 0 Surface(name=null)/@0x3a2ed86 / android.view.SurfaceControl.readFromParcel:1117 android.view.IWindowSession$Stub$Proxy.relayout:1810 android.view.ViewRootImpl.relayoutWindow:9005 android.view.ViewRootImpl.performTraversals:3360 android.view.ViewRootImpl.doTraversal:2618 android.view.ViewRootImpl$TraversalRunnable.run:9971 android.view.Choreographer$CallbackRecord.run:1010 android.view.Choreographer.doCallbacks:809 android.view.Choreographer.doFrame:744 android.view.Choreographer$FrameDisplayEventReceiver.run:995
05-13 17:04:05.293 18960 18960 I SurfaceControl: assignNativeObject: nativeObject = 0 Surface(name=null)/@0xba5f12d / android.view.SurfaceControl.readFromParcel:1117 android.view.IWindowSession$Stub$Proxy.relayout:1820 android.view.ViewRootImpl.relayoutWindow:9005 android.view.ViewRootImpl.performTraversals:3360 android.view.ViewRootImpl.doTraversal:2618 android.view.ViewRootImpl$TraversalRunnable.run:9971 android.view.Choreographer$CallbackRecord.run:1010 android.view.Choreographer.doCallbacks:809 android.view.Choreographer.doFrame:744 android.view.Choreographer$FrameDisplayEventReceiver.run:995
05-13 17:04:05.295 18960 18960 I SurfaceControl: nativeRelease nativeObject s[495734301312]
05-13 17:04:05.295 18960 18960 I SurfaceControl: nativeRelease nativeObject e[495734301312]
05-13 17:04:05.295 18960 18960 I ViewRootImpl@8d91c44[InstrumentationActivityInvoker$EmptyActivity]: Relayout returned: old=(0,0,720,1560) new=(0,0,720,1560) req=(720,1560)8 dur=9 res=0x5 s={false 0} ch=true fn=2
05-13 17:04:05.296 18960 18960 I ViewRootImpl@8d91c44[InstrumentationActivityInvoker$EmptyActivity]: stopped(true) old=false
05-13 17:04:05.297 18960 18960 D LifecycleMonitor: Lifecycle status change: androidx.test.core.app.InstrumentationActivityInvoker$EmptyActivity@9df6f80 in: STOPPED
05-13 17:04:05.297 18960 18960 D LifecycleMonitor: running callback: androidx.test.core.app.ActivityScenario$1@6ac9483
05-13 17:04:05.298 18960 18960 V ActivityScenario: Activity lifecycle changed event received but ignored because the intent does not match. startActivityIntent=Intent { act=android.intent.action.MAIN cat=[android.intent.category.LAUNCHER] cmp=com.example.dogglers/.VerticalListActivity }, activity.getIntent()=Intent { act=android.intent.action.MAIN cat=[android.intent.category.LAUNCHER] flg=0x10000000 cmp=com.example.dogglers/androidx.test.core.app.InstrumentationActivityInvoker$EmptyActivity }, activity=androidx.test.core.app.InstrumentationActivityInvoker$EmptyActivity@9df6f80
05-13 17:04:05.298 18960 18960 D LifecycleMonitor: callback completes: androidx.test.core.app.ActivityScenario$1@6ac9483
05-13 17:04:05.300 18960 18960 D LifecycleMonitor: Lifecycle status change: androidx.test.core.app.InstrumentationActivityInvoker$EmptyActivity@9df6f80 in: DESTROYED
05-13 17:04:05.300 18960 18960 D LifecycleMonitor: running callback: androidx.test.core.app.ActivityScenario$1@6ac9483
05-13 17:04:05.301 18960 18960 V ActivityScenario: Activity lifecycle changed event received but ignored because the intent does not match. startActivityIntent=Intent { act=android.intent.action.MAIN cat=[android.intent.category.LAUNCHER] cmp=com.example.dogglers/.VerticalListActivity }, activity.getIntent()=Intent { act=android.intent.action.MAIN cat=[android.intent.category.LAUNCHER] flg=0x10000000 cmp=com.example.dogglers/androidx.test.core.app.InstrumentationActivityInvoker$EmptyActivity }, activity=androidx.test.core.app.InstrumentationActivityInvoker$EmptyActivity@9df6f80
05-13 17:04:05.301 18960 18960 D LifecycleMonitor: callback completes: androidx.test.core.app.ActivityScenario$1@6ac9483
05-13 17:04:05.302  4216  6355 I InputDispatcher: Focus left window (18960): b9cfc2f in display 0 0
05-13 17:04:05.303 18960 18960 I ViewRootImpl@8d91c44[InstrumentationActivityInvoker$EmptyActivity]: dispatchDetachedFromWindow
05-13 17:04:05.304  4216  6355 D InputTransport: Input channel destroyed: '7242498', fd=633
05-13 17:04:05.304  4216  6355 I SurfaceControl: nativeRelease nativeObject s[493617121184]
05-13 17:04:05.304  4216  6355 I SurfaceControl: nativeRelease nativeObject e[493617121184]
05-13 17:04:05.304  4216  6355 D WindowManager: isScreenshotDisabledLocked - win: Window{7242498 u0 com.example.dogglers/androidx.test.core.app.InstrumentationActivityInvoker$EmptyActivity}
05-13 17:04:05.304  4216  6355 D WindowManager: isScreenshotDisabledLocked: userId = 0, disabled =false
05-13 17:04:05.304  4216  6355 I SurfaceControl: nativeRelease nativeObject s[493801608832]
05-13 17:04:05.304  4216  6355 I SurfaceControl: nativeRelease nativeObject e[493801608832]
05-13 17:04:05.305  5325 25876 I NSMonitorService_FLP: getGPSUsingApps, NO_FREEZE={5013}/ FREEZE={}
05-13 17:04:05.305  3869  4272 I SurfaceFlinger: id=44883 createSurf (0x0),-1 flag=24004, Surface(name=6946458 InputMethod)/@0xac62e96 - animation-leash#0
05-13 17:04:05.307  4216  6355 I SurfaceControl: nativeRelease nativeObject s[493801610080]
05-13 17:04:05.307  4216  6355 I SurfaceControl: nativeRelease nativeObject e[493801610080]
05-13 17:04:05.307  3869  5014 I Layer   : id=44873 removeFromCurrentState com.example.dogglers/androidx.test.core.app.InstrumentationActivityInvoker$EmptyActivity$_18960#0 (77)
05-13 17:04:05.307  3869  5014 I SurfaceFlinger: id=44873 Removed com.example.dogglers/androidx.test.core.app.InstrumentationActivityInvoker$EmptyActivity$_18960#0 (77)
05-13 17:04:05.309  3869  5014 I Layer   : id=44872 removeFromCurrentState 7242498 com.example.dogglers/androidx.test.core.app.InstrumentationActivityInvoker$EmptyActivity#0 (77)
05-13 17:04:05.310  3869  5014 I Layer   : id=44878 removeFromCurrentState Surface(name=6946458 InputMethod)/@0xac62e96 - animation-leash#1 (77)
05-13 17:04:05.310  3869  5014 I SurfaceFlinger: id=44872 Removed 7242498 com.example.dogglers/androidx.test.core.app.InstrumentationActivityInvoker$EmptyActivity#0 (77)
05-13 17:04:05.311 18960 18960 D InputTransport: Input channel destroyed: '7242498', fd=97
05-13 17:04:05.310  4216  4454 I ChimeraAppManager: Skipped reason: Cached empty pids: 19071 15555 18967 18791 18126 17137 16660 15474 18612 18576 17471 17033 17656
05-13 17:04:05.313  4216  4454 I ChimeraAppManager: Skipped reason: Lru pids: 18960 18532 4881 31710 17767
05-13 17:04:05.313  4216  4454 I ChimeraAppManager: Skipped reason: Persist or protected pids: 6185 6281 6266 6237 5058 5040 5017 4995 4828 4782 4581 4563 4216 5325 1511 14897 16957 4167 24680 9643 16953 2027
05-13 17:04:05.313  4216  4454 I ChimeraAggressivePolicyHandler: Start doKill, protected policy: NORMAL
05-13 17:04:05.313  4216  4602 I SurfaceControl: nativeRelease nativeObject s[493617307840]
05-13 17:04:05.313  4216  4602 I SurfaceControl: nativeRelease nativeObject e[493617307840]
05-13 17:04:05.313  4216  4454 I ChimeraAggressivePolicyHandler: Skipped by adj     : com.google.android.ext.services, 10032[5105-25586/22267]:G2(0x20000) score=59.5(39 40 25586), pids: 5105 / stats: 5 / adjs: 100
05-13 17:04:05.314  4216  4454 I ChimeraAggressivePolicyHandler: Skipped by adj     : com.android.systemui, 10013[19008-56148/0]:G2(0x20000) score=46.0(11 40 56148), pids: 19008 / stats: 11 / adjs: 0
05-13 17:04:05.314  4216  4454 I ChimeraAggressivePolicyHandler: Skipped by adj     : com.sec.epdg, 1000[9558-15113/16358]:G2(0x20002) score=36.7(40 5 15113), pids: 9558 / stats: 6 / adjs: 100
05-13 17:04:05.314  4216  4454 I ChimeraAggressivePolicyHandler: Skipped by adj     : com.samsung.android.mcfds, 1000[7447-9243/7351]:G2(0x20002) score=33.8(38 5 9243), pids: 7447 / stats: 6 / adjs: 100
05-13 17:04:05.315  4216  4454 I ChimeraAggressivePolicyHandler: Skipped by adj     : com.samsung.android.smartsuggestions, 10299[14134-7311/7506]:G2(0x20000) score=31.0(31 10 7311), pids: 14134 / stats: 5 / adjs: 100
05-13 17:04:05.315  4216  4454 I ChimeraAggressivePolicyHandler: Skipped by interval: android, elapsed: 00:05:41, interval: 04:00:00, 1000[15407-6380/6295]:G2(0x20002) score=29.3(33 5 6380), pids: 15407 / stats: 10 / adjs: 800
05-13 17:04:05.315  4216  4454 I ChimeraAggressivePolicyHandler: Skipped by adj     : com.google.android.permissioncontroller, 10254[14240-7749/8967]:G2(0x20000) score=24.4(22 10 7749), pids: 14240 / stats: 6 / adjs: 100
05-13 17:04:05.316  4216  4454 I ChimeraAggressivePolicyHandler: Skipped by adj     : com.google.android.googlequicksearchbox, 10088[27278-73165/81646,19709-40111/48112,16736-50273/50196]:G3(0x20800) score=55.8(13 10 163549), pids: 27278 19709 16736 / stats: 10 5 19 / adjs: 500 100 975
05-13 17:04:05.316  4216  4454 I ChimeraAggressivePolicyHandler: kill complete: killed 0 apps, freed 0 KB
05-13 17:04:05.316  4216  4454 I ChimeraAggressivePolicyHandler: Start doKill, protected policy: HEAVY
05-13 17:04:05.316 18960 18960 D LifecycleMonitor: Lifecycle status change: androidx.test.core.app.InstrumentationActivityInvoker$EmptyActivity@528fc4f in: PAUSED
05-13 17:04:05.316 18960 18960 D LifecycleMonitor: running callback: androidx.test.core.app.ActivityScenario$1@6ac9483
05-13 17:04:05.316  4216  4454 I ChimeraAggressivePolicyHandler: Skipped by adj     : com.google.android.ext.services, 10032[5105-25586/22267]:G2(0x20000) score=59.5(39 40 25586), pids: 5105 / stats: 5 / adjs: 100
05-13 17:04:05.316 18960 18960 V ActivityScenario: Activity lifecycle changed event received but ignored because the intent does not match. startActivityIntent=Intent { act=android.intent.action.MAIN cat=[android.intent.category.LAUNCHER] cmp=com.example.dogglers/.VerticalListActivity }, activity.getIntent()=Intent { act=android.intent.action.MAIN cat=[android.intent.category.LAUNCHER] flg=0x10000000 cmp=com.example.dogglers/androidx.test.core.app.InstrumentationActivityInvoker$EmptyActivity }, activity=androidx.test.core.app.InstrumentationActivityInvoker$EmptyActivity@528fc4f
05-13 17:04:05.316 18960 18960 D LifecycleMonitor: callback completes: androidx.test.core.app.ActivityScenario$1@6ac9483
05-13 17:04:05.316  4216  4454 I ChimeraAggressivePolicyHandler: Skipped by adj     : com.android.systemui, 10013[19008-56148/0]:G2(0x20000) score=46.0(11 40 56148), pids: 19008 / stats: 11 / adjs: 0
05-13 17:04:05.317  4216  4454 I ChimeraAggressivePolicyHandler: Skipped by adj     : com.sec.epdg, 1000[9558-15113/16358]:G2(0x20002) score=36.7(40 5 15113), pids: 9558 / stats: 6 / adjs: 100
05-13 17:04:05.317  4216  4454 I ChimeraAggressivePolicyHandler: Skipped by adj     : com.samsung.android.mcfds, 1000[7447-9243/7351]:G2(0x20002) score=33.8(38 5 9243), pids: 7447 / stats: 6 / adjs: 100
05-13 17:04:05.317  4216  4454 I ChimeraAggressivePolicyHandler: Skipped by adj     : com.samsung.android.smartsuggestions, 10299[14134-7311/7506]:G2(0x20000) score=31.0(31 10 7311), pids: 14134 / stats: 5 / adjs: 100
05-13 17:04:05.318  4216  4454 I ChimeraAggressivePolicyHandler: Skipped by interval: android, elapsed: 00:05:41, interval: 00:15:00, 1000[15407-6380/6295]:G2(0x20002) score=29.3(33 5 6380), pids: 15407 / stats: 10 / adjs: 800
05-13 17:04:05.318  3869  3869 I Layer   : id=44872[1] Destroyed 7242498 com.example.dogglers/androidx.test.core.app.InstrumentationActivityInvoker$EmptyActivity#0
05-13 17:04:05.318  4216  4454 I ChimeraAggressivePolicyHandler: Skipped by adj     : com.google.android.permissioncontroller, 10254[14240-7749/8967]:G2(0x20000) score=24.4(22 10 7749), pids: 14240 / stats: 6 / adjs: 100
05-13 17:04:05.318  4216  6352 I SemDvfsHyPerManager: acquire hyper - AMS_ACT_RESUME/4216@15, type = -999
05-13 17:04:05.318  3869  3869 I Layer   : id=44873[1] Destroyed com.example.dogglers/androidx.test.core.app.InstrumentationActivityInvoker$EmptyActivity$_18960#0
05-13 17:04:05.319  3841  3871 I HYPER-HAL: [RequestManager.cpp]acquire(): Acquired ID : 8952811  [4216 / 15]    HINT : AMS_ACT_RESUME    list :
05-13 17:04:05.319  4216  4454 I ChimeraAggressivePolicyHandler: Skipped by adj     : com.google.android.googlequicksearchbox, 10088[27278-73165/81646,19709-40111/48112,16736-50273/50196]:G3(0x20800) score=55.8(13 10 163549), pids: 27278 19709 16736 / stats: 10 5 19 / adjs: 500 100 975
05-13 17:04:05.319  4216  4454 I ChimeraAggressivePolicyHandler: kill complete: killed 0 apps, freed 0 KB
05-13 17:04:05.319  4216  4454 I ChimeraAggressivePolicyHandler: Processing time(ms) 65
05-13 17:04:05.319  3841  3871 E HYPER-HAL: [HandlerSysfs.cpp]doResourceHandling(): Couldn't Open Sysfs - /sys/power/cstate_control
05-13 17:04:05.320  3799  3805 E statsd  : Predicate -7037417284711607308 dropping data for dimension key (10)0x2010101->10342[I] (10)0x30000->*launch*[S]
05-13 17:04:05.320  4216  6352 D InputDispatcher: Focused application set to (0): 366e19b
05-13 17:04:05.320  3841  3871 I HYPER-HAL: [ResourceManager.cpp]updateResource(): [CPUMinFreq] UpdateResource Request ID : 8952811    Value : 1560000
05-13 17:04:05.322  4216  6352 V WindowOrientationListener: getProposedRotation: -1
05-13 17:04:05.322  4216  6352 V WindowOrientationListener: getProposedRotation: -1
05-13 17:04:05.323  4216  6352 V WindowOrientationListener: getProposedRotation: -1
05-13 17:04:05.328  3869  5014 I Layer   : id=44871 removeFromCurrentState ActivityRecord{3065c14 u0 com.example.dogglers/androidx.test.core.app.InstrumentationActivityInvoker$EmptyActivity t1074}#0 (75)
05-13 17:04:05.329  3869  5014 I SurfaceFlinger: id=44871 Removed ActivityRecord{3065c14 u0 com.example.dogglers/androidx.test.core.app.InstrumentationActivityInvoker$EmptyActivity t1074}#0 (75)
05-13 17:04:05.330 18960 18960 I ViewRootImpl@213edc8[InstrumentationActivityInvoker$EmptyActivity]: MSG_WINDOW_FOCUS_CHANGED 0 1
05-13 17:04:05.331 18960 18960 I ViewRootImpl@213edc8[InstrumentationActivityInvoker$EmptyActivity]: MSG_WINDOW_FOCUS_CHANGED 0 1
05-13 17:04:05.332 18960 19033 I TestRunner: finished: recycler_view_item_count(com.example.dogglers.VerticalListTests)
