05-13 17:04:10.047  4216  4229 I SurfaceControl: nativeRelease nativeObject s[493617125792]
05-13 17:04:10.048  4216  4229 I SurfaceControl: nativeRelease nativeObject e[493617125792]
05-13 17:04:10.050 18960 18960 I SurfaceControl: assignNativeObject: nativeObject = 0 Surface(name=null)/@0x5a7aca8 / android.view.SurfaceControl.readFromParcel:1117 android.view.IWindowSession$Stub$Proxy.relayout:1820 android.view.ViewRootImpl.relayoutWindow:9005 android.view.ViewRootImpl.performTraversals:3360 android.view.ViewRootImpl.doTraversal:2618 android.view.ViewRootImpl$TraversalRunnable.run:9971 android.view.Choreographer$CallbackRecord.run:1010 android.view.Choreographer.doCallbacks:809 android.view.Choreographer.doFrame:744 android.view.Choreographer$FrameDisplayEventReceiver.run:995
05-13 17:04:10.051  3869  5014 I Layer   : id=44983 removeFromCurrentState Surface(name=e46760d StatusBar)/@0xc36a394 - animation-leash#0 (83)
05-13 17:04:10.051  3869  5014 I Layer   : id=44984 removeFromCurrentState Surface(name=8cb84e5 NavigationBar0)/@0x90a7f83 - animation-leash#0 (83)
05-13 17:04:10.052 18960 18960 I ViewRootImpl@884fccb[InstrumentationActivityInvoker$EmptyActivity]: Relayout returned: old=(0,0,720,1560) new=(0,0,720,1560) req=(720,1560)0 dur=14 res=0x7 s={true 493691428864} ch=true fn=-1
05-13 17:04:10.056  3827  3827 D gralloc : [mali_gralloc_allocate] begin
05-13 17:04:10.056  3827  3827 D gralloc : buffer_descriptor: wh(720 1560) usage_pc(0x40000000000b00 0x40000000000b00) hal_format(0x1) layer_count(1) sizes(0 0 0) strde(0) byte_stride(0) alloc_wh(0 0) internal_format(0x0) alloc_format(0x0) fd_count(1) plane_count(0)
05-13 17:04:10.057  3827  3827 D gralloc : [mali_gralloc_allocate] allocation successful
05-13 17:04:10.057 18960 18960 I ViewRootImpl@884fccb[InstrumentationActivityInvoker$EmptyActivity]: [DP] dp(1) 1 android.view.ViewRootImpl.reportNextDraw:10957 android.view.ViewRootImpl.performTraversals:3845 android.view.ViewRootImpl.doTraversal:2618
05-13 17:04:10.057 18960 18960 I ViewRootImpl@884fccb[InstrumentationActivityInvoker$EmptyActivity]: [DP] pd() Asnyc report
05-13 17:04:10.058  3827  3827 D gralloc : [mali_gralloc_allocate] begin
05-13 17:04:10.058  3827  3827 D gralloc : buffer_descriptor: wh(720 1560) usage_pc(0x40000000000b00 0x40000000000b00) hal_format(0x1) layer_count(1) sizes(0 0 0) strde(0) byte_stride(0) alloc_wh(0 0) internal_format(0x0) alloc_format(0x0) fd_count(1) plane_count(0)
05-13 17:04:10.059  3827  3827 D gralloc : [mali_gralloc_allocate] allocation successful
05-13 17:04:10.060  3827  3827 D gralloc : [mali_gralloc_allocate] begin
05-13 17:04:10.060  3827  3827 D gralloc : buffer_descriptor: wh(720 1560) usage_pc(0x40000000000b00 0x40000000000b00) hal_format(0x1) layer_count(1) sizes(0 0 0) strde(0) byte_stride(0) alloc_wh(0 0) internal_format(0x0) alloc_format(0x0) fd_count(1) plane_count(0)
05-13 17:04:10.064  3827  3827 D gralloc : [mali_gralloc_allocate] allocation successful
05-13 17:04:10.068 18960 18960 I ViewRootImpl@884fccb[InstrumentationActivityInvoker$EmptyActivity]: [DP] pdf(0) 1 android.view.ViewRootImpl.lambda$performDraw$1$ViewRootImpl:4668 android.view.-$$Lambda$ViewRootImpl$DJd0VUYJgsebcnSohO6h8zc_ONI.run:6 android.os.Handler.handleCallback:938
05-13 17:04:10.068 18960 18960 I ViewRootImpl@884fccb[InstrumentationActivityInvoker$EmptyActivity]: [DP] rdf()
05-13 17:04:10.069 18960 18960 I ViewRootImpl@ba8d5b7[InstrumentationActivityInvoker$EmptyActivity]: MSG_WINDOW_FOCUS_CHANGED 0 1
05-13 17:04:10.075  4216  4241 D PkgPredictorService: pkg:com.example.dogglers activity:androidx.test.core.app.InstrumentationActivityInvoker$EmptyActivity thisTime:195
05-13 17:04:10.078  4216  4241 I SemDvfsHyPerManager: acquire hyper - AMS_RESUME_TAIL/4216@18, type = -999
05-13 17:04:10.078  4216  4245 I ActivityTaskManager: Displayed com.example.dogglers/androidx.test.core.app.InstrumentationActivityInvoker$EmptyActivity: +195ms
05-13 17:04:10.078  4216  4241 I SemDvfsHyPerManager: acquire hyper - AMS_ACT_LAZY/4216@19, type = -999
05-13 17:04:10.079  3841  3871 I HYPER-HAL: [RequestManager.cpp]acquire(): Acquired ID : 8965513  [4216 / 18]    HINT : AMS_RESUME_TAIL    list :
05-13 17:04:10.079  3841  3871 E HYPER-HAL: [HandlerSysfs.cpp]doResourceHandling(): Couldn't Open Sysfs - /sys/power/cstate_control
05-13 17:04:10.079  3841  3871 I HYPER-HAL: [ResourceManager.cpp]updateResource(): [CPUMinFreq] UpdateResource Request ID : 8965513    Value : 1560000
05-13 17:04:10.079  3841  3871 I HYPER-HAL: [RequestManager.cpp]acquire(): Acquired ID : 8969749  [4216 / 19]    HINT :      list :
05-13 17:04:10.080  3841  3871 E HYPER-HAL: [Request.cpp]acquire(): Request:: id : 8969749, No Resource to set
05-13 17:04:10.080  3841  3871 E HYPER-HAL: [HandlerSysfs.cpp]doResourceHandling(): Couldn't Open Sysfs - /sys/power/cstate_control
05-13 17:04:10.080  3841  3871 I HYPER-HAL: [ResourceManager.cpp]removeResource(): [CPUMinFreq] RemoveResource Request ID : 8957044
05-13 17:04:10.080  3841  3871 I HYPER-HAL: [RequestManager.cpp]releaseLocked(): Released ID : 8957044
05-13 17:04:10.086 18960 18960 I SurfaceControl: nativeRelease nativeObject s[494172228096]
05-13 17:04:10.086 18960 18960 I SurfaceControl: nativeRelease nativeObject e[494172228096]
05-13 17:04:10.086 18960 18960 I SurfaceControl: nativeRelease nativeObject s[494172228000]
05-13 17:04:10.086 18960 18960 I SurfaceControl: nativeRelease nativeObject e[494172228000]
05-13 17:04:10.086 18960 18960 I SurfaceControl: nativeRelease nativeObject s[494172227904]
05-13 17:04:10.086 18960 18960 I SurfaceControl: nativeRelease nativeObject e[494172227904]
05-13 17:04:10.087  3869  5320 I SurfaceFlinger: id=44984 Removed Surface(name=8cb84e5 NavigationBar0)/@0x90a7f83 - animation-leash#0 (83)
05-13 17:04:10.087  3869  5320 I SurfaceFlinger: id=44983 Removed Surface(name=e46760d StatusBar)/@0xc36a394 - animation-leash#0 (83)
05-13 17:04:10.091 14897 14897 E FullInputEventModel: onStartInput event aborted: gc1: could not obtain extracted text (class gc1)
05-13 17:04:10.096  3869  3869 I Layer   : id=44983[1] Destroyed Surface(name=e46760d StatusBar)/@0xc36a394 - animation-leash#0
05-13 17:04:10.097  3869  3869 I Layer   : id=44984[1] Destroyed Surface(name=8cb84e5 NavigationBar0)/@0x90a7f83 - animation-leash#0
05-13 17:04:10.098  4216  4229 I InputDispatcher: Focus entered window (18960): 9324362 in display 0 0
05-13 17:04:10.103  3869  3869 D SurfaceFlinger: Display 0 HWC layers:
05-13 17:04:10.103  3869  3869 D SurfaceFlinger:      DEVICE | 0x7e253c5340 | 0002 | RGBA_8888    |    0.0    0.0  720.0 1560.0 |    0    0  720 1560 | com.example.dogglers/androidx.test.c[...]tivityInvoker$EmptyActivity$_18960#1
05-13 17:04:10.103  3869  3869 D SurfaceFlinger:      DEVICE | 0x7d82281780 | 0000 | RGBA_8888    |    0.0    0.0  720.0   53.0 |    0    0  720   53 | StatusBar$_4581#0
05-13 17:04:10.103  3869  3869 D SurfaceFlinger:      DEVICE | 0x7e253c6100 | 0000 | RGBA_8888    |    0.0    0.0  720.0   84.0 |    0 1476  720 1560 | NavigationBar0$_4581#0
05-13 17:04:10.103  3869  3869 D SurfaceFlinger:      DEVICE | 0x7da1414300 | 0000 | RGBA_8888    |    0.0    0.0  720.0  101.0 |    0    0  720  101 | ScreenDecorOverlay$_4581#0
05-13 17:04:10.103  3869  3869 D SurfaceFlinger:      DEVICE | 0x7e253c6ec0 | 0000 | RGBA_8888    |    0.0    0.0  720.0  101.0 |    0 1459  720 1560 | ScreenDecorOverlayBottom$_4581#0
05-13 17:04:10.103  3869  3869 D SurfaceFlinger:
05-13 17:04:10.105  3869  5320 E BufferQueueProducer: [com.example.dogglers/androidx.test.core.app.InstrumentationActivityInvoker$EmptyActivity$_18960#0](id:f1d0000214a,api:0,p:-1,c:3869) disconnect: not connected (req=1)
05-13 17:04:10.105 18960 19041 W libEGL  : EGLNativeWindowType 0x72f24d4010 disconnect failed
05-13 17:04:10.106  4216  6882 V WindowManager: Relayout Window{964699e u0 com.example.dogglers/androidx.test.core.app.InstrumentationActivityInvoker$EmptyActivity}: viewVisibility=8 req=720x1560
05-13 17:04:10.111  4216  6882 V WindowManager: Relayout hash=964699e, pid=18960: mAttrs={(0,0)(fillxfill) sim={adjust=pan forwardNavigation} ty=BASE_APPLICATION wanim=0x1030001
05-13 17:04:10.111  4216  6882 V WindowManager:   fl=1810100
05-13 17:04:10.111  4216  6882 V WindowManager:   pfl=12020000
05-13 17:04:10.111  4216  6882 V WindowManager:   fitSides= naviIconColor=0}
05-13 17:04:10.112 18960 18960 I SurfaceControl: nativeRelease nativeObject s[493744854816]
05-13 17:04:10.112 18960 18960 I SurfaceControl: nativeRelease nativeObject e[493744854816]
05-13 17:04:10.113 18960 18960 I SurfaceControl: assignNativeObject: nativeObject = 0 Surface(name=null)/@0xefe3c1 / android.view.SurfaceControl.readFromParcel:1117 android.view.IWindowSession$Stub$Proxy.relayout:1810 android.view.ViewRootImpl.relayoutWindow:9005 android.view.ViewRootImpl.performTraversals:3360 android.view.ViewRootImpl.doTraversal:2618 android.view.ViewRootImpl$TraversalRunnable.run:9971 android.view.Choreographer$CallbackRecord.run:1010 android.view.Choreographer.doCallbacks:809 android.view.Choreographer.doFrame:744 android.view.Choreographer$FrameDisplayEventReceiver.run:995
05-13 17:04:10.113 18960 18960 I SurfaceControl: assignNativeObject: nativeObject = 0 Surface(name=null)/@0xa8af124 / android.view.SurfaceControl.readFromParcel:1117 android.view.IWindowSession$Stub$Proxy.relayout:1820 android.view.ViewRootImpl.relayoutWindow:9005 android.view.ViewRootImpl.performTraversals:3360 android.view.ViewRootImpl.doTraversal:2618 android.view.ViewRootImpl$TraversalRunnable.run:9971 android.view.Choreographer$CallbackRecord.run:1010 android.view.Choreographer.doCallbacks:809 android.view.Choreographer.doFrame:744 android.view.Choreographer$FrameDisplayEventReceiver.run:995
05-13 17:04:10.114  4216  6352 I InputDispatcher: Focus left window (18960): 9324362 in display 0 0
05-13 17:04:10.115 18960 18960 I SurfaceControl: nativeRelease nativeObject s[494172228384]
05-13 17:04:10.115 18960 18960 I SurfaceControl: nativeRelease nativeObject e[494172228384]
05-13 17:04:10.115 18960 18960 I ViewRootImpl@ba8d5b7[InstrumentationActivityInvoker$EmptyActivity]: Relayout returned: old=(0,0,720,1560) new=(0,0,720,1560) req=(720,1560)8 dur=8 res=0x5 s={false 0} ch=true fn=2
05-13 17:04:10.116 18960 18960 I ViewRootImpl@ba8d5b7[InstrumentationActivityInvoker$EmptyActivity]: stopped(true) old=false
05-13 17:04:10.117 18960 18960 D LifecycleMonitor: Lifecycle status change: androidx.test.core.app.InstrumentationActivityInvoker$EmptyActivity@5b783ea in: STOPPED
05-13 17:04:10.117 18960 18960 D LifecycleMonitor: running callback: androidx.test.core.app.ActivityScenario$1@3a899a5
05-13 17:04:10.117 18960 18960 V ActivityScenario: Activity lifecycle changed event received but ignored because the intent does not match. startActivityIntent=Intent { act=android.intent.action.MAIN cat=[android.intent.category.LAUNCHER] cmp=com.example.dogglers/.VerticalListActivity }, activity.getIntent()=Intent { act=android.intent.action.MAIN cat=[android.intent.category.LAUNCHER] flg=0x10000000 cmp=com.example.dogglers/androidx.test.core.app.InstrumentationActivityInvoker$EmptyActivity }, activity=androidx.test.core.app.InstrumentationActivityInvoker$EmptyActivity@5b783ea
05-13 17:04:10.117 18960 18960 D LifecycleMonitor: callback completes: androidx.test.core.app.ActivityScenario$1@3a899a5
05-13 17:04:10.119 18960 18960 D LifecycleMonitor: Lifecycle status change: androidx.test.core.app.InstrumentationActivityInvoker$EmptyActivity@5b783ea in: DESTROYED
05-13 17:04:10.119 18960 18960 D LifecycleMonitor: running callback: androidx.test.core.app.ActivityScenario$1@3a899a5
05-13 17:04:10.120 18960 18960 V ActivityScenario: Activity lifecycle changed event received but ignored because the intent does not match. startActivityIntent=Intent { act=android.intent.action.MAIN cat=[android.intent.category.LAUNCHER] cmp=com.example.dogglers/.VerticalListActivity }, activity.getIntent()=Intent { act=android.intent.action.MAIN cat=[android.intent.category.LAUNCHER] flg=0x10000000 cmp=com.example.dogglers/androidx.test.core.app.InstrumentationActivityInvoker$EmptyActivity }, activity=androidx.test.core.app.InstrumentationActivityInvoker$EmptyActivity@5b783ea
05-13 17:04:10.120 18960 18960 D LifecycleMonitor: callback completes: androidx.test.core.app.ActivityScenario$1@3a899a5
05-13 17:04:10.121 15474 15474 I Finsky  : [2] pfe.i(0): PackageMonitorReceiverImpl - Deduping intent android.intent.action.PACKAGE_ADDED
05-13 17:04:10.122 18960 18960 I ViewRootImpl@ba8d5b7[InstrumentationActivityInvoker$EmptyActivity]: dispatchDetachedFromWindow
05-13 17:04:10.123  4216  6352 D InputTransport: Input channel destroyed: '964699e', fd=743
05-13 17:04:10.123  4216  6352 I SurfaceControl: nativeRelease nativeObject s[493619427584]
05-13 17:04:10.123  4216  6352 I SurfaceControl: nativeRelease nativeObject e[493619427584]
05-13 17:04:10.123  4216  6352 D WindowManager: isScreenshotDisabledLocked - win: Window{964699e u0 com.example.dogglers/androidx.test.core.app.InstrumentationActivityInvoker$EmptyActivity}
05-13 17:04:10.123  4216  6352 D WindowManager: isScreenshotDisabledLocked: userId = 0, disabled =false
05-13 17:04:10.124  4216  6352 I SurfaceControl: nativeRelease nativeObject s[493619800768]
05-13 17:04:10.124  4216  6352 I SurfaceControl: nativeRelease nativeObject e[493619800768]
05-13 17:04:10.124  3869  5320 I SurfaceFlinger: id=44992 createSurf (0x0),-1 flag=24004, Surface(name=6946458 InputMethod)/@0xac62e96 - animation-leash#0
05-13 17:04:10.126  4216  6352 I SurfaceControl: nativeRelease nativeObject s[493619798560]
05-13 17:04:10.126  4216  6352 I SurfaceControl: nativeRelease nativeObject e[493619798560]
05-13 17:04:10.126  3869  5320 I Layer   : id=44982 removeFromCurrentState com.example.dogglers/androidx.test.core.app.InstrumentationActivityInvoker$EmptyActivity$_18960#0 (82)
05-13 17:04:10.127  3869  5320 I SurfaceFlinger: id=44982 Removed com.example.dogglers/androidx.test.core.app.InstrumentationActivityInvoker$EmptyActivity$_18960#0 (82)
05-13 17:04:10.129  3869  5320 I Layer   : id=44981 removeFromCurrentState 964699e com.example.dogglers/androidx.test.core.app.InstrumentationActivityInvoker$EmptyActivity#0 (82)
05-13 17:04:10.129  3869  5320 I Layer   : id=44987 removeFromCurrentState Surface(name=6946458 InputMethod)/@0xac62e96 - animation-leash#1 (82)
05-13 17:04:10.129  3869  5320 I SurfaceFlinger: id=44981 Removed 964699e com.example.dogglers/androidx.test.core.app.InstrumentationActivityInvoker$EmptyActivity#0 (82)
05-13 17:04:10.130 18960 18960 D InputTransport: Input channel destroyed: '964699e', fd=89
05-13 17:04:10.130  3869  3869 I Layer   : id=44981[1] Destroyed 964699e com.example.dogglers/androidx.test.core.app.InstrumentationActivityInvoker$EmptyActivity#0
05-13 17:04:10.131  3869  3869 I Layer   : id=44982[1] Destroyed com.example.dogglers/androidx.test.core.app.InstrumentationActivityInvoker$EmptyActivity$_18960#0
05-13 17:04:10.133  4216  6352 I SurfaceControl: nativeRelease nativeObject s[493619435936]
05-13 17:04:10.133  4216  6352 I SurfaceControl: nativeRelease nativeObject e[493619435936]
05-13 17:04:10.136 18960 18960 D LifecycleMonitor: Lifecycle status change: androidx.test.core.app.InstrumentationActivityInvoker$EmptyActivity@226e48e in: PAUSED
05-13 17:04:10.136 18960 18960 D LifecycleMonitor: running callback: androidx.test.core.app.ActivityScenario$1@3a899a5
05-13 17:04:10.137 18960 18960 V ActivityScenario: Activity lifecycle changed event received but ignored because the intent does not match. startActivityIntent=Intent { act=android.intent.action.MAIN cat=[android.intent.category.LAUNCHER] cmp=com.example.dogglers/.VerticalListActivity }, activity.getIntent()=Intent { act=android.intent.action.MAIN cat=[android.intent.category.LAUNCHER] flg=0x10000000 cmp=com.example.dogglers/androidx.test.core.app.InstrumentationActivityInvoker$EmptyActivity }, activity=androidx.test.core.app.InstrumentationActivityInvoker$EmptyActivity@226e48e
05-13 17:04:10.137 18960 18960 D LifecycleMonitor: callback completes: androidx.test.core.app.ActivityScenario$1@3a899a5
05-13 17:04:10.138 19262 19345 I cr_CachingUmaRecorder: Flushed 3 samples from 3 histograms.
05-13 17:04:10.139  4216  6378 I SemDvfsHyPerManager: acquire hyper - AMS_ACT_RESUME/4216@15, type = -999
05-13 17:04:10.140  3841  3871 I HYPER-HAL: [RequestManager.cpp]acquire(): Acquired ID : 8952811  [4216 / 15]    HINT : AMS_ACT_RESUME    list :
05-13 17:04:10.140  3799  3805 E statsd  : Predicate -7037417284711607308 dropping data for dimension key (10)0x2010101->10342[I] (10)0x30000->*launch*[S]
05-13 17:04:10.140  3841  3871 E HYPER-HAL: [HandlerSysfs.cpp]doResourceHandling(): Couldn't Open Sysfs - /sys/power/cstate_control
05-13 17:04:10.140  3841  3871 I HYPER-HAL: [ResourceManager.cpp]updateResource(): [CPUMinFreq] UpdateResource Request ID : 8952811    Value : 1560000
05-13 17:04:10.141  4216  6378 D InputDispatcher: Focused application set to (0): 366e19b
05-13 17:04:10.143  4216  6378 V WindowOrientationListener: getProposedRotation: -1
05-13 17:04:10.143  4216  6378 V WindowOrientationListener: getProposedRotation: -1
05-13 17:04:10.144  4216  6378 V WindowOrientationListener: getProposedRotation: -1
05-13 17:04:10.149  3869  3917 I Layer   : id=44980 removeFromCurrentState ActivityRecord{29ba5fa u0 com.example.dogglers/androidx.test.core.app.InstrumentationActivityInvoker$EmptyActivity t1077}#0 (80)
05-13 17:04:10.150  3869  3917 I SurfaceFlinger: id=44980 Removed ActivityRecord{29ba5fa u0 com.example.dogglers/androidx.test.core.app.InstrumentationActivityInvoker$EmptyActivity t1077}#0 (80)
05-13 17:04:10.150 18960 18960 I ViewRootImpl@884fccb[InstrumentationActivityInvoker$EmptyActivity]: MSG_WINDOW_FOCUS_CHANGED 0 1
05-13 17:04:10.151 18960 18960 I ViewRootImpl@884fccb[InstrumentationActivityInvoker$EmptyActivity]: MSG_WINDOW_FOCUS_CHANGED 0 1
05-13 17:04:10.151  4216  6883 V WindowManager: Relayout Window{94f4253 u0 com.andrewshu.android.reddit/com.andrewshu.android.reddit.MainActivity}: viewVisibility=4 req=720x1560
05-13 17:04:10.152 18960 19033 I TestRunner: finished: vertical_scroll_content_at_first_position(com.example.dogglers.VerticalListTests)
