05-13 17:04:03.284 18960 19033 I TestRunner: started: recycler_view_item_count(com.example.dogglers.VerticalListTests)
05-13 17:04:03.308 18960 19033 W Settings: Setting always_finish_activities has moved from android.provider.Settings.System to android.provider.Settings.Global, returning read-only value.
05-13 17:04:03.341  4216  5308 I SemDvfsHyPerManager: acquire hyper - AMS_APP_SWITCH/4216@31, type = -999
05-13 17:04:03.341  3841  3871 I HYPER-HAL: [RequestManager.cpp]acquire(): Acquired ID : 9020659  [4216 / 31]    HINT : AMS_APP_SWITCH    list :
05-13 17:04:03.342  3841  3871 E HYPER-HAL: [HandlerSysfs.cpp]doResourceHandling(): Couldn't Open Sysfs - /sys/power/cstate_control
05-13 17:04:03.343  3841  3871 I HYPER-HAL: [ResourceManager.cpp]updateResource(): [CPUMinFreq] UpdateResource Request ID : 9020659    Value : 1560000
05-13 17:04:03.344  6281  6281 I SemDvfsHyPerManager: acquire hyper - com.sec.android.sdhms/6281@9, type = -999
05-13 17:04:03.344  3869  3917 I SurfaceFlinger: id=44853 createSurf (0x0),-1 flag=24004, Task=1074#0
05-13 17:04:03.345  3841  3871 I HYPER-HAL: [RequestManager.cpp]acquire(): Acquired ID : 19785204  [6281 / 9]    HINT : APP_START    list :
05-13 17:04:03.345  3841  3871 E HYPER-HAL: [HandlerSysfs.cpp]doResourceHandling(): Couldn't Open Sysfs - /sys/kernel/mm/vmscan/am_app_launch
05-13 17:04:03.345  3841  3871 I HYPER-HAL: [ResourceManager.cpp]updateResource(): [CPUMaxFreq] UpdateResource Request ID : 19785204    Value : 1560000
05-13 17:04:03.349  3869  3917 I SurfaceFlinger: id=44854 createSurf (0x0),-1 flag=80004, ActivityRecord{bad1327 u0 com.example.dogglers/androidx.test.core.app.InstrumentationActivityInvoker$BootstrapActivity t1074}#0
05-13 17:04:03.353  4216  6378 V WindowOrientationListener: getProposedRotation: -1
05-13 17:04:03.357  3799  3805 E statsd  : Predicate -7037417284711607308 dropping data for dimension key (10)0x2010101->10342[I] (10)0x30000->*launch*[S]
05-13 17:04:03.358  4216  6378 I SemDvfsHyPerManager: acquire hyper - AMS_APP_LAUNCH/4216@17, type = -999
05-13 17:04:03.358  3841  3871 I HYPER-HAL: [RequestManager.cpp]acquire(): Acquired ID : 8961278  [4216 / 17]    HINT : AMS_APP_LAUNCH    list :
05-13 17:04:03.359  3841  3871 E HYPER-HAL: [HandlerSysfs.cpp]doResourceHandling(): Couldn't Open Sysfs - /sys/power/cstate_control
05-13 17:04:03.359  3841  3871 I HYPER-HAL: [ResourceManager.cpp]updateResource(): [CPUMinFreq] UpdateResource Request ID : 8961278    Value : 1560000
05-13 17:04:03.378  4216  6378 V WindowOrientationListener: getProposedRotation: -1
05-13 17:04:03.379  4216  6378 V WindowOrientationListener: getProposedRotation: -1
05-13 17:04:03.380  4216  6378 V WindowOrientationListener: getProposedRotation: -1
05-13 17:04:03.382  4216  6378 D InputDispatcher: Focused application set to (0): bad1327
05-13 17:04:03.387 19008 19008 D DeviceType: readFromFile finish, time: 1, path: /sys/class/fingerprint/fingerprint/adm, value: 1
05-13 17:04:03.390  4216  4443 I System.out: (HTTPLog)-Static: isSBSettingEnabled false
05-13 17:04:03.390  4216  4443 I System.out: (HTTPLog)-Static: isSBSettingEnabled false
05-13 17:04:03.391  4216  4241 D InputTransport: Input channel constructed: '66b1417', fd=593
05-13 17:04:03.391  4216  4241 D InputTransport: Input channel constructed: '66b1417', fd=612
05-13 17:04:03.392  3800  3822 E Netd    : getNetworkForDns: getNetId from enterpriseCtrl is netid 0
05-13 17:04:03.392  3869  3917 I SurfaceFlinger: id=44855 createSurf (0x0),-1 flag=80004, 66b1417 Splash Screen com.example.dogglers#0
05-13 17:04:03.394  4216  4241 I ViewRootImpl@d5b03b1[dogglers]: setView = com.android.internal.policy.DecorView@2b54022 TM=true
05-13 17:04:03.397  4216  4241 V WindowManager: Relayout Window{66b1417 u0 Splash Screen com.example.dogglers}: viewVisibility=0 req=720x1560
05-13 17:04:03.398  4216  6882 D NetdEventListenerService: DNS Requested by : 679, 1000
05-13 17:04:03.399  4216  4241 D WindowManager: isScreenshotDisabledLocked - win: Window{66b1417 u0 Splash Screen com.example.dogglers}
05-13 17:04:03.399  4216  4241 D WindowManager: isScreenshotDisabledLocked: userId = 0, disabled =false
05-13 17:04:03.400 19008 19008 I DeviceType: isSupportBrightnessControl: context : com.android.systemui.SystemUIApplication@7c9cb2
05-13 17:04:03.400  3869  3917 I SurfaceFlinger: id=44856 createSurf (720x1560),1 flag=404, Splash Screen com.example.dogglers#0
05-13 17:04:03.403  4216  4241 V WindowManager: Relayout hash=66b1417, pid=4216: mAttrs={(0,0)(fillxfill) sim={adjust=pan} layoutInDisplayCutoutMode=shortEdges ty=APPLICATION_STARTING wanim=0x1030001
05-13 17:04:03.403  4216  4241 V WindowManager:   fl=1830118
05-13 17:04:03.403  4216  4241 V WindowManager:   pfl=12020011
05-13 17:04:03.403  4216  4241 V WindowManager:   fitSides= naviIconColor=0}
05-13 17:04:03.404  4216  4241 I ViewRootImpl@d5b03b1[dogglers]: Relayout returned: old=(0,0,720,1560) new=(0,0,720,1560) req=(720,1560)0 dur=6 res=0x7 s={true 493594587136} ch=true fn=-1
05-13 17:04:03.404  4216  4241 I ViewRootImpl@d5b03b1[dogglers]: [DP] dp(1) 1 android.view.ViewRootImpl.reportNextDraw:10957 android.view.ViewRootImpl.performTraversals:3845 android.view.ViewRootImpl.doTraversal:2618
05-13 17:04:03.406  3800  3830 E Netd    : getNetworkForDns: getNetId from enterpriseCtrl is netid 0
05-13 17:04:03.406  3827 27783 D gralloc : [mali_gralloc_allocate] begin
05-13 17:04:03.407  3827 27783 D gralloc : buffer_descriptor: wh(720 1560) usage_pc(0x966 0x906) hal_format(0x1) layer_count(1) sizes(0 0 0) strde(0) byte_stride(0) alloc_wh(0 0) internal_format(0x0) alloc_format(0x0) fd_count(1) plane_count(0)
05-13 17:04:03.406 19008 19008 E DeviceType: getBrightnessValues not matched!
05-13 17:04:03.408  4216  4454 D PkgPredictorService: com.example.dogglers go to foreground!
05-13 17:04:03.408  4216  4454 E PkgPredictorService-Collector: record changed bt=0  wifi=1 screen=0
05-13 17:04:03.408  4216  4454 D PkgPredictorService: previous pkgs: com.example.dogglers,com.andrewshu.android.reddit,com.example.dogglers running pkg: com.example.dogglers, uid: 0 is system: false
05-13 17:04:03.408  4216  4454 D PkgPredictorService-Collector: save record...
05-13 17:04:03.408  4216  4454 D PkgPredictorService-Collector:  (hour:17 day:6 previous:[com.example.dogglers, com.andrewshu.android.reddit, com.example.dogglers] activityName:unknown running:com.example.dogglers userId:0 screenOrientation:0 wifi:1 bt:0 predictTime:1 apkVersion:1.0 consumeTime:-1 preloaded:false>)
05-13 17:04:03.408  4216  4454 D PkgPredictorService-NapPreloadController: User using: com.example.dogglers
05-13 17:04:03.408  4216  4454 I PkgPredictorService-NapClassifier: RF predict version:1652418013125
05-13 17:04:03.408  4216  4238 D SehCodecSolutionService: Update top [com.example.dogglers]
05-13 17:04:03.409  3827 27783 D gralloc : [mali_gralloc_allocate] allocation successful
05-13 17:04:03.409  4216  4454 D PkgPredictorService-NapClassifier: Predict result: 48.0,47.0,45.0, - [0_&_com.andrewshu.android.reddit, 0_&_com.whatsapp, 0_&_com.teslacoilsw.launcher]
05-13 17:04:03.426  4216  4241 I ViewRootImpl@d5b03b1[dogglers]: [DP] pdf(0) 1 android.view.ViewRootImpl.performDraw:4809 android.view.ViewRootImpl.performTraversals:3866 android.view.ViewRootImpl.doTraversal:2618
05-13 17:04:03.426  4216  4241 I ViewRootImpl@d5b03b1[dogglers]: [DP] rdf()
05-13 17:04:03.431 19008 19008 D SystemUIImsManager: createImsManager : slotId = 0
05-13 17:04:03.438  4216  4602 I InputDispatcher: Focus left window (18532): 94f4253 in display 0 0
05-13 17:04:03.446  3869  3917 I SurfaceFlinger: id=44857 createSurf (0x0),-1 flag=24000, Surface(name=Task=1038)/@0x576a2c6 - animation-leash#0
05-13 17:04:03.448  3869  3917 I SurfaceFlinger: id=44858 createSurf (0x0),-1 flag=20004, Dim Layer for - DefaultTaskDisplayArea - animating-dim#0
05-13 17:04:03.450  3869  3917 I SurfaceFlinger: id=44859 createSurf (0x0),-1 flag=24000, Surface(name=Dim Layer for - DefaultTaskDisplayArea - animating-dim)/@0xc433b21 - animation-leash#0
05-13 17:04:03.458  3869  3917 I SurfaceFlinger: id=44860 createSurf (0x0),-1 flag=24004, Surface(name=Task=1074)/@0x99993cc - animation-leash#0
05-13 17:04:03.461  4216  4241 D WindowManager: isScreenshotDisabledLocked - win: Window{6946458 u0 InputMethod}
05-13 17:04:03.461  4216  4241 D WindowManager: isScreenshotDisabledLocked: userId = 0, disabled =false
05-13 17:04:03.461  4216  4241 D WindowManager: isScreenshotDisabledLocked - win: Window{94f4253 u0 com.andrewshu.android.reddit/com.andrewshu.android.reddit.MainActivity}
05-13 17:04:03.461  4216  4241 D WindowManager: isScreenshotDisabledLocked: userId = 0, disabled =false
05-13 17:04:03.463  3827 27783 D gralloc : [mali_gralloc_allocate] begin
05-13 17:04:03.463  3827 27783 D gralloc : buffer_descriptor: wh(720 1560) usage_pc(0x366 0x306) hal_format(0x1) layer_count(1) sizes(0 0 0) strde(0) byte_stride(0) alloc_wh(0 0) internal_format(0x0) alloc_format(0x0) fd_count(1) plane_count(0)
05-13 17:04:03.467  3827 27783 D gralloc : [mali_gralloc_allocate] allocation successful
05-13 17:04:03.472  3869  3869 I Layer   : id=44861[0] Destroyed Screenshot Parent
05-13 17:04:03.480  4216  4241 I SurfaceControl: nativeRelease nativeObject s[493616025280]
05-13 17:04:03.480  4216  4241 I SurfaceControl: nativeRelease nativeObject e[493616025280]
05-13 17:04:03.481  3869  3917 I SurfaceFlinger: id=44862 createSurf (0x0),-1 flag=24000, Surface(name=e46760d StatusBar)/@0xc36a394 - animation-leash#1
05-13 17:04:03.482  4216  4241 I SurfaceControl: nativeRelease nativeObject s[493616028160]
05-13 17:04:03.482  4216  4241 I SurfaceControl: nativeRelease nativeObject e[493616028160]
05-13 17:04:03.482  3869  3917 I SurfaceFlinger: id=44863 createSurf (0x0),-1 flag=24000, Surface(name=8cb84e5 NavigationBar0)/@0x90a7f83 - animation-leash#1
05-13 17:04:03.487  3869  4272 I Layer   : id=44849 removeFromCurrentState Surface(name=e46760d StatusBar)/@0xc36a394 - animation-leash#0 (79)
05-13 17:04:03.487  3869  4272 I Layer   : id=25 removeFromCurrentState e46760d StatusBar#0 (79)
05-13 17:04:03.487  3869  4272 I Layer   : id=32 removeFromCurrentState StatusBar$_4581#0 (79)
05-13 17:04:03.487  3869  4272 I Layer   : id=25 addToCurrentState e46760d StatusBar#0 (79)
05-13 17:04:03.487  3869  4272 I Layer   : id=32 addToCurrentState StatusBar$_4581#0 (79)
05-13 17:04:03.487  3869  4272 I Layer   : id=44850 removeFromCurrentState Surface(name=8cb84e5 NavigationBar0)/@0x90a7f83 - animation-leash#0 (79)
05-13 17:04:03.488 19008 19046 D SystemUIImsManager: createImsManager : run
05-13 17:04:03.489 18532 18532 I SurfaceControl: nativeRelease nativeObject s[495850962496]
05-13 17:04:03.489 18532 18532 I SurfaceControl: nativeRelease nativeObject e[495850962496]
05-13 17:04:03.489 18532 18532 I SurfaceControl: nativeRelease nativeObject s[493616127840]
05-13 17:04:03.490 18532 18532 I SurfaceControl: nativeRelease nativeObject e[493616127840]
05-13 17:04:03.490  3869  4272 I SurfaceFlinger: id=44850 Removed Surface(name=8cb84e5 NavigationBar0)/@0x90a7f83 - animation-leash#0 (79)
05-13 17:04:03.490 18532 18532 I SurfaceControl: nativeRelease nativeObject s[493616127168]
05-13 17:04:03.490 18532 18532 I SurfaceControl: nativeRelease nativeObject e[493616127168]
05-13 17:04:03.490  3869  4272 I SurfaceFlinger: id=44849 Removed Surface(name=e46760d StatusBar)/@0xc36a394 - animation-leash#0 (79)
05-13 17:04:03.490 18960 18960 D LifecycleMonitor: Lifecycle status change: androidx.test.core.app.InstrumentationActivityInvoker$BootstrapActivity@78d7f32 in: PRE_ON_CREATE
05-13 17:04:03.491 18960 18960 D LifecycleMonitor: running callback: androidx.test.core.app.ActivityScenario$1@6ac9483
05-13 17:04:03.491 18532 18532 I ViewRootImpl@17cbfa6[MainActivity]: MSG_WINDOW_FOCUS_CHANGED 0 1
05-13 17:04:03.491 18960 18960 V ActivityScenario: Activity lifecycle changed event received but ignored because the intent does not match. startActivityIntent=Intent { act=android.intent.action.MAIN cat=[android.intent.category.LAUNCHER] cmp=com.example.dogglers/.VerticalListActivity }, activity.getIntent()=Intent { act=android.intent.action.MAIN cat=[android.intent.category.LAUNCHER] flg=0x10008000 cmp=com.example.dogglers/androidx.test.core.app.InstrumentationActivityInvoker$BootstrapActivity (has extras) }, activity=androidx.test.core.app.InstrumentationActivityInvoker$BootstrapActivity@78d7f32
05-13 17:04:03.491 18960 18960 D LifecycleMonitor: callback completes: androidx.test.core.app.ActivityScenario$1@6ac9483
05-13 17:04:03.503  3869  3869 I Layer   : id=44849[1] Destroyed Surface(name=e46760d StatusBar)/@0xc36a394 - animation-leash#0
05-13 17:04:03.503  3869  3869 I Layer   : id=44850[1] Destroyed Surface(name=8cb84e5 NavigationBar0)/@0x90a7f83 - animation-leash#0
05-13 17:04:03.529  3869  3869 D SurfaceFlinger: Display 0 HWC layers:
05-13 17:04:03.529  3869  3869 D SurfaceFlinger:      DEVICE | 0x7d82281500 | 0002 | RGBA_8888    |    0.0   19.0  720.0 1560.0 |    0    0  720 1541 | com.andrewshu.android.reddit/com.and[...]android.reddit.MainActivity$_18532#0
05-13 17:04:03.529  3869  3869 D SurfaceFlinger:  SOLID_COLOR |              | 0000 |  Unknown  |    0.0    0.0    0.0    0.0 |    0    0  720 1560 | Dim Layer for - DefaultTaskDisplayArea - animating-dim#0
05-13 17:04:03.529  3869  3869 D SurfaceFlinger:      DEVICE | 0x7e253c6600 | 0002 | RGBA_8888    |    0.0    0.0  720.0 1393.0 |    0  167  720 1560 | Splash Screen com.example.dogglers#0
05-13 17:04:03.529  3869  3869 D SurfaceFlinger:      DEVICE | 0x7d822813c0 | 0000 | RGBA_8888    |    0.0    0.0  720.0   53.0 |    0    0  720   53 | StatusBar$_4581#0
05-13 17:04:03.529  3869  3869 D SurfaceFlinger:      DEVICE | 0x7e253c6100 | 0000 | RGBA_8888    |    0.0    0.0  720.0   84.0 |    0 1476  720 1560 | NavigationBar0$_4581#0
05-13 17:04:03.529  3869  3869 D SurfaceFlinger:      DEVICE | 0x7da1414300 | 0000 | RGBA_8888    |    0.0    0.0  720.0  101.0 |    0    0  720  101 | ScreenDecorOverlay$_4581#0
05-13 17:04:03.529  3869  3869 D SurfaceFlinger:      DEVICE | 0x7e253c6ec0 | 0000 | RGBA_8888    |    0.0    0.0  720.0  101.0 |    0 1459  720 1560 | ScreenDecorOverlayBottom$_4581#0
05-13 17:04:03.529  3869  3869 D SurfaceFlinger:
05-13 17:04:03.543 19008 19046 D legacyImsManager[0]: Register Receiver for Restart
05-13 17:04:03.548 19008 19008 D EdgeLightingReceiver: com.samsung.android.app.edgelighting.PACKAGE_ADDED com.example.dogglers.test
05-13 17:04:03.555 18960 18960 I DecorView: [INFO] isPopOver=false, config=true
05-13 17:04:03.555 18960 18960 I DecorView: updateCaptionType >> DecorView@a99f5df[], isFloating=false, isApplication=true, hasWindowDecorCaption=false, hasWindowControllerCallback=true
05-13 17:04:03.555 18960 18960 D DecorView: setCaptionType = 0, this = DecorView@a99f5df[]
05-13 17:04:03.558 24680  5845 W SQLiteConnectionPool: The connection pool for database '+data+user+0+com_google_android_gms+databases+phenotype_db' has been unable to grant a connection to thread 97466 (highpool[13]) with flags 0x2 for 8.001 seconds.
05-13 17:04:03.558 24680  5845 W SQLiteConnectionPool: Connections: 0 active, 1 idle, 1 available.
05-13 17:04:03.567  4216  4225 I system_server: Background young concurrent copying GC freed 330792(13MB) AllocSpace objects, 14(3360KB) LOS objects, 17% free, 75MB/92MB, paused 404us total 132.701ms
05-13 17:04:03.578 19008 19046 D legacyImsManager: registerPreviousListeners:  mRegListeners:0 mDialogListeners:0 mVideoListeners:0 mImSessionListeners:0 mOngoingFtEventListeners:0 mAutoConfigurationListener:0 mSimMobilityStatusListeners:0 mEpdgListeners:0 mCmcRegListeners:0
05-13 17:04:03.585 18960 18960 D LifecycleMonitor: Lifecycle status change: androidx.test.core.app.InstrumentationActivityInvoker$BootstrapActivity@78d7f32 in: CREATED
05-13 17:04:03.585 18960 18960 D LifecycleMonitor: running callback: androidx.test.core.app.ActivityScenario$1@6ac9483
05-13 17:04:03.585 18960 18960 V ActivityScenario: Activity lifecycle changed event received but ignored because the intent does not match. startActivityIntent=Intent { act=android.intent.action.MAIN cat=[android.intent.category.LAUNCHER] cmp=com.example.dogglers/.VerticalListActivity }, activity.getIntent()=Intent { act=android.intent.action.MAIN cat=[android.intent.category.LAUNCHER] flg=0x10008000 cmp=com.example.dogglers/androidx.test.core.app.InstrumentationActivityInvoker$BootstrapActivity (has extras) }, activity=androidx.test.core.app.InstrumentationActivityInvoker$BootstrapActivity@78d7f32
05-13 17:04:03.586 18960 18960 D LifecycleMonitor: callback completes: androidx.test.core.app.ActivityScenario$1@6ac9483
05-13 17:04:03.594  4216  4443 W SemWifiTransportLayerUtils: getApplicationCategory - IOException com.example.dogglers
05-13 17:04:03.595  4216  4443 W System.err: java.io.FileNotFoundException: https://play.google.com/store/apps/details?id=com.example.dogglers&hl=en
05-13 17:04:03.596 18960 18960 D LifecycleMonitor: Lifecycle status change: androidx.test.core.app.InstrumentationActivityInvoker$BootstrapActivity@78d7f32 in: STARTED
05-13 17:04:03.596 18960 18960 D LifecycleMonitor: running callback: androidx.test.core.app.ActivityScenario$1@6ac9483
05-13 17:04:03.596 18960 18960 V ActivityScenario: Activity lifecycle changed event received but ignored because the intent does not match. startActivityIntent=Intent { act=android.intent.action.MAIN cat=[android.intent.category.LAUNCHER] cmp=com.example.dogglers/.VerticalListActivity }, activity.getIntent()=Intent { act=android.intent.action.MAIN cat=[android.intent.category.LAUNCHER] flg=0x10008000 cmp=com.example.dogglers/androidx.test.core.app.InstrumentationActivityInvoker$BootstrapActivity (has extras) }, activity=androidx.test.core.app.InstrumentationActivityInvoker$BootstrapActivity@78d7f32
05-13 17:04:03.596 18960 18960 D LifecycleMonitor: callback completes: androidx.test.core.app.ActivityScenario$1@6ac9483
05-13 17:04:03.597  4216  4443 W System.err: 	at com.android.okhttp.internal.huc.HttpURLConnectionImpl.getInputStream(HttpURLConnectionImpl.java:255)
05-13 17:04:03.597  4216  4443 W System.err: 	at com.android.okhttp.internal.huc.DelegatingHttpsURLConnection.getInputStream(DelegatingHttpsURLConnection.java:211)
05-13 17:04:03.597  4216  4443 W System.err: 	at com.android.okhttp.internal.huc.HttpsURLConnectionImpl.getInputStream(HttpsURLConnectionImpl.java:30)
05-13 17:04:03.597  4216  4443 W System.err: 	at com.samsung.android.server.wifi.tcp.SemWifiTransportLayerUtils.getApplicationCategory(SemWifiTransportLayerUtils.java:103)
05-13 17:04:03.597  4216  4443 W System.err: 	at com.samsung.android.server.wifi.tcp.SemWifiTransportLayerMonitor$TcpMonitorHandler.handleMessage(SemWifiTransportLayerMonitor.java:242)
05-13 17:04:03.597  4216  4443 W System.err: 	at android.os.Handler.dispatchMessage(Handler.java:106)
05-13 17:04:03.597  4216  4443 W System.err: 	at android.os.Looper.loop(Looper.java:246)
05-13 17:04:03.597  4216  4443 W System.err: 	at android.os.HandlerThread.run(HandlerThread.java:67)
05-13 17:04:03.598  4216  4443 D SemWifiTransportLayerMonitor.TcpMonitorHandler: MSG_SAVE_PACKAGE_INFO
05-13 17:04:03.598  4216  4443 D SemWifiTransportLayerFileManager: saveWifiPackageInfoToFile
05-13 17:04:03.598  4216  4443 D SemWifiTransportLayerFileManager: writeWifiPackageInfoList
05-13 17:04:03.608  3869  4272 I SurfaceFlinger: id=44864 createSurf (0x0),-1 flag=80004, ActivityRecord{49a3df u0 com.example.dogglers/.VerticalListActivity t1074}#0
05-13 17:04:03.616 18960 18960 D LifecycleMonitor: Lifecycle status change: androidx.test.core.app.InstrumentationActivityInvoker$BootstrapActivity@78d7f32 in: RESUMED
05-13 17:04:03.616 18960 18960 D LifecycleMonitor: running callback: androidx.test.core.app.ActivityScenario$1@6ac9483
05-13 17:04:03.616 18960 18960 V ActivityScenario: Activity lifecycle changed event received but ignored because the intent does not match. startActivityIntent=Intent { act=android.intent.action.MAIN cat=[android.intent.category.LAUNCHER] cmp=com.example.dogglers/.VerticalListActivity }, activity.getIntent()=Intent { act=android.intent.action.MAIN cat=[android.intent.category.LAUNCHER] flg=0x10008000 cmp=com.example.dogglers/androidx.test.core.app.InstrumentationActivityInvoker$BootstrapActivity (has extras) }, activity=androidx.test.core.app.InstrumentationActivityInvoker$BootstrapActivity@78d7f32
05-13 17:04:03.616 18960 18960 D LifecycleMonitor: callback completes: androidx.test.core.app.ActivityScenario$1@6ac9483
05-13 17:04:03.617  4216  4241 I ViewRootImpl@d5b03b1[dogglers]: MSG_RESIZED_REPORT: frame=(0,0,720,1560) ci=(0,53,0,84) vi=(0,53,0,84) or=1
05-13 17:04:03.617  4216  4241 I ViewRootImpl@d5b03b1[dogglers]: [DP] dp(1) 1 android.view.ViewRootImpl.reportNextDraw:10957 android.view.ViewRootImpl.access$1200:256 android.view.ViewRootImpl$ViewRootHandler.handleMessage:6101
05-13 17:04:03.621  4216  4241 V WindowManager: Relayout Window{66b1417 u0 Splash Screen com.example.dogglers}: viewVisibility=0 req=720x1560
05-13 17:04:03.624  4216  4241 I SurfaceControl: nativeRelease nativeObject s[493617308992]
05-13 17:04:03.624  4216  4241 I SurfaceControl: nativeRelease nativeObject e[493617308992]
05-13 17:04:03.625  4216  4241 V WindowManager: Relayout hash=66b1417, pid=4216: mAttrs={(0,0)(fillxfill) sim={adjust=pan} layoutInDisplayCutoutMode=shortEdges ty=APPLICATION_STARTING wanim=0x1030001
05-13 17:04:03.625  4216  4241 V WindowManager:   fl=1830118
05-13 17:04:03.625  4216  4241 V WindowManager:   pfl=12020011
05-13 17:04:03.625  4216  4241 V WindowManager:   fitSides= naviIconColor=0}
05-13 17:04:03.626  4216  4241 I SurfaceControl: nativeRelease nativeObject s[493616025280]
05-13 17:04:03.626  4216  4241 I SurfaceControl: nativeRelease nativeObject e[493616025280]
05-13 17:04:03.626  4216  4241 I SurfaceControl: nativeRelease nativeObject s[493616028160]
05-13 17:04:03.626  4216  4241 I SurfaceControl: nativeRelease nativeObject e[493616028160]
05-13 17:04:03.626  4216  4241 I ViewRootImpl@d5b03b1[dogglers]: Relayout returned: old=(0,0,720,1560) new=(0,0,720,1560) req=(720,1560)0 dur=5 res=0x1 s={true 493594587136} ch=false fn=2
05-13 17:04:03.627  3827 27783 D gralloc : [mali_gralloc_allocate] begin
05-13 17:04:03.627  3827 27783 D gralloc : buffer_descriptor: wh(720 1560) usage_pc(0x966 0x906) hal_format(0x1) layer_count(1) sizes(0 0 0) strde(0) byte_stride(0) alloc_wh(0 0) internal_format(0x0) alloc_format(0x0) fd_count(1) plane_count(0)
05-13 17:04:03.629  3827 27783 D gralloc : [mali_gralloc_allocate] allocation successful
05-13 17:04:03.631 18960 18960 D LifecycleMonitor: Lifecycle status change: androidx.test.core.app.InstrumentationActivityInvoker$BootstrapActivity@78d7f32 in: PAUSED
05-13 17:04:03.631 18960 18960 D LifecycleMonitor: running callback: androidx.test.core.app.ActivityScenario$1@6ac9483
05-13 17:04:03.632 18960 18960 V ActivityScenario: Activity lifecycle changed event received but ignored because the intent does not match. startActivityIntent=Intent { act=android.intent.action.MAIN cat=[android.intent.category.LAUNCHER] cmp=com.example.dogglers/.VerticalListActivity }, activity.getIntent()=Intent { act=android.intent.action.MAIN cat=[android.intent.category.LAUNCHER] flg=0x10008000 cmp=com.example.dogglers/androidx.test.core.app.InstrumentationActivityInvoker$BootstrapActivity (has extras) }, activity=androidx.test.core.app.InstrumentationActivityInvoker$BootstrapActivity@78d7f32
05-13 17:04:03.632 18960 18960 D LifecycleMonitor: callback completes: androidx.test.core.app.ActivityScenario$1@6ac9483
05-13 17:04:03.636  4216  4910 V WindowOrientationListener: getProposedRotation: -1
05-13 17:04:03.638  4216  4241 I ViewRootImpl@d5b03b1[dogglers]: [DP] pdf(0) 1 android.view.ViewRootImpl.performDraw:4809 android.view.ViewRootImpl.performTraversals:3866 android.view.ViewRootImpl.doTraversal:2618
05-13 17:04:03.638  4216  4241 I ViewRootImpl@d5b03b1[dogglers]: [DP] rdf()
05-13 17:04:03.639  4216  4910 D InputDispatcher: Focused application set to (0): 49a3df
05-13 17:04:03.651 19008 19046 D SystemUIImsManager: onConnected mImsManager : slotId = 0
05-13 17:04:03.663 19008 19046 D legacyImsManager[0]: registerImsRegistrationListener
05-13 17:04:03.699 18126 18157 E PhenotypeFlagCommitter: Retrieving snapshot for com.google.android.projection.gearhead failed
05-13 17:04:03.699 18126 18157 E PhenotypeFlagCommitter: java.util.concurrent.TimeoutException: Timed out waiting for Task
05-13 17:04:03.699 18126 18157 E PhenotypeFlagCommitter: 	at joe.c(SourceFile:8)
05-13 17:04:03.699 18126 18157 E PhenotypeFlagCommitter: 	at jlo.d(SourceFile:2)
05-13 17:04:03.699 18126 18157 E PhenotypeFlagCommitter: 	at jlo.c(SourceFile:2)
05-13 17:04:03.699 18126 18157 E PhenotypeFlagCommitter: 	at gue.run(SourceFile:105)
05-13 17:04:03.699 18126 18157 E PhenotypeFlagCommitter: 	at java.util.concurrent.ThreadPoolExecutor.runWorker(ThreadPoolExecutor.java:1167)
05-13 17:04:03.699 18126 18157 E PhenotypeFlagCommitter: 	at java.util.concurrent.ThreadPoolExecutor$Worker.run(ThreadPoolExecutor.java:641)
05-13 17:04:03.699 18126 18157 E PhenotypeFlagCommitter: 	at java.lang.Thread.run(Thread.java:923)
05-13 17:04:03.699 18126 18157 W GH.PhenotypeCommitter: Unable to commit Phenotype flags!
05-13 17:04:03.701  3982  4451 I bauth_FPBAuthService: pcf : 0x1012, 0 ,2 ,0 ,0 ,0 ,2, 5.1.0.6
05-13 17:04:03.702  3982  4451 I bauth_FPBAuthService: thread id : 2, preenroll_flag : 0, nd cnt : 1, cso : 1, et : 0
05-13 17:04:03.702  3982  4451 I bauth_FPBAuthService: FPBAuthService, 11593
05-13 17:04:03.738 18960 18960 D LifecycleMonitor: Lifecycle status change: com.example.dogglers.VerticalListActivity@b5a3ac4 in: PRE_ON_CREATE
05-13 17:04:03.739 18960 18960 D LifecycleMonitor: running callback: androidx.test.core.app.ActivityScenario$1@6ac9483
05-13 17:04:03.739 18960 18960 V ActivityScenario: Activity lifecycle changed event received but ignored because the reported transition was not ON_CREATE while the last known transition was PRE_ON_CREATE
05-13 17:04:03.739 18960 18960 D LifecycleMonitor: callback completes: androidx.test.core.app.ActivityScenario$1@6ac9483
05-13 17:04:03.762 19008 19026 D SystemUIImsManager: RegistrationListener onRegistered[0] : VoWifi is Connected
05-13 17:04:03.769  4216  4241 I SurfaceControl: nativeRelease nativeObject s[493619791456]
05-13 17:04:03.769  4216  4241 I SurfaceControl: nativeRelease nativeObject e[493619791456]
05-13 17:04:03.787  3869  4272 I Layer   : id=44859 removeFromCurrentState Surface(name=Dim Layer for - DefaultTaskDisplayArea - animating-dim)/@0xc433b21 - animation-leash#0 (78)
05-13 17:04:03.787  3869  4272 I SurfaceFlinger: id=44859 Removed Surface(name=Dim Layer for - DefaultTaskDisplayArea - animating-dim)/@0xc433b21 - animation-leash#0 (78)
05-13 17:04:03.803  3869  3869 I Layer   : id=44859[1] Destroyed Surface(name=Dim Layer for - DefaultTaskDisplayArea - animating-dim)/@0xc433b21 - animation-leash#0
05-13 17:04:03.825  4881  4895 I id.app.launche: NativeAlloc concurrent copying GC freed 6601(368KB) AllocSpace objects, 0(0B) LOS objects, 49% free, 9820KB/19MB, paused 182us total 304.120ms
05-13 17:04:03.843  3869  3869 D SurfaceFlinger: Display 0 HWC layers:
05-13 17:04:03.843  3869  3869 D SurfaceFlinger:      DEVICE | 0x7da1415480 | 0002 | RGBA_8888    |    0.0    0.0  720.0 1560.0 |    0    0  720 1560 | Splash Screen com.example.dogglers#0
05-13 17:04:03.843  3869  3869 D SurfaceFlinger:      DEVICE | 0x7d822813c0 | 0000 | RGBA_8888    |    0.0    0.0  720.0   53.0 |    0    0  720   53 | StatusBar$_4581#0
05-13 17:04:03.843  3869  3869 D SurfaceFlinger:      DEVICE | 0x7e253c6100 | 0000 | RGBA_8888    |    0.0    0.0  720.0   84.0 |    0 1476  720 1560 | NavigationBar0$_4581#0
05-13 17:04:03.843  3869  3869 D SurfaceFlinger:      DEVICE | 0x7da1414300 | 0000 | RGBA_8888    |    0.0    0.0  720.0  101.0 |    0    0  720  101 | ScreenDecorOverlay$_4581#0
05-13 17:04:03.843  3869  3869 D SurfaceFlinger:      DEVICE | 0x7e253c6ec0 | 0000 | RGBA_8888    |    0.0    0.0  720.0  101.0 |    0 1459  720 1560 | ScreenDecorOverlayBottom$_4581#0
05-13 17:04:03.843  3869  3869 D SurfaceFlinger:
05-13 17:04:03.850 18960 18960 I DecorView: [INFO] isPopOver=false, config=true
05-13 17:04:03.850 18960 18960 I DecorView: updateCaptionType >> DecorView@dc52eeb[], isFloating=false, isApplication=true, hasWindowDecorCaption=false, hasWindowControllerCallback=true
05-13 17:04:03.850 18960 18960 D DecorView: setCaptionType = 0, this = DecorView@dc52eeb[]
05-13 17:04:03.870  4216  4241 I SurfaceControl: nativeRelease nativeObject s[493619429984]
05-13 17:04:03.870  4216  4241 I SurfaceControl: nativeRelease nativeObject e[493619429984]
05-13 17:04:03.870  4216  4241 I SurfaceControl: nativeRelease nativeObject s[493619791360]
05-13 17:04:03.871  4216  4241 I SurfaceControl: nativeRelease nativeObject e[493619791360]
05-13 17:04:03.874  4216  4241 I SurfaceControl: nativeRelease nativeObject s[493619792416]
05-13 17:04:03.874  4216  4241 I SurfaceControl: nativeRelease nativeObject e[493619792416]
05-13 17:04:03.876  4581  4595 I ndroid.systemu: NativeAlloc concurrent copying GC freed 11530(734KB) AllocSpace objects, 2(40KB) LOS objects, 49% free, 18MB/36MB, paused 328us total 355.389ms
05-13 17:04:03.877  3869  4272 I Layer   : id=44857 removeFromCurrentState Surface(name=Task=1038)/@0x576a2c6 - animation-leash#0 (77)
05-13 17:04:03.878  3869  4272 I Layer   : id=44860 removeFromCurrentState Surface(name=Task=1074)/@0x99993cc - animation-leash#0 (77)
05-13 17:04:03.878  3869  4272 I Layer   : id=44853 removeFromCurrentState Task=1074#0 (77)
05-13 17:04:03.878  3869  4272 I Layer   : id=44854 removeFromCurrentState ActivityRecord{bad1327 u0 com.example.dogglers/androidx.test.core.app.InstrumentationActivityInvoker$BootstrapActivity t1074}#0 (77)
05-13 17:04:03.878  3869  4272 I Layer   : id=44864 removeFromCurrentState ActivityRecord{49a3df u0 com.example.dogglers/.VerticalListActivity t1074}#0 (77)
05-13 17:04:03.878  3869  4272 I Layer   : id=44855 removeFromCurrentState 66b1417 Splash Screen com.example.dogglers#0 (77)
05-13 17:04:03.878  3869  4272 I Layer   : id=44856 removeFromCurrentState Splash Screen com.example.dogglers#0 (77)
05-13 17:04:03.878  3869  4272 I Layer   : id=44858 removeFromCurrentState Dim Layer for - DefaultTaskDisplayArea - animating-dim#0 (77)
05-13 17:04:03.878  4581  4597 W System  : A resource failed to call release.
05-13 17:04:03.878  4581  4597 I SurfaceControl: nativeRelease nativeObject s[493625984896]
05-13 17:04:03.878  3869  4272 I Layer   : id=15 removeFromCurrentState ImeContainer#0 (77)
05-13 17:04:03.878  3869  4272 I Layer   : id=23215 removeFromCurrentState WindowToken{838714 android.os.Binder@2cf4d67}#0 (77)
05-13 17:04:03.878  4581  4597 I SurfaceControl: nativeRelease nativeObject e[493625984896]
05-13 17:04:03.878  3869  4272 I Layer   : id=44852 removeFromCurrentState Surface(name=6946458 InputMethod)/@0xac62e96 - animation-leash#0 (77)
05-13 17:04:03.878  3869  4272 I Layer   : id=23216 removeFromCurrentState 6946458 InputMethod#0 (77)
05-13 17:04:03.878  3869  4272 I Layer   : id=44853 addToCurrentState Task=1074#0 (77)
05-13 17:04:03.878  3869  4272 I Layer   : id=44854 addToCurrentState ActivityRecord{bad1327 u0 com.example.dogglers/androidx.test.core.app.InstrumentationActivityInvoker$BootstrapActivity t1074}#0 (77)
05-13 17:04:03.878  3869  4272 I Layer   : id=44864 addToCurrentState ActivityRecord{49a3df u0 com.example.dogglers/.VerticalListActivity t1074}#0 (77)
05-13 17:04:03.878  3869  4272 I Layer   : id=44855 addToCurrentState 66b1417 Splash Screen com.example.dogglers#0 (77)
05-13 17:04:03.878  3869  4272 I Layer   : id=44856 addToCurrentState Splash Screen com.example.dogglers#0 (77)
05-13 17:04:03.878  3869  4272 I Layer   : id=15 addToCurrentState ImeContainer#0 (77)
05-13 17:04:03.878  3869  4272 I Layer   : id=23215 addToCurrentState WindowToken{838714 android.os.Binder@2cf4d67}#0 (77)
05-13 17:04:03.878  3869  4272 I Layer   : id=44852 addToCurrentState Surface(name=6946458 InputMethod)/@0xac62e96 - animation-leash#0 (77)
05-13 17:04:03.878  3869  4272 I Layer   : id=23216 addToCurrentState 6946458 InputMethod#0 (77)
05-13 17:04:03.878  4581  4597 W System  : A resource failed to call release.
05-13 17:04:03.878  4581  4597 I SurfaceControl: nativeRelease nativeObject s[493862657920]
05-13 17:04:03.879  4581  4597 I SurfaceControl: nativeRelease nativeObject e[493862657920]
05-13 17:04:03.879  3869  5320 I SurfaceFlinger: id=44841 Removed Surface(name=6946458 InputMethod)/@0xac62e96 - animation-leash#1 (77)
05-13 17:04:03.879  3869  5320 I SurfaceFlinger: id=44811 Removed Surface(name=6946458 InputMethod)/@0xac62e96 - animation-leash#0 (77)
05-13 17:04:03.879  3869  5320 I SurfaceFlinger: id=44858 Removed Dim Layer for - DefaultTaskDisplayArea - animating-dim#0 (77)
05-13 17:04:03.879  3869  3917 I SurfaceFlinger: id=44857 Removed Surface(name=Task=1038)/@0x576a2c6 - animation-leash#0 (77)
05-13 17:04:03.879  3869  3917 I SurfaceFlinger: id=44860 Removed Surface(name=Task=1074)/@0x99993cc - animation-leash#0 (77)
05-13 17:04:03.886  3869  3869 I Layer   : id=44841[1] Destroyed Surface(name=6946458 InputMethod)/@0xac62e96 - animation-leash#1
05-13 17:04:03.886  5712 19029 W adbd    : timed out while waiting for FUNCTIONFS_BIND, trying again
05-13 17:04:03.886  5712 19029 I adbd    : UsbFfs: connection terminated: monitor thread finished
05-13 17:04:03.886  3869  3869 I Layer   : id=44811[1] Destroyed Surface(name=6946458 InputMethod)/@0xac62e96 - animation-leash#0
05-13 17:04:03.887  3869  3869 I Layer   : id=44858[1] Destroyed Dim Layer for - DefaultTaskDisplayArea - animating-dim#0
05-13 17:04:03.887  3869  3869 I Layer   : id=44857[1] Destroyed Surface(name=Task=1038)/@0x576a2c6 - animation-leash#0
05-13 17:04:03.887  3869  3869 I Layer   : id=44860[1] Destroyed Surface(name=Task=1074)/@0x99993cc - animation-leash#0
05-13 17:04:03.889  5712  5712 I adbd    : UsbFfs: already offline
05-13 17:04:03.889  5712  5712 I adbd    : destroying transport UsbFfs
05-13 17:04:03.889  5712  5712 I adbd    : UsbFfsConnection being destroyed
05-13 17:04:03.893  3869  5014 E BufferQueueProducer: [com.andrewshu.android.reddit/com.andrewshu.android.reddit.MainActivity$_18532#0](id:f1d00002138,api:0,p:-1,c:3869) disconnect: not connected (req=1)
05-13 17:04:03.894 18532 23204 W libEGL  : EGLNativeWindowType 0x72893b0010 disconnect failed
05-13 17:04:03.895  4216  6355 V WindowManager: Relayout Window{94f4253 u0 com.andrewshu.android.reddit/com.andrewshu.android.reddit.MainActivity}: viewVisibility=8 req=720x1560
05-13 17:04:03.899  4216  6355 V WindowManager: Relayout hash=94f4253, pid=18532: mAttrs={(0,0)(fillxfill) sim={state=always_hidden adjust=resize} ty=BASE_APPLICATION wanim=0x1030304
05-13 17:04:03.899  4216  6355 V WindowManager:   fl=81810100
05-13 17:04:03.899  4216  6355 V WindowManager:   pfl=12020000
05-13 17:04:03.899  4216  6355 V WindowManager:   fitSides= naviIconColor=0}
05-13 17:04:03.900 18532 18532 I SurfaceControl: nativeRelease nativeObject s[493616124000]
05-13 17:04:03.900 18532 18532 I SurfaceControl: nativeRelease nativeObject e[493616124000]
05-13 17:04:03.901 18532 18532 I SurfaceControl: assignNativeObject: nativeObject = 0 Surface(name=null)/@0xf4ff773 / android.view.SurfaceControl.readFromParcel:1117 android.view.IWindowSession$Stub$Proxy.relayout:1810 android.view.ViewRootImpl.relayoutWindow:9005 android.view.ViewRootImpl.performTraversals:3360 android.view.ViewRootImpl.doTraversal:2618 android.view.ViewRootImpl$TraversalRunnable.run:9971 android.view.Choreographer$CallbackRecord.run:1010 android.view.Choreographer.doCallbacks:809 android.view.Choreographer.doFrame:744 android.view.Choreographer$FrameDisplayEventReceiver.run:995
05-13 17:04:03.902 18532 18532 I SurfaceControl: assignNativeObject: nativeObject = 0 Surface(name=null)/@0x9018219 / android.view.SurfaceControl.readFromParcel:1117 android.view.IWindowSession$Stub$Proxy.relayout:1820 android.view.ViewRootImpl.relayoutWindow:9005 android.view.ViewRootImpl.performTraversals:3360 android.view.ViewRootImpl.doTraversal:2618 android.view.ViewRootImpl$TraversalRunnable.run:9971 android.view.Choreographer$CallbackRecord.run:1010 android.view.Choreographer.doCallbacks:809 android.view.Choreographer.doFrame:744 android.view.Choreographer$FrameDisplayEventReceiver.run:995
05-13 17:04:03.905 18532 18532 I SurfaceControl: nativeRelease nativeObject s[493616125344]
05-13 17:04:03.905 18532 18532 I SurfaceControl: nativeRelease nativeObject e[493616125344]
05-13 17:04:03.905 18532 18532 I ViewRootImpl@17cbfa6[MainActivity]: Relayout returned: old=(0,0,720,1560) new=(0,0,720,1560) req=(720,1560)8 dur=8 res=0x5 s={false 0} ch=true fn=23
05-13 17:04:03.925 18612 19061 I android.youtub: Waiting for a blocking GC ClassLinker
05-13 17:04:03.930 18960 18960 W xample.doggler: Accessing hidden method Landroid/view/View;->computeFitSystemWindows(Landroid/graphics/Rect;Landroid/graphics/Rect;)Z (greylist, reflection, allowed)
05-13 17:04:03.932 18960 18960 W xample.doggler: Accessing hidden method Landroid/view/ViewGroup;->makeOptionalFitsSystemWindows()V (greylist, reflection, allowed)
05-13 17:04:03.935  5712  5717 I adbd    : opening control endpoint /dev/usb-ffs/adb/ep0
05-13 17:04:03.938  5712  5717 I adbd    : UsbFfsConnection constructed
05-13 17:04:03.939  5712 19064 I adbd    : UsbFfs-monitor thread spawned
05-13 17:04:03.957 16953 18945 I GOS:DataUpdater: request insert for 1
05-13 17:04:03.961 16953 18945 I GOS:DataUpdater: updateGlobalAndPkgData(), isRegisteredDevice: true
05-13 17:04:03.967 18960 18960 D LifecycleMonitor: Lifecycle status change: com.example.dogglers.VerticalListActivity@b5a3ac4 in: CREATED
05-13 17:04:03.968 18960 18960 D LifecycleMonitor: running callback: androidx.test.core.app.ActivityScenario$1@6ac9483
05-13 17:04:03.968 18960 18960 V ActivityScenario: Update currentActivityStage to CREATED, currentActivity=com.example.dogglers.VerticalListActivity@b5a3ac4
05-13 17:04:03.968 18960 18960 D LifecycleMonitor: callback completes: androidx.test.core.app.ActivityScenario$1@6ac9483
05-13 17:04:03.973 18960 18960 D LifecycleMonitor: Lifecycle status change: com.example.dogglers.VerticalListActivity@b5a3ac4 in: STARTED
05-13 17:04:03.973 18960 18960 D LifecycleMonitor: running callback: androidx.test.core.app.ActivityScenario$1@6ac9483
05-13 17:04:03.974 18960 18960 V ActivityScenario: Update currentActivityStage to STARTED, currentActivity=com.example.dogglers.VerticalListActivity@b5a3ac4
05-13 17:04:03.974 18960 18960 D LifecycleMonitor: callback completes: androidx.test.core.app.ActivityScenario$1@6ac9483
05-13 17:04:03.976 18960 18960 D LifecycleMonitor: Lifecycle status change: com.example.dogglers.VerticalListActivity@b5a3ac4 in: RESUMED
05-13 17:04:03.977 18960 18960 D LifecycleMonitor: running callback: androidx.test.core.app.ActivityScenario$1@6ac9483
05-13 17:04:03.977 18960 18960 V ActivityScenario: Update currentActivityStage to RESUMED, currentActivity=com.example.dogglers.VerticalListActivity@b5a3ac4
05-13 17:04:03.977 18960 18960 D LifecycleMonitor: callback completes: androidx.test.core.app.ActivityScenario$1@6ac9483
05-13 17:04:04.002  4216  6355 D InputTransport: Input channel constructed: '13ff3f2', fd=740
05-13 17:04:04.002  4216  6355 D InputTransport: Input channel constructed: '13ff3f2', fd=743
05-13 17:04:04.005  3869  3917 I SurfaceFlinger: id=44865 createSurf (0x0),-1 flag=80004, 13ff3f2 com.example.dogglers/com.example.dogglers.VerticalListActivity#0
05-13 17:04:04.006  4216  6355 D WindowManager: isScreenshotDisabledLocked - win: Window{13ff3f2 u0 com.example.dogglers/com.example.dogglers.VerticalListActivity}
05-13 17:04:04.006  4216  6355 D WindowManager: isScreenshotDisabledLocked: userId = 0, disabled =false
05-13 17:04:04.006  4216  6355 D InputTransport: Input channel destroyed: '13ff3f2', fd=743
05-13 17:04:04.007 18960 18960 D InputTransport: Input channel constructed: '13ff3f2', fd=80
05-13 17:04:04.011 18960 18960 I ViewRootImpl@4726b24[VerticalListActivity]: setView = com.android.internal.policy.DecorView@dc52eeb TM=true
05-13 17:04:04.020 18960 19033 D EventInjectionStrategy: Creating injection strategy with input manager.
05-13 17:04:04.021 18960 19033 W xample.doggler: Accessing hidden method Landroid/hardware/input/InputManager;->getInstance()Landroid/hardware/input/InputManager; (greylist, reflection, allowed)
05-13 17:04:04.021 18960 19033 W xample.doggler: Accessing hidden method Landroid/hardware/input/InputManager;->injectInputEvent(Landroid/view/InputEvent;I)Z (greylist, reflection, allowed)
05-13 17:04:04.021 18960 19033 W xample.doggler: Accessing hidden field Landroid/hardware/input/InputManager;->INJECT_INPUT_EVENT_MODE_WAIT_FOR_FINISH:I (greylist, reflection, allowed)
05-13 17:04:04.041  4216  4602 V WindowManager: Relayout Window{13ff3f2 u0 com.example.dogglers/com.example.dogglers.VerticalListActivity}: viewVisibility=0 req=720x1560
05-13 17:04:04.043  4216  4602 D WindowManager: isScreenshotDisabledLocked - win: Window{13ff3f2 u0 com.example.dogglers/com.example.dogglers.VerticalListActivity}
05-13 17:04:04.043  4216  4602 D WindowManager: isScreenshotDisabledLocked: userId = 0, disabled =false
05-13 17:04:04.044  3869  3917 I SurfaceFlinger: id=44866 createSurf (720x1560),1 flag=404, com.example.dogglers/com.example.dogglers.VerticalListActivity$_18960#0
05-13 17:04:04.047  4216  4602 I SurfaceControl: nativeRelease nativeObject s[493619793760]
05-13 17:04:04.047  4216  4602 I SurfaceControl: nativeRelease nativeObject e[493619793760]
05-13 17:04:04.048  3869  3917 I SurfaceFlinger: id=44867 createSurf (0x0),-1 flag=24000, Surface(name=e46760d StatusBar)/@0xc36a394 - animation-leash#0
05-13 17:04:04.049  4216  4602 I SurfaceControl: nativeRelease nativeObject s[493619795680]
05-13 17:04:04.049  4216  4602 I SurfaceControl: nativeRelease nativeObject e[493619795680]
05-13 17:04:04.049  3869  3917 I SurfaceFlinger: id=44868 createSurf (0x0),-1 flag=24000, Surface(name=8cb84e5 NavigationBar0)/@0x90a7f83 - animation-leash#0
05-13 17:04:04.051  4216  4602 V WindowManager: Relayout hash=13ff3f2, pid=18960: mAttrs={(0,0)(fillxfill) sim={adjust=resize forwardNavigation} ty=BASE_APPLICATION wanim=0x1030304
05-13 17:04:04.051  4216  4602 V WindowManager:   fl=81810100
05-13 17:04:04.051  4216  4602 V WindowManager:   pfl=12020000
05-13 17:04:04.051  4216  4602 V WindowManager:   fitSides= naviIconColor=0}
05-13 17:04:04.051  4216  4602 I SurfaceControl: nativeRelease nativeObject s[493619426720]
05-13 17:04:04.052  4216  4602 I SurfaceControl: nativeRelease nativeObject e[493619426720]
05-13 17:04:04.055 18960 18960 I SurfaceControl: assignNativeObject: nativeObject = 0 Surface(name=null)/@0x5b042 / android.view.SurfaceControl.readFromParcel:1117 android.view.IWindowSession$Stub$Proxy.relayout:1820 android.view.ViewRootImpl.relayoutWindow:9005 android.view.ViewRootImpl.performTraversals:3360 android.view.ViewRootImpl.doTraversal:2618 android.view.ViewRootImpl$TraversalRunnable.run:9971 android.view.Choreographer$CallbackRecord.run:1010 android.view.Choreographer.doCallbacks:809 android.view.Choreographer.doFrame:744 android.view.Choreographer$FrameDisplayEventReceiver.run:995
05-13 17:04:04.057 18960 18960 I ViewRootImpl@4726b24[VerticalListActivity]: Relayout returned: old=(0,0,720,1560) new=(0,0,720,1560) req=(720,1560)0 dur=15 res=0x7 s={true 495852265472} ch=true fn=-1
05-13 17:04:04.062  3827 27783 D gralloc : [mali_gralloc_allocate] begin
05-13 17:04:04.062  3827 27783 D gralloc : buffer_descriptor: wh(720 1560) usage_pc(0x40000000000b00 0x40000000000b00) hal_format(0x1) layer_count(1) sizes(0 0 0) strde(0) byte_stride(0) alloc_wh(0 0) internal_format(0x0) alloc_format(0x0) fd_count(1) plane_count(0)
05-13 17:04:04.063  3827 27783 D gralloc : [mali_gralloc_allocate] allocation successful
05-13 17:04:04.064  3827 27783 D gralloc : [mali_gralloc_allocate] begin
05-13 17:04:04.064  3827 27783 D gralloc : buffer_descriptor: wh(720 1560) usage_pc(0x40000000000b00 0x40000000000b00) hal_format(0x1) layer_count(1) sizes(0 0 0) strde(0) byte_stride(0) alloc_wh(0 0) internal_format(0x0) alloc_format(0x0) fd_count(1) plane_count(0)
05-13 17:04:04.066  3827 27783 D gralloc : [mali_gralloc_allocate] allocation successful
05-13 17:04:04.066  3827 27783 D gralloc : [mali_gralloc_allocate] begin
05-13 17:04:04.066  3827 27783 D gralloc : buffer_descriptor: wh(720 1560) usage_pc(0x40000000000b00 0x40000000000b00) hal_format(0x1) layer_count(1) sizes(0 0 0) strde(0) byte_stride(0) alloc_wh(0 0) internal_format(0x0) alloc_format(0x0) fd_count(1) plane_count(0)
05-13 17:04:04.067  3800  3822 E Netd    : getNetworkForDns: getNetId from enterpriseCtrl is netid 0
05-13 17:04:04.070  3827 27783 D gralloc : [mali_gralloc_allocate] allocation successful
05-13 17:04:04.071  3869  5014 I Layer   : id=44862 removeFromCurrentState Surface(name=e46760d StatusBar)/@0xc36a394 - animation-leash#1 (76)
05-13 17:04:04.071  3869  5014 I Layer   : id=44863 removeFromCurrentState Surface(name=8cb84e5 NavigationBar0)/@0x90a7f83 - animation-leash#1 (76)
05-13 17:04:04.072  4216  4241 I SurfaceControl: nativeRelease nativeObject s[493619795872]
05-13 17:04:04.072  4216  4241 I SurfaceControl: nativeRelease nativeObject e[493619795872]
05-13 17:04:04.072  4216  4241 I SurfaceControl: nativeRelease nativeObject s[493617308992]
05-13 17:04:04.072  3869  5014 I SurfaceFlinger: id=44863 Removed Surface(name=8cb84e5 NavigationBar0)/@0x90a7f83 - animation-leash#1 (76)
05-13 17:04:04.072  4216  4241 I SurfaceControl: nativeRelease nativeObject e[493617308992]
05-13 17:04:04.073  3869  5014 I SurfaceFlinger: id=44862 Removed Surface(name=e46760d StatusBar)/@0xc36a394 - animation-leash#1 (76)
05-13 17:04:04.086  3869  3869 I Layer   : id=44862[1] Destroyed Surface(name=e46760d StatusBar)/@0xc36a394 - animation-leash#1
05-13 17:04:04.086  3869  3869 I Layer   : id=44863[1] Destroyed Surface(name=8cb84e5 NavigationBar0)/@0x90a7f83 - animation-leash#1
05-13 17:04:04.087  4216  4602 D NetdEventListenerService: DNS Requested by : 679, 10119
05-13 17:04:04.091  3800  3830 E Netd    : getNetworkForDns: getNetId from enterpriseCtrl is netid 0
05-13 17:04:04.159  3801  3801 D Zygote  : Forked child process 19071
05-13 17:04:04.191 19071 19071 E m.brave.browse: Not starting debugger since process cannot load the jdwp agent.
05-13 17:04:04.205 18612 18721 W WindDownApi: Unexpected error calling Digital Wellbeing
05-13 17:04:04.205 18612 18721 W WindDownApi: java.lang.IllegalArgumentException: Unknown authority com.google.android.apps.wellbeing.api
05-13 17:04:04.205 18612 18721 W WindDownApi: 	at android.content.ContentResolver.call(ContentResolver.java:2412)
05-13 17:04:04.205 18612 18721 W WindDownApi: 	at android.content.ContentResolver.call(ContentResolver.java:2395)
05-13 17:04:04.205 18612 18721 W WindDownApi: 	at bck.e(PG:3)
05-13 17:04:04.205 18612 18721 W WindDownApi: 	at eec.a(PG:18)
05-13 17:04:04.205 18612 18721 W WindDownApi: 	at aprb.rY(PG:1)
05-13 17:04:04.205 18612 18721 W WindDownApi: 	at apso.run(PG:2)
05-13 17:04:04.205 18612 18721 W WindDownApi: 	at acwx.run(PG:2)
05-13 17:04:04.205 18612 18721 W WindDownApi: 	at aqmd.call(PG:2)
05-13 17:04:04.205 18612 18721 W WindDownApi: 	at adxp.a(PG:1)
05-13 17:04:04.205 18612 18721 W WindDownApi: 	at adww.run(PG:4)
05-13 17:04:04.205 18612 18721 W WindDownApi: 	at adxq.run(PG:1)
05-13 17:04:04.205 18612 18721 W WindDownApi: 	at ngx.run(PG:23)
05-13 17:04:04.205 18612 18721 W WindDownApi: 	at nht.run(PG:129)
05-13 17:04:04.205 18612 18721 W WindDownApi: 	at mlg.run(PG:12)
05-13 17:04:04.205 18612 18721 W WindDownApi: 	at com.google.android.apps.youtube.embeddedplayer.service.jar.client.p.run(PG:5)
05-13 17:04:04.205 18612 18721 W WindDownApi: 	at java.lang.Thread.run(Thread.java:923)
05-13 17:04:04.205 19071 19071 D ActivityThread: setConscryptValidator
05-13 17:04:04.205 19071 19071 D ActivityThread: setConscryptValidator - put
05-13 17:04:04.272  4216  4389 D UntrustedWifiNetworkFactory: got request NetworkRequest [ TRACK_DEFAULT id=10728, [ Capabilities: INTERNET&NOT_RESTRICTED&TRUSTED Uid: 10155 AdministratorUids: [] RequestorUid: 10155 RequestorPackageName: com.google.android.youtube] ] with score 60 and providerId 4
05-13 17:04:04.272  4216  4389 D WifiNetworkFactory: got request NetworkRequest [ TRACK_DEFAULT id=10728, [ Capabilities: INTERNET&NOT_RESTRICTED&TRUSTED Uid: 10155 AdministratorUids: [] RequestorUid: 10155 RequestorPackageName: com.google.android.youtube] ] with score 60 and providerId 4
05-13 17:04:04.273  4216  4466 D Ethernet: got request NetworkRequest [ TRACK_DEFAULT id=10728, [ Capabilities: INTERNET&NOT_RESTRICTED&TRUSTED Uid: 10155 AdministratorUids: [] RequestorUid: 10155 RequestorPackageName: com.google.android.youtube] ] with score 60 and providerId 4
05-13 17:04:04.274  4563  4563 D PhoneSwitcherNetworkRequstListener: got request NetworkRequest [ TRACK_DEFAULT id=10728, [ Capabilities: INTERNET&NOT_RESTRICTED&TRUSTED Uid: 10155 AdministratorUids: [] RequestorUid: 10155 RequestorPackageName: com.google.android.youtube] ] with score 60 and providerId 4
05-13 17:04:04.316 19071 19071 W m.brave.browse: JIT profile information will not be recorded: profile file does not exist.
05-13 17:04:04.329 18960 18960 I ViewRootImpl@4726b24[VerticalListActivity]: [DP] dp(1) 1 android.view.ViewRootImpl.reportNextDraw:10957 android.view.ViewRootImpl.performTraversals:3845 android.view.ViewRootImpl.doTraversal:2618
05-13 17:04:04.329 18960 18960 I ViewRootImpl@4726b24[VerticalListActivity]: [DP] pd() Asnyc report
05-13 17:04:04.346 19071 19071 D NetworkSecurityConfig: Using Network Security Config from resource 0_resource_name_obfuscated debugBuild: false
