05-13 17:04:08.418  3869  3916 I SurfaceFlinger: id=44933 Removed ActivityRecord{193da79 u0 com.example.dogglers/.VerticalListActivity t1076}#0 (81)
05-13 17:04:08.420 16953 16953 I GOS:GameServiceReceiver: action : com.samsung.android.intent.action.PACKAGE_INSTALL_STARTED
05-13 17:04:08.420 16953 16953 I GOS:GameServiceReceiver:  PkgInstallStarted for com.example.dogglers UserID : 0
05-13 17:04:08.421  3801  3801 D Zygote  : Forked child process 19281
05-13 17:04:08.424 18960 18960 D LifecycleMonitor: Lifecycle status change: androidx.test.core.app.InstrumentationActivityInvoker$EmptyActivity@ff4e9d4 in: PAUSED
05-13 17:04:08.424 18960 18960 D LifecycleMonitor: running callback: androidx.test.core.app.ActivityScenario$1@785e854
05-13 17:04:08.425 18960 18960 V ActivityScenario: Activity lifecycle changed event received but ignored because the intent does not match. startActivityIntent=Intent { act=android.intent.action.MAIN cat=[android.intent.category.LAUNCHER] cmp=com.example.dogglers/.VerticalListActivity }, activity.getIntent()=Intent { act=android.intent.action.MAIN cat=[android.intent.category.LAUNCHER] flg=0x10000000 cmp=com.example.dogglers/androidx.test.core.app.InstrumentationActivityInvoker$EmptyActivity }, activity=androidx.test.core.app.InstrumentationActivityInvoker$EmptyActivity@ff4e9d4
05-13 17:04:08.425 18960 18960 D LifecycleMonitor: callback completes: androidx.test.core.app.ActivityScenario$1@785e854
05-13 17:04:08.427  4216  4602 V WindowOrientationListener: getProposedRotation: -1
05-13 17:04:08.428  4216  4602 V WindowOrientationListener: getProposedRotation: -1
05-13 17:04:08.429  4216  4602 V WindowOrientationListener: getProposedRotation: -1
05-13 17:04:08.431  4216  4602 D InputDispatcher: Focused application set to (0): 9adbd7f
05-13 17:04:08.432  3869  3869 I Layer   : id=44933[1] Destroyed ActivityRecord{193da79 u0 com.example.dogglers/.VerticalListActivity t1076}#0
05-13 17:04:08.440  4216  6378 D SamsungIMMSHWKeyboard: isConnectedDexOnPC false
05-13 17:04:08.440  4216  6378 D InputMethodManagerService: isImeSwitcherDisabledPackage : false
05-13 17:04:08.440 18960 18960 I SurfaceControl: nativeRelease nativeObject s[494172221280]
05-13 17:04:08.441 18960 18960 I SurfaceControl: nativeRelease nativeObject e[494172221280]
05-13 17:04:08.441 18960 18960 I SurfaceControl: nativeRelease nativeObject s[494171176448]
05-13 17:04:08.441 18960 18960 I SurfaceControl: nativeRelease nativeObject e[494171176448]
05-13 17:04:08.455 18960 18960 D LifecycleMonitor: Lifecycle status change: androidx.test.core.app.InstrumentationActivityInvoker$BootstrapActivity@d456ba7 in: DESTROYED
05-13 17:04:08.455 18960 18960 D LifecycleMonitor: running callback: androidx.test.core.app.ActivityScenario$1@785e854
05-13 17:04:08.456 18960 18960 V ActivityScenario: Activity lifecycle changed event received but ignored because the intent does not match. startActivityIntent=Intent { act=android.intent.action.MAIN cat=[android.intent.category.LAUNCHER] cmp=com.example.dogglers/.VerticalListActivity }, activity.getIntent()=Intent { act=android.intent.action.MAIN cat=[android.intent.category.LAUNCHER] flg=0x10008000 cmp=com.example.dogglers/androidx.test.core.app.InstrumentationActivityInvoker$BootstrapActivity (has extras) }, activity=androidx.test.core.app.InstrumentationActivityInvoker$BootstrapActivity@d456ba7
05-13 17:04:08.456 18960 18960 D LifecycleMonitor: callback completes: androidx.test.core.app.ActivityScenario$1@785e854
05-13 17:04:08.459  4216  6376 I SurfaceControl: nativeRelease nativeObject s[493802177120]
05-13 17:04:08.459  4216  6376 I SurfaceControl: nativeRelease nativeObject e[493802177120]
05-13 17:04:08.465  3869  4272 I Layer   : id=44927 removeFromCurrentState ActivityRecord{5d0d312 u0 com.example.dogglers/androidx.test.core.app.InstrumentationActivityInvoker$BootstrapActivity t1076}#0 (80)
05-13 17:04:08.466  3869  4272 I SurfaceFlinger: id=44927 Removed ActivityRecord{5d0d312 u0 com.example.dogglers/androidx.test.core.app.InstrumentationActivityInvoker$BootstrapActivity t1076}#0 (80)
05-13 17:04:08.467  4216  6376 I InputDispatcher: Focus left window (18960): 36ac96d in display 0 0
05-13 17:04:08.473 18960 18960 D LifecycleMonitor: Lifecycle status change: androidx.test.core.app.InstrumentationActivityInvoker$EmptyActivity@29f3b1 in: PRE_ON_CREATE
05-13 17:04:08.473 18960 18960 D LifecycleMonitor: running callback: androidx.test.core.app.ActivityScenario$1@785e854
05-13 17:04:08.474 18960 18960 V ActivityScenario: Activity lifecycle changed event received but ignored because the intent does not match. startActivityIntent=Intent { act=android.intent.action.MAIN cat=[android.intent.category.LAUNCHER] cmp=com.example.dogglers/.VerticalListActivity }, activity.getIntent()=Intent { act=android.intent.action.MAIN cat=[android.intent.category.LAUNCHER] flg=0x10000000 cmp=com.example.dogglers/androidx.test.core.app.InstrumentationActivityInvoker$EmptyActivity }, activity=androidx.test.core.app.InstrumentationActivityInvoker$EmptyActivity@29f3b1
05-13 17:04:08.474 18960 18960 D LifecycleMonitor: callback completes: androidx.test.core.app.ActivityScenario$1@785e854
05-13 17:04:08.478 19281 19281 E ileged_process: Not starting debugger since process cannot load the jdwp agent.
05-13 17:04:08.482  3869  3869 I Layer   : id=44927[1] Destroyed ActivityRecord{5d0d312 u0 com.example.dogglers/androidx.test.core.app.InstrumentationActivityInvoker$BootstrapActivity t1076}#0
05-13 17:04:08.487 19281 19281 D ActivityThread: setConscryptValidator
05-13 17:04:08.487 19281 19281 D ActivityThread: setConscryptValidator - put
05-13 17:04:08.489 18960 18960 I DecorView: [INFO] isPopOver=false, config=true
05-13 17:04:08.489 18960 18960 I DecorView: updateCaptionType >> DecorView@9ab8417[], isFloating=false, isApplication=true, hasWindowDecorCaption=false, hasWindowControllerCallback=true
05-13 17:04:08.489 18960 18960 D DecorView: setCaptionType = 0, this = DecorView@9ab8417[]
05-13 17:04:08.492 19008 19195 D PolicyVersion: Server version : 0
05-13 17:04:08.497 18960 18960 D LifecycleMonitor: Lifecycle status change: androidx.test.core.app.InstrumentationActivityInvoker$EmptyActivity@29f3b1 in: CREATED
05-13 17:04:08.497 18960 18960 D LifecycleMonitor: running callback: androidx.test.core.app.ActivityScenario$1@785e854
05-13 17:04:08.498 18960 18960 V ActivityScenario: Activity lifecycle changed event received but ignored because the intent does not match. startActivityIntent=Intent { act=android.intent.action.MAIN cat=[android.intent.category.LAUNCHER] cmp=com.example.dogglers/.VerticalListActivity }, activity.getIntent()=Intent { act=android.intent.action.MAIN cat=[android.intent.category.LAUNCHER] flg=0x10000000 cmp=com.example.dogglers/androidx.test.core.app.InstrumentationActivityInvoker$EmptyActivity }, activity=androidx.test.core.app.InstrumentationActivityInvoker$EmptyActivity@29f3b1
05-13 17:04:08.498 18960 18960 D LifecycleMonitor: callback completes: androidx.test.core.app.ActivityScenario$1@785e854
05-13 17:04:08.501 18960 18960 D LifecycleMonitor: Lifecycle status change: androidx.test.core.app.InstrumentationActivityInvoker$EmptyActivity@29f3b1 in: STARTED
05-13 17:04:08.501 18960 18960 D LifecycleMonitor: running callback: androidx.test.core.app.ActivityScenario$1@785e854
05-13 17:04:08.502 18960 18960 V ActivityScenario: Activity lifecycle changed event received but ignored because the intent does not match. startActivityIntent=Intent { act=android.intent.action.MAIN cat=[android.intent.category.LAUNCHER] cmp=com.example.dogglers/.VerticalListActivity }, activity.getIntent()=Intent { act=android.intent.action.MAIN cat=[android.intent.category.LAUNCHER] flg=0x10000000 cmp=com.example.dogglers/androidx.test.core.app.InstrumentationActivityInvoker$EmptyActivity }, activity=androidx.test.core.app.InstrumentationActivityInvoker$EmptyActivity@29f3b1
05-13 17:04:08.502 18960 18960 D LifecycleMonitor: callback completes: androidx.test.core.app.ActivityScenario$1@785e854
05-13 17:04:08.537 18960 18960 D LifecycleMonitor: Lifecycle status change: androidx.test.core.app.InstrumentationActivityInvoker$EmptyActivity@29f3b1 in: RESUMED
05-13 17:04:08.537 18960 18960 D LifecycleMonitor: running callback: androidx.test.core.app.ActivityScenario$1@785e854
05-13 17:04:08.537 18960 18960 V ActivityScenario: Activity lifecycle changed event received but ignored because the intent does not match. startActivityIntent=Intent { act=android.intent.action.MAIN cat=[android.intent.category.LAUNCHER] cmp=com.example.dogglers/.VerticalListActivity }, activity.getIntent()=Intent { act=android.intent.action.MAIN cat=[android.intent.category.LAUNCHER] flg=0x10000000 cmp=com.example.dogglers/androidx.test.core.app.InstrumentationActivityInvoker$EmptyActivity }, activity=androidx.test.core.app.InstrumentationActivityInvoker$EmptyActivity@29f3b1
05-13 17:04:08.537 18960 18960 D LifecycleMonitor: callback completes: androidx.test.core.app.ActivityScenario$1@785e854
05-13 17:04:08.545  4216  6378 D InputTransport: Input channel constructed: '17303b9', fd=751
05-13 17:04:08.545  4216  6378 D InputTransport: Input channel constructed: '17303b9', fd=754
05-13 17:04:08.545 18576 18576 I Pixelmigrate: [PhenotypeSyncHelper] Phenotype registered successfully.
05-13 17:04:08.546  3869  3916 I SurfaceFlinger: id=44952 createSurf (0x0),-1 flag=80004, 17303b9 com.example.dogglers/androidx.test.core.app.InstrumentationActivityInvoker$EmptyActivity#0
05-13 17:04:08.547  4216  6378 D WindowManager: isScreenshotDisabledLocked - win: Window{17303b9 u0 com.example.dogglers/androidx.test.core.app.InstrumentationActivityInvoker$EmptyActivity}
05-13 17:04:08.547  4216  6378 D WindowManager: isScreenshotDisabledLocked: userId = 0, disabled =false
05-13 17:04:08.547  4216  6378 D InputTransport: Input channel destroyed: '17303b9', fd=754
05-13 17:04:08.549 18960 18960 D InputTransport: Input channel constructed: '17303b9', fd=87
05-13 17:04:08.551 18960 18960 I ViewRootImpl@1847022[InstrumentationActivityInvoker$EmptyActivity]: setView = com.android.internal.policy.DecorView@9ab8417 TM=true
05-13 17:04:08.563  4216  6882 V WindowManager: Relayout Window{17303b9 u0 com.example.dogglers/androidx.test.core.app.InstrumentationActivityInvoker$EmptyActivity}: viewVisibility=0 req=720x1560
05-13 17:04:08.565  4216  6882 D WindowManager: isScreenshotDisabledLocked - win: Window{17303b9 u0 com.example.dogglers/androidx.test.core.app.InstrumentationActivityInvoker$EmptyActivity}
05-13 17:04:08.565  4216  6882 D WindowManager: isScreenshotDisabledLocked: userId = 0, disabled =false
05-13 17:04:08.566  3869  3916 I SurfaceFlinger: id=44953 createSurf (720x1560),1 flag=404, com.example.dogglers/androidx.test.core.app.InstrumentationActivityInvoker$EmptyActivity$_18960#1
05-13 17:04:08.569  4216  6882 I SurfaceControl: nativeRelease nativeObject s[493619429984]
05-13 17:04:08.569  4216  6882 I SurfaceControl: nativeRelease nativeObject e[493619429984]
05-13 17:04:08.570  3869  3916 I SurfaceFlinger: id=44954 createSurf (0x0),-1 flag=24000, Surface(name=e46760d StatusBar)/@0xc36a394 - animation-leash#0
05-13 17:04:08.570  3595  3606 I servicemanager: network_management is isloated, getService has failed.
05-13 17:04:08.571  4216  6882 I SurfaceControl: nativeRelease nativeObject s[493619432000]
05-13 17:04:08.571  4216  6882 I SurfaceControl: nativeRelease nativeObject e[493619432000]
05-13 17:04:08.571  3869  3916 I SurfaceFlinger: id=44955 createSurf (0x0),-1 flag=24000, Surface(name=8cb84e5 NavigationBar0)/@0x90a7f83 - animation-leash#0
05-13 17:04:08.574  4216  6882 V WindowManager: Relayout hash=17303b9, pid=18960: mAttrs={(0,0)(fillxfill) sim={adjust=pan forwardNavigation} ty=BASE_APPLICATION wanim=0x1030001
05-13 17:04:08.574  4216  6882 V WindowManager:   fl=1810100
05-13 17:04:08.574  4216  6882 V WindowManager:   pfl=12020000
05-13 17:04:08.574  4216  6882 V WindowManager:   fitSides= naviIconColor=0}
05-13 17:04:08.574  3595  3606 I servicemanager: connectivity is isloated, getService has failed.
05-13 17:04:08.574  4216  6882 I SurfaceControl: nativeRelease nativeObject s[493802181440]
05-13 17:04:08.574  4216  6882 I SurfaceControl: nativeRelease nativeObject e[493802181440]
05-13 17:04:08.576 18960 18960 I SurfaceControl: assignNativeObject: nativeObject = 0 Surface(name=null)/@0xbda4ab3 / android.view.SurfaceControl.readFromParcel:1117 android.view.IWindowSession$Stub$Proxy.relayout:1820 android.view.ViewRootImpl.relayoutWindow:9005 android.view.ViewRootImpl.performTraversals:3360 android.view.ViewRootImpl.doTraversal:2618 android.view.ViewRootImpl$TraversalRunnable.run:9971 android.view.Choreographer$CallbackRecord.run:1010 android.view.Choreographer.doCallbacks:809 android.view.Choreographer.doFrame:744 android.view.Choreographer$FrameDisplayEventReceiver.run:995
05-13 17:04:08.579 18960 18960 I ViewRootImpl@1847022[InstrumentationActivityInvoker$EmptyActivity]: Relayout returned: old=(0,0,720,1560) new=(0,0,720,1560) req=(720,1560)0 dur=15 res=0x7 s={true 494172028928} ch=true fn=-1
05-13 17:04:08.583 18576 18576 I Pixelmigrate: [PhenotypeSyncHelper] Phenotype flags updated successfully.
05-13 17:04:08.584  3869  4272 I Layer   : id=44947 removeFromCurrentState Surface(name=e46760d StatusBar)/@0xc36a394 - animation-leash#1 (83)
05-13 17:04:08.584  3869  4272 I Layer   : id=44948 removeFromCurrentState Surface(name=8cb84e5 NavigationBar0)/@0x90a7f83 - animation-leash#1 (83)
05-13 17:04:08.584  3869  4272 I Layer   : id=21 removeFromCurrentState 8cb84e5 NavigationBar0#0 (83)
05-13 17:04:08.584  3869  4272 I Layer   : id=26 removeFromCurrentState NavigationBar0$_4581#0 (83)
05-13 17:04:08.584  3869  4272 I Layer   : id=21 addToCurrentState 8cb84e5 NavigationBar0#0 (83)
05-13 17:04:08.584  3869  4272 I Layer   : id=26 addToCurrentState NavigationBar0$_4581#0 (83)
05-13 17:04:08.585  3827 27783 D gralloc : [mali_gralloc_allocate] begin
05-13 17:04:08.585  3827 27783 D gralloc : buffer_descriptor: wh(720 1560) usage_pc(0x40000000000b00 0x40000000000b00) hal_format(0x1) layer_count(1) sizes(0 0 0) strde(0) byte_stride(0) alloc_wh(0 0) internal_format(0x0) alloc_format(0x0) fd_count(1) plane_count(0)
05-13 17:04:08.586 18960 18960 I ViewRootImpl@1847022[InstrumentationActivityInvoker$EmptyActivity]: [DP] dp(1) 1 android.view.ViewRootImpl.reportNextDraw:10957 android.view.ViewRootImpl.performTraversals:3845 android.view.ViewRootImpl.doTraversal:2618
05-13 17:04:08.586 18960 18960 I ViewRootImpl@1847022[InstrumentationActivityInvoker$EmptyActivity]: [DP] pd() Asnyc report
05-13 17:04:08.591  3827 27783 D gralloc : [mali_gralloc_allocate] allocation successful
05-13 17:04:08.592  3827 27783 D gralloc : [mali_gralloc_allocate] begin
05-13 17:04:08.592  3827 27783 D gralloc : buffer_descriptor: wh(720 1560) usage_pc(0x40000000000b00 0x40000000000b00) hal_format(0x1) layer_count(1) sizes(0 0 0) strde(0) byte_stride(0) alloc_wh(0 0) internal_format(0x0) alloc_format(0x0) fd_count(1) plane_count(0)
05-13 17:04:08.598 18960 18960 I ViewRootImpl@1847022[InstrumentationActivityInvoker$EmptyActivity]: [DP] pdf(0) 1 android.view.ViewRootImpl.lambda$performDraw$1$ViewRootImpl:4668 android.view.-$$Lambda$ViewRootImpl$DJd0VUYJgsebcnSohO6h8zc_ONI.run:6 android.os.Handler.handleCallback:938
05-13 17:04:08.598 18960 18960 I ViewRootImpl@1847022[InstrumentationActivityInvoker$EmptyActivity]: [DP] rdf()
05-13 17:04:08.600 18960 18960 I ViewRootImpl@71dee79[InstrumentationActivityInvoker$EmptyActivity]: MSG_WINDOW_FOCUS_CHANGED 0 1
05-13 17:04:08.602  3827 27783 D gralloc : [mali_gralloc_allocate] allocation successful
05-13 17:04:08.603  4216  4241 D PkgPredictorService: pkg:com.example.dogglers activity:androidx.test.core.app.InstrumentationActivityInvoker$EmptyActivity thisTime:217
05-13 17:04:08.603  3827  3827 D gralloc : [mali_gralloc_allocate] begin
05-13 17:04:08.604  3827  3827 D gralloc : buffer_descriptor: wh(720 1560) usage_pc(0x40000000000b00 0x40000000000b00) hal_format(0x1) layer_count(1) sizes(0 0 0) strde(0) byte_stride(0) alloc_wh(0 0) internal_format(0x0) alloc_format(0x0) fd_count(1) plane_count(0)
05-13 17:04:08.603 14897 14897 E FullInputEventModel: onStartInput event aborted: gc1: could not obtain extracted text (class gc1)
05-13 17:04:08.605  4216  4241 I SemDvfsHyPerManager: acquire hyper - AMS_RESUME_TAIL/4216@18, type = -999
05-13 17:04:08.605  4216  4241 I SemDvfsHyPerManager: acquire hyper - AMS_ACT_LAZY/4216@19, type = -999
05-13 17:04:08.606  3841  3871 I HYPER-HAL: [RequestManager.cpp]acquire(): Acquired ID : 8965513  [4216 / 18]    HINT : AMS_RESUME_TAIL    list :
05-13 17:04:08.606  4216  4245 I ActivityTaskManager: Displayed com.example.dogglers/androidx.test.core.app.InstrumentationActivityInvoker$EmptyActivity: +217ms
05-13 17:04:08.606  3841  3871 E HYPER-HAL: [HandlerSysfs.cpp]doResourceHandling(): Couldn't Open Sysfs - /sys/power/cstate_control
05-13 17:04:08.606  3841  3871 I HYPER-HAL: [ResourceManager.cpp]updateResource(): [CPUMinFreq] UpdateResource Request ID : 8965513    Value : 1560000
05-13 17:04:08.607  3841  3871 I HYPER-HAL: [RequestManager.cpp]acquire(): Acquired ID : 8969749  [4216 / 19]    HINT :      list :
05-13 17:04:08.607  3827  3827 D gralloc : [mali_gralloc_allocate] allocation successful
05-13 17:04:08.608  3841  3871 E HYPER-HAL: [Request.cpp]acquire(): Request:: id : 8969749, No Resource to set
05-13 17:04:08.608  3841  3871 E HYPER-HAL: [HandlerSysfs.cpp]doResourceHandling(): Couldn't Open Sysfs - /sys/power/cstate_control
05-13 17:04:08.609  3841  3871 I HYPER-HAL: [ResourceManager.cpp]removeResource(): [CPUMinFreq] RemoveResource Request ID : 8957044
05-13 17:04:08.609  3841  3871 I HYPER-HAL: [RequestManager.cpp]releaseLocked(): Released ID : 8957044
05-13 17:04:08.612 18960 18960 I SurfaceControl: nativeRelease nativeObject s[494172222240]
05-13 17:04:08.612 18960 18960 I SurfaceControl: nativeRelease nativeObject e[494172222240]
05-13 17:04:08.612 18960 18960 I SurfaceControl: nativeRelease nativeObject s[494172222144]
05-13 17:04:08.612 18960 18960 I SurfaceControl: nativeRelease nativeObject e[494172222144]
05-13 17:04:08.612 18960 18960 I SurfaceControl: nativeRelease nativeObject s[494172222048]
05-13 17:04:08.612 18960 18960 I SurfaceControl: nativeRelease nativeObject e[494172222048]
05-13 17:04:08.612  3869  5320 I SurfaceFlinger: id=44948 Removed Surface(name=8cb84e5 NavigationBar0)/@0x90a7f83 - animation-leash#1 (83)
05-13 17:04:08.612  3869  5320 I SurfaceFlinger: id=44947 Removed Surface(name=e46760d StatusBar)/@0xc36a394 - animation-leash#1 (83)
05-13 17:04:08.615  3869  3869 I Layer   : id=44947[1] Destroyed Surface(name=e46760d StatusBar)/@0xc36a394 - animation-leash#1
05-13 17:04:08.615  3869  3869 I Layer   : id=44948[1] Destroyed Surface(name=8cb84e5 NavigationBar0)/@0x90a7f83 - animation-leash#1
05-13 17:04:08.617  4216  6352 I InputDispatcher: Focus entered window (18960): 17303b9 in display 0 0
05-13 17:04:08.622  3869  3869 D SurfaceFlinger: Display 0 HWC layers:
05-13 17:04:08.622  3869  3869 D SurfaceFlinger:      DEVICE | 0x7da1414a80 | 0002 | RGBA_8888    |    0.0    0.0  720.0 1560.0 |    0    0  720 1560 | com.example.dogglers/androidx.test.c[...]tivityInvoker$EmptyActivity$_18960#1
05-13 17:04:08.622  3869  3869 D SurfaceFlinger:      DEVICE | 0x7d82281780 | 0000 | RGBA_8888    |    0.0    0.0  720.0   53.0 |    0    0  720   53 | StatusBar$_4581#0
05-13 17:04:08.622  3869  3869 D SurfaceFlinger:      DEVICE | 0x7e253c6100 | 0000 | RGBA_8888    |    0.0    0.0  720.0   84.0 |    0 1476  720 1560 | NavigationBar0$_4581#0
05-13 17:04:08.622  3869  3869 D SurfaceFlinger:      DEVICE | 0x7da1414300 | 0000 | RGBA_8888    |    0.0    0.0  720.0  101.0 |    0    0  720  101 | ScreenDecorOverlay$_4581#0
05-13 17:04:08.622  3869  3869 D SurfaceFlinger:      DEVICE | 0x7e253c6ec0 | 0000 | RGBA_8888    |    0.0    0.0  720.0  101.0 |    0 1459  720 1560 | ScreenDecorOverlayBottom$_4581#0
05-13 17:04:08.622  3869  3869 D SurfaceFlinger:
05-13 17:04:08.631 18576 19290 I FirebaseCrash: Sending crashes
05-13 17:04:08.633  3869  3916 E BufferQueueProducer: [com.example.dogglers/androidx.test.core.app.InstrumentationActivityInvoker$EmptyActivity$_18960#0](id:f1d00002145,api:0,p:-1,c:3869) disconnect: not connected (req=1)
05-13 17:04:08.633 18960 19041 W libEGL  : EGLNativeWindowType 0x72f57d0010 disconnect failed
05-13 17:04:08.634  4216  6352 V WindowManager: Relayout Window{36ac96d u0 com.example.dogglers/androidx.test.core.app.InstrumentationActivityInvoker$EmptyActivity}: viewVisibility=8 req=720x1560
05-13 17:04:08.639  4216  6352 V WindowManager: Relayout hash=36ac96d, pid=18960: mAttrs={(0,0)(fillxfill) sim={adjust=pan forwardNavigation} ty=BASE_APPLICATION wanim=0x1030001
05-13 17:04:08.639  4216  6352 V WindowManager:   fl=1810100
05-13 17:04:08.639  4216  6352 V WindowManager:   pfl=12020000
05-13 17:04:08.639  4216  6352 V WindowManager:   fitSides= naviIconColor=0}
05-13 17:04:08.640 18960 18960 I SurfaceControl: nativeRelease nativeObject s[494172227136]
05-13 17:04:08.640 18960 18960 I SurfaceControl: nativeRelease nativeObject e[494172227136]
05-13 17:04:08.641 18960 18960 I SurfaceControl: assignNativeObject: nativeObject = 0 Surface(name=null)/@0x8268870 / android.view.SurfaceControl.readFromParcel:1117 android.view.IWindowSession$Stub$Proxy.relayout:1810 android.view.ViewRootImpl.relayoutWindow:9005 android.view.ViewRootImpl.performTraversals:3360 android.view.ViewRootImpl.doTraversal:2618 android.view.ViewRootImpl$TraversalRunnable.run:9971 android.view.Choreographer$CallbackRecord.run:1010 android.view.Choreographer.doCallbacks:809 android.view.Choreographer.doFrame:744 android.view.Choreographer$FrameDisplayEventReceiver.run:995
05-13 17:04:08.641 18960 18960 I SurfaceControl: assignNativeObject: nativeObject = 0 Surface(name=null)/@0xfd97be / android.view.SurfaceControl.readFromParcel:1117 android.view.IWindowSession$Stub$Proxy.relayout:1820 android.view.ViewRootImpl.relayoutWindow:9005 android.view.ViewRootImpl.performTraversals:3360 android.view.ViewRootImpl.doTraversal:2618 android.view.ViewRootImpl$TraversalRunnable.run:9971 android.view.Choreographer$CallbackRecord.run:1010 android.view.Choreographer.doCallbacks:809 android.view.Choreographer.doFrame:744 android.view.Choreographer$FrameDisplayEventReceiver.run:995
05-13 17:04:08.642 18960 18960 I SurfaceControl: nativeRelease nativeObject s[494171179904]
05-13 17:04:08.642 18960 18960 I SurfaceControl: nativeRelease nativeObject e[494171179904]
05-13 17:04:08.643 18960 18960 I ViewRootImpl@71dee79[InstrumentationActivityInvoker$EmptyActivity]: Relayout returned: old=(0,0,720,1560) new=(0,0,720,1560) req=(720,1560)8 dur=7 res=0x5 s={false 0} ch=true fn=2
05-13 17:04:08.644 18960 18960 I ViewRootImpl@71dee79[InstrumentationActivityInvoker$EmptyActivity]: stopped(true) old=false
05-13 17:04:08.644 18960 18960 D LifecycleMonitor: Lifecycle status change: androidx.test.core.app.InstrumentationActivityInvoker$EmptyActivity@ff4e9d4 in: STOPPED
05-13 17:04:08.644 18960 18960 D LifecycleMonitor: running callback: androidx.test.core.app.ActivityScenario$1@785e854
05-13 17:04:08.645 18960 18960 V ActivityScenario: Activity lifecycle changed event received but ignored because the intent does not match. startActivityIntent=Intent { act=android.intent.action.MAIN cat=[android.intent.category.LAUNCHER] cmp=com.example.dogglers/.VerticalListActivity }, activity.getIntent()=Intent { act=android.intent.action.MAIN cat=[android.intent.category.LAUNCHER] flg=0x10000000 cmp=com.example.dogglers/androidx.test.core.app.InstrumentationActivityInvoker$EmptyActivity }, activity=androidx.test.core.app.InstrumentationActivityInvoker$EmptyActivity@ff4e9d4
05-13 17:04:08.645 18960 18960 D LifecycleMonitor: callback completes: androidx.test.core.app.ActivityScenario$1@785e854
05-13 17:04:08.645 19281 19281 W ileged_process: JIT profile information will not be recorded: profile file does not exist.
05-13 17:04:08.647 18960 18960 D LifecycleMonitor: Lifecycle status change: androidx.test.core.app.InstrumentationActivityInvoker$EmptyActivity@ff4e9d4 in: DESTROYED
05-13 17:04:08.647 18960 18960 D LifecycleMonitor: running callback: androidx.test.core.app.ActivityScenario$1@785e854
05-13 17:04:08.648 18960 18960 V ActivityScenario: Activity lifecycle changed event received but ignored because the intent does not match. startActivityIntent=Intent { act=android.intent.action.MAIN cat=[android.intent.category.LAUNCHER] cmp=com.example.dogglers/.VerticalListActivity }, activity.getIntent()=Intent { act=android.intent.action.MAIN cat=[android.intent.category.LAUNCHER] flg=0x10000000 cmp=com.example.dogglers/androidx.test.core.app.InstrumentationActivityInvoker$EmptyActivity }, activity=androidx.test.core.app.InstrumentationActivityInvoker$EmptyActivity@ff4e9d4
05-13 17:04:08.648 18960 18960 D LifecycleMonitor: callback completes: androidx.test.core.app.ActivityScenario$1@785e854
05-13 17:04:08.649  4216  6352 I InputDispatcher: Focus left window (18960): 17303b9 in display 0 0
05-13 17:04:08.650 18960 18960 I ViewRootImpl@71dee79[InstrumentationActivityInvoker$EmptyActivity]: dispatchDetachedFromWindow
05-13 17:04:08.650  4216  6352 D InputTransport: Input channel destroyed: '36ac96d', fd=741
05-13 17:04:08.651  4216  6352 I SurfaceControl: nativeRelease nativeObject s[493802179424]
05-13 17:04:08.651  4216  6352 I SurfaceControl: nativeRelease nativeObject e[493802179424]
05-13 17:04:08.651  4216  6352 D WindowManager: isScreenshotDisabledLocked - win: Window{36ac96d u0 com.example.dogglers/androidx.test.core.app.InstrumentationActivityInvoker$EmptyActivity}
05-13 17:04:08.651  4216  6352 D WindowManager: isScreenshotDisabledLocked: userId = 0, disabled =false
05-13 17:04:08.651  4216  6352 I SurfaceControl: nativeRelease nativeObject s[493801609120]
05-13 17:04:08.651  4216  6352 I SurfaceControl: nativeRelease nativeObject e[493801609120]
05-13 17:04:08.651  3869  3916 I SurfaceFlinger: id=44956 createSurf (0x0),-1 flag=24004, Surface(name=6946458 InputMethod)/@0xac62e96 - animation-leash#1
05-13 17:04:08.653  4216  6352 I SurfaceControl: nativeRelease nativeObject s[493619427584]
05-13 17:04:08.653  4216  6352 I SurfaceControl: nativeRelease nativeObject e[493619427584]
05-13 17:04:08.653  3869  3916 I Layer   : id=44946 removeFromCurrentState com.example.dogglers/androidx.test.core.app.InstrumentationActivityInvoker$EmptyActivity$_18960#0 (82)
05-13 17:04:08.653  3869  3916 I SurfaceFlinger: id=44946 Removed com.example.dogglers/androidx.test.core.app.InstrumentationActivityInvoker$EmptyActivity$_18960#0 (82)
05-13 17:04:08.655  3869  3916 I Layer   : id=44945 removeFromCurrentState 36ac96d com.example.dogglers/androidx.test.core.app.InstrumentationActivityInvoker$EmptyActivity#0 (82)
05-13 17:04:08.655  3869  3916 I Layer   : id=44951 removeFromCurrentState Surface(name=6946458 InputMethod)/@0xac62e96 - animation-leash#0 (82)
05-13 17:04:08.656  3869  3916 I SurfaceFlinger: id=44945 Removed 36ac96d com.example.dogglers/androidx.test.core.app.InstrumentationActivityInvoker$EmptyActivity#0 (82)
05-13 17:04:08.656 18960 18960 D InputTransport: Input channel destroyed: '36ac96d', fd=88
05-13 17:04:08.658 18960 18960 I ViewRootImpl@1847022[InstrumentationActivityInvoker$EmptyActivity]: MSG_WINDOW_FOCUS_CHANGED 0 1
05-13 17:04:08.658  4216  6378 I SurfaceControl: nativeRelease nativeObject s[493617121184]
05-13 17:04:08.658  4216  6378 I SurfaceControl: nativeRelease nativeObject e[493617121184]
05-13 17:04:08.661 18960 18960 D LifecycleMonitor: Lifecycle status change: androidx.test.core.app.InstrumentationActivityInvoker$EmptyActivity@29f3b1 in: PAUSED
05-13 17:04:08.661 18960 18960 D LifecycleMonitor: running callback: androidx.test.core.app.ActivityScenario$1@785e854
05-13 17:04:08.661 18960 18960 V ActivityScenario: Activity lifecycle changed event received but ignored because the intent does not match. startActivityIntent=Intent { act=android.intent.action.MAIN cat=[android.intent.category.LAUNCHER] cmp=com.example.dogglers/.VerticalListActivity }, activity.getIntent()=Intent { act=android.intent.action.MAIN cat=[android.intent.category.LAUNCHER] flg=0x10000000 cmp=com.example.dogglers/androidx.test.core.app.InstrumentationActivityInvoker$EmptyActivity }, activity=androidx.test.core.app.InstrumentationActivityInvoker$EmptyActivity@29f3b1
05-13 17:04:08.661 18960 18960 D LifecycleMonitor: callback completes: androidx.test.core.app.ActivityScenario$1@785e854
05-13 17:04:08.663  4216  6378 I SemDvfsHyPerManager: acquire hyper - AMS_ACT_RESUME/4216@15, type = -999
05-13 17:04:08.664  3799  3805 E statsd  : Predicate -7037417284711607308 dropping data for dimension key (10)0x2010101->10342[I] (10)0x30000->*launch*[S]
05-13 17:04:08.664  3841  3871 I HYPER-HAL: [RequestManager.cpp]acquire(): Acquired ID : 8952811  [4216 / 15]    HINT : AMS_ACT_RESUME    list :
05-13 17:04:08.665  3841  3871 E HYPER-HAL: [HandlerSysfs.cpp]doResourceHandling(): Couldn't Open Sysfs - /sys/power/cstate_control
05-13 17:04:08.665  3869  3869 I Layer   : id=44945[1] Destroyed 36ac96d com.example.dogglers/androidx.test.core.app.InstrumentationActivityInvoker$EmptyActivity#0
05-13 17:04:08.665  4216  6378 D InputDispatcher: Focused application set to (0): 366e19b
05-13 17:04:08.665  3869  3869 I Layer   : id=44946[1] Destroyed com.example.dogglers/androidx.test.core.app.InstrumentationActivityInvoker$EmptyActivity$_18960#0
05-13 17:04:08.666  3841  3871 I HYPER-HAL: [ResourceManager.cpp]updateResource(): [CPUMinFreq] UpdateResource Request ID : 8952811    Value : 1560000
05-13 17:04:08.666  4216  6378 V WindowOrientationListener: getProposedRotation: -1
05-13 17:04:08.667  4216  6378 V WindowOrientationListener: getProposedRotation: -1
05-13 17:04:08.667  4216  6378 V WindowOrientationListener: getProposedRotation: -1
05-13 17:04:08.673  3869  3916 I Layer   : id=44944 removeFromCurrentState ActivityRecord{878dff2 u0 com.example.dogglers/androidx.test.core.app.InstrumentationActivityInvoker$EmptyActivity t1076}#0 (80)
05-13 17:04:08.674  3869  3916 I SurfaceFlinger: id=44944 Removed ActivityRecord{878dff2 u0 com.example.dogglers/androidx.test.core.app.InstrumentationActivityInvoker$EmptyActivity t1076}#0 (80)
05-13 17:04:08.674 18960 18960 I ViewRootImpl@1847022[InstrumentationActivityInvoker$EmptyActivity]: MSG_WINDOW_FOCUS_CHANGED 0 1
05-13 17:04:08.675 18960 19033 I TestRunner: finished: vertical_scrolling(com.example.dogglers.VerticalListTests)
