05-13 17:04:06.731 18960 18960 I ViewRootImpl@aa7a145[InstrumentationActivityInvoker$EmptyActivity]: Relayout returned: old=(0,0,720,1560) new=(0,0,720,1560) req=(720,1560)0 dur=23 res=0x7 s={true 494171463680} ch=true fn=-1
05-13 17:04:06.736 18960 18960 I ViewRootImpl@aa7a145[InstrumentationActivityInvoker$EmptyActivity]: [DP] dp(1) 1 android.view.ViewRootImpl.reportNextDraw:10957 android.view.ViewRootImpl.performTraversals:3845 android.view.ViewRootImpl.doTraversal:2618
05-13 17:04:06.736  3827 27783 D gralloc : [mali_gralloc_allocate] begin
05-13 17:04:06.736 18960 18960 I ViewRootImpl@aa7a145[InstrumentationActivityInvoker$EmptyActivity]: [DP] pd() Asnyc report
05-13 17:04:06.736  3827 27783 D gralloc : buffer_descriptor: wh(720 1560) usage_pc(0x40000000000b00 0x40000000000b00) hal_format(0x1) layer_count(1) sizes(0 0 0) strde(0) byte_stride(0) alloc_wh(0 0) internal_format(0x0) alloc_format(0x0) fd_count(1) plane_count(0)
05-13 17:04:06.737  3827 27783 D gralloc : [mali_gralloc_allocate] allocation successful
05-13 17:04:06.738  3827 27783 D gralloc : [mali_gralloc_allocate] begin
05-13 17:04:06.738  3827 27783 D gralloc : buffer_descriptor: wh(720 1560) usage_pc(0x40000000000b00 0x40000000000b00) hal_format(0x1) layer_count(1) sizes(0 0 0) strde(0) byte_stride(0) alloc_wh(0 0) internal_format(0x0) alloc_format(0x0) fd_count(1) plane_count(0)
05-13 17:04:06.743  3827 27783 D gralloc : [mali_gralloc_allocate] allocation successful
05-13 17:04:06.744  3827 27783 D gralloc : [mali_gralloc_allocate] begin
05-13 17:04:06.744  3827 27783 D gralloc : buffer_descriptor: wh(720 1560) usage_pc(0x40000000000b00 0x40000000000b00) hal_format(0x1) layer_count(1) sizes(0 0 0) strde(0) byte_stride(0) alloc_wh(0 0) internal_format(0x0) alloc_format(0x0) fd_count(1) plane_count(0)
05-13 17:04:06.748 18960 18960 I ViewRootImpl@aa7a145[InstrumentationActivityInvoker$EmptyActivity]: [DP] pdf(0) 1 android.view.ViewRootImpl.lambda$performDraw$1$ViewRootImpl:4668 android.view.-$$Lambda$ViewRootImpl$DJd0VUYJgsebcnSohO6h8zc_ONI.run:6 android.os.Handler.handleCallback:938
05-13 17:04:06.748 18960 18960 I ViewRootImpl@aa7a145[InstrumentationActivityInvoker$EmptyActivity]: [DP] rdf()
05-13 17:04:06.751 18960 18960 I ViewRootImpl@53be278[InstrumentationActivityInvoker$EmptyActivity]: MSG_WINDOW_FOCUS_CHANGED 0 1
05-13 17:04:06.752  3827 27783 D gralloc : [mali_gralloc_allocate] allocation successful
05-13 17:04:06.753  4216  4241 D PkgPredictorService: pkg:com.example.dogglers activity:androidx.test.core.app.InstrumentationActivityInvoker$EmptyActivity thisTime:234
05-13 17:04:06.755  4216  4241 I SemDvfsHyPerManager: acquire hyper - AMS_RESUME_TAIL/4216@18, type = -999
05-13 17:04:06.755  4216  4241 I SemDvfsHyPerManager: acquire hyper - AMS_ACT_LAZY/4216@19, type = -999
05-13 17:04:06.755  4216  4245 I ActivityTaskManager: Displayed com.example.dogglers/androidx.test.core.app.InstrumentationActivityInvoker$EmptyActivity: +234ms
05-13 17:04:06.755  3841  3871 I HYPER-HAL: [RequestManager.cpp]acquire(): Acquired ID : 8965513  [4216 / 18]    HINT : AMS_RESUME_TAIL    list :
05-13 17:04:06.756  3841  3871 E HYPER-HAL: [HandlerSysfs.cpp]doResourceHandling(): Couldn't Open Sysfs - /sys/power/cstate_control
05-13 17:04:06.756  3841  3871 I HYPER-HAL: [ResourceManager.cpp]updateResource(): [CPUMinFreq] UpdateResource Request ID : 8965513    Value : 1560000
05-13 17:04:06.756  3841  3871 I HYPER-HAL: [RequestManager.cpp]acquire(): Acquired ID : 8969749  [4216 / 19]    HINT :      list :
05-13 17:04:06.756  3841  3871 E HYPER-HAL: [Request.cpp]acquire(): Request:: id : 8969749, No Resource to set
05-13 17:04:06.757  3841  3871 E HYPER-HAL: [HandlerSysfs.cpp]doResourceHandling(): Couldn't Open Sysfs - /sys/power/cstate_control
05-13 17:04:06.757  3841  3871 I HYPER-HAL: [ResourceManager.cpp]removeResource(): [CPUMinFreq] RemoveResource Request ID : 8957044
05-13 17:04:06.757  3841  3871 I HYPER-HAL: [RequestManager.cpp]releaseLocked(): Released ID : 8957044
05-13 17:04:06.765 18960 18960 I SurfaceControl: nativeRelease nativeObject s[494171178080]
05-13 17:04:06.765 18960 18960 I SurfaceControl: nativeRelease nativeObject e[494171178080]
05-13 17:04:06.765 18960 18960 I SurfaceControl: nativeRelease nativeObject s[494171177984]
05-13 17:04:06.765 18960 18960 I SurfaceControl: nativeRelease nativeObject e[494171177984]
05-13 17:04:06.765 18960 18960 I SurfaceControl: nativeRelease nativeObject s[494171177696]
05-13 17:04:06.765 18960 18960 I SurfaceControl: nativeRelease nativeObject e[494171177696]
05-13 17:04:06.765  3869  3917 I SurfaceFlinger: id=44911 Removed Surface(name=8cb84e5 NavigationBar0)/@0x90a7f83 - animation-leash#0 (79)
05-13 17:04:06.766  3869  5014 I SurfaceFlinger: id=44910 Removed Surface(name=e46760d StatusBar)/@0xc36a394 - animation-leash#0 (79)
05-13 17:04:06.767  3869  3869 I Layer   : id=44910[1] Destroyed Surface(name=e46760d StatusBar)/@0xc36a394 - animation-leash#0
05-13 17:04:06.767  3869  3869 I Layer   : id=44911[1] Destroyed Surface(name=8cb84e5 NavigationBar0)/@0x90a7f83 - animation-leash#0
05-13 17:04:06.768  4216  6352 I InputDispatcher: Focus entered window (18960): 7f868dc in display 0 0
05-13 17:04:06.769 14897 14897 E FullInputEventModel: onStartInput event aborted: gc1: could not obtain extracted text (class gc1)
05-13 17:04:06.773  3869  3869 D SurfaceFlinger: Display 0 HWC layers:
05-13 17:04:06.773  3869  3869 D SurfaceFlinger:      DEVICE | 0x7e253c5700 | 0002 | RGBA_8888    |    0.0    0.0  720.0 1560.0 |    0    0  720 1560 | com.example.dogglers/androidx.test.c[...]tivityInvoker$EmptyActivity$_18960#1
05-13 17:04:06.773  3869  3869 D SurfaceFlinger:      DEVICE | 0x7d822813c0 | 0000 | RGBA_8888    |    0.0    0.0  720.0   53.0 |    0    0  720   53 | StatusBar$_4581#0
05-13 17:04:06.773  3869  3869 D SurfaceFlinger:      DEVICE | 0x7e253c6100 | 0000 | RGBA_8888    |    0.0    0.0  720.0   84.0 |    0 1476  720 1560 | NavigationBar0$_4581#0
05-13 17:04:06.773  3869  3869 D SurfaceFlinger:      DEVICE | 0x7da1414300 | 0000 | RGBA_8888    |    0.0    0.0  720.0  101.0 |    0    0  720  101 | ScreenDecorOverlay$_4581#0
05-13 17:04:06.773  3869  3869 D SurfaceFlinger:      DEVICE | 0x7e253c6ec0 | 0000 | RGBA_8888    |    0.0    0.0  720.0  101.0 |    0 1459  720 1560 | ScreenDecorOverlayBottom$_4581#0
05-13 17:04:06.773  3869  3869 D SurfaceFlinger:
05-13 17:04:06.785  3869  5014 E BufferQueueProducer: [com.example.dogglers/androidx.test.core.app.InstrumentationActivityInvoker$EmptyActivity$_18960#0](id:f1d00002140,api:0,p:-1,c:3869) disconnect: not connected (req=1)
05-13 17:04:06.786 18960 19041 W libEGL  : EGLNativeWindowType 0x730ef2c010 disconnect failed
05-13 17:04:06.787  4216  6355 V WindowManager: Relayout Window{71a7fd9 u0 com.example.dogglers/androidx.test.core.app.InstrumentationActivityInvoker$EmptyActivity}: viewVisibility=8 req=720x1560
05-13 17:04:06.790  4216  6355 V WindowManager: Relayout hash=71a7fd9, pid=18960: mAttrs={(0,0)(fillxfill) sim={adjust=pan forwardNavigation} ty=BASE_APPLICATION wanim=0x1030001
05-13 17:04:06.790  4216  6355 V WindowManager:   fl=1810100
05-13 17:04:06.790  4216  6355 V WindowManager:   pfl=12020000
05-13 17:04:06.790  4216  6355 V WindowManager:   fitSides= naviIconColor=0}
05-13 17:04:06.792 18960 18960 I SurfaceControl: nativeRelease nativeObject s[494171180960]
05-13 17:04:06.792 18960 18960 I SurfaceControl: nativeRelease nativeObject e[494171180960]
05-13 17:04:06.792 18960 18960 I SurfaceControl: assignNativeObject: nativeObject = 0 Surface(name=null)/@0x14abdcb / android.view.SurfaceControl.readFromParcel:1117 android.view.IWindowSession$Stub$Proxy.relayout:1810 android.view.ViewRootImpl.relayoutWindow:9005 android.view.ViewRootImpl.performTraversals:3360 android.view.ViewRootImpl.doTraversal:2618 android.view.ViewRootImpl$TraversalRunnable.run:9971 android.view.Choreographer$CallbackRecord.run:1010 android.view.Choreographer.doCallbacks:809 android.view.Choreographer.doFrame:744 android.view.Choreographer$FrameDisplayEventReceiver.run:995
05-13 17:04:06.793 18960 18960 I SurfaceControl: assignNativeObject: nativeObject = 0 Surface(name=null)/@0xa502d51 / android.view.SurfaceControl.readFromParcel:1117 android.view.IWindowSession$Stub$Proxy.relayout:1820 android.view.ViewRootImpl.relayoutWindow:9005 android.view.ViewRootImpl.performTraversals:3360 android.view.ViewRootImpl.doTraversal:2618 android.view.ViewRootImpl$TraversalRunnable.run:9971 android.view.Choreographer$CallbackRecord.run:1010 android.view.Choreographer.doCallbacks:809 android.view.Choreographer.doFrame:744 android.view.Choreographer$FrameDisplayEventReceiver.run:995
05-13 17:04:06.794 18960 18960 I SurfaceControl: nativeRelease nativeObject s[494171174624]
05-13 17:04:06.794 18960 18960 I SurfaceControl: nativeRelease nativeObject e[494171174624]
05-13 17:04:06.795 18960 18960 I ViewRootImpl@53be278[InstrumentationActivityInvoker$EmptyActivity]: Relayout returned: old=(0,0,720,1560) new=(0,0,720,1560) req=(720,1560)8 dur=7 res=0x5 s={false 0} ch=true fn=2
05-13 17:04:06.804 18960 18960 I ViewRootImpl@53be278[InstrumentationActivityInvoker$EmptyActivity]: stopped(true) old=false
05-13 17:04:06.805 18960 18960 D LifecycleMonitor: Lifecycle status change: androidx.test.core.app.InstrumentationActivityInvoker$EmptyActivity@dee5ebf in: STOPPED
05-13 17:04:06.805 18960 18960 D LifecycleMonitor: running callback: androidx.test.core.app.ActivityScenario$1@190dfe3
05-13 17:04:06.805 18960 18960 V ActivityScenario: Activity lifecycle changed event received but ignored because the intent does not match. startActivityIntent=Intent { act=android.intent.action.MAIN cat=[android.intent.category.LAUNCHER] cmp=com.example.dogglers/.VerticalListActivity }, activity.getIntent()=Intent { act=android.intent.action.MAIN cat=[android.intent.category.LAUNCHER] flg=0x10000000 cmp=com.example.dogglers/androidx.test.core.app.InstrumentationActivityInvoker$EmptyActivity }, activity=androidx.test.core.app.InstrumentationActivityInvoker$EmptyActivity@dee5ebf
05-13 17:04:06.805 18960 18960 D LifecycleMonitor: callback completes: androidx.test.core.app.ActivityScenario$1@190dfe3
05-13 17:04:06.809 18960 18960 D LifecycleMonitor: Lifecycle status change: androidx.test.core.app.InstrumentationActivityInvoker$EmptyActivity@dee5ebf in: DESTROYED
05-13 17:04:06.809 18960 18960 D LifecycleMonitor: running callback: androidx.test.core.app.ActivityScenario$1@190dfe3
05-13 17:04:06.809 18960 18960 V ActivityScenario: Activity lifecycle changed event received but ignored because the intent does not match. startActivityIntent=Intent { act=android.intent.action.MAIN cat=[android.intent.category.LAUNCHER] cmp=com.example.dogglers/.VerticalListActivity }, activity.getIntent()=Intent { act=android.intent.action.MAIN cat=[android.intent.category.LAUNCHER] flg=0x10000000 cmp=com.example.dogglers/androidx.test.core.app.InstrumentationActivityInvoker$EmptyActivity }, activity=androidx.test.core.app.InstrumentationActivityInvoker$EmptyActivity@dee5ebf
05-13 17:04:06.809 18960 18960 D LifecycleMonitor: callback completes: androidx.test.core.app.ActivityScenario$1@190dfe3
05-13 17:04:06.811 18960 18960 I ViewRootImpl@53be278[InstrumentationActivityInvoker$EmptyActivity]: dispatchDetachedFromWindow
05-13 17:04:06.812  4216  6378 D InputTransport: Input channel destroyed: '71a7fd9', fd=613
05-13 17:04:06.813  4216  6378 I SurfaceControl: nativeRelease nativeObject s[493619435264]
05-13 17:04:06.813  4216  6378 I SurfaceControl: nativeRelease nativeObject e[493619435264]
05-13 17:04:06.813  4216  6378 D WindowManager: isScreenshotDisabledLocked - win: Window{71a7fd9 u0 com.example.dogglers/androidx.test.core.app.InstrumentationActivityInvoker$EmptyActivity}
05-13 17:04:06.813  4216  6378 D WindowManager: isScreenshotDisabledLocked: userId = 0, disabled =false
05-13 17:04:06.813  4216  6378 I SurfaceControl: nativeRelease nativeObject s[495838243168]
05-13 17:04:06.813  4216  6378 I SurfaceControl: nativeRelease nativeObject e[495838243168]
05-13 17:04:06.813  3869  5014 I SurfaceFlinger: id=44919 createSurf (0x0),-1 flag=24004, Surface(name=6946458 InputMethod)/@0xac62e96 - animation-leash#1
05-13 17:04:06.815  4216  6378 I SurfaceControl: nativeRelease nativeObject s[493617125792]
05-13 17:04:06.815  4216  6378 I SurfaceControl: nativeRelease nativeObject e[493617125792]
05-13 17:04:06.815  3869  5014 I Layer   : id=44909 removeFromCurrentState com.example.dogglers/androidx.test.core.app.InstrumentationActivityInvoker$EmptyActivity$_18960#0 (78)
05-13 17:04:06.816  3869  5014 I SurfaceFlinger: id=44909 Removed com.example.dogglers/androidx.test.core.app.InstrumentationActivityInvoker$EmptyActivity$_18960#0 (78)
05-13 17:04:06.817  3869  3869 I Layer   : id=44909[1] Destroyed com.example.dogglers/androidx.test.core.app.InstrumentationActivityInvoker$EmptyActivity$_18960#0
05-13 17:04:06.818  3869  5014 I Layer   : id=44908 removeFromCurrentState 71a7fd9 com.example.dogglers/androidx.test.core.app.InstrumentationActivityInvoker$EmptyActivity#0 (77)
05-13 17:04:06.818  3869  5014 I Layer   : id=44914 removeFromCurrentState Surface(name=6946458 InputMethod)/@0xac62e96 - animation-leash#0 (77)
05-13 17:04:06.818  3869  5014 I SurfaceFlinger: id=44908 Removed 71a7fd9 com.example.dogglers/androidx.test.core.app.InstrumentationActivityInvoker$EmptyActivity#0 (77)
05-13 17:04:06.821  4216  6882 I InputDispatcher: Focus left window (18960): 7f868dc in display 0 0
05-13 17:04:06.821 18960 18960 D InputTransport: Input channel destroyed: '71a7fd9', fd=88
05-13 17:04:06.822 18960 18960 I ViewRootImpl@aa7a145[InstrumentationActivityInvoker$EmptyActivity]: MSG_WINDOW_FOCUS_CHANGED 1 1
05-13 17:04:06.823 18960 18960 D InputMethodManager: prepareNavigationBarInfo() DecorView@82eb98e[InstrumentationActivityInvoker$EmptyActivity]
05-13 17:04:06.823 18960 18960 D InputMethodManager: getNavigationBarColor() -16711423
05-13 17:04:06.823  4216  4602 I SurfaceControl: nativeRelease nativeObject s[493617307840]
05-13 17:04:06.823  4216  4602 I SurfaceControl: nativeRelease nativeObject e[493617307840]
05-13 17:04:06.824 18960 18960 D InputMethodManager: prepareNavigationBarInfo() DecorView@82eb98e[InstrumentationActivityInvoker$EmptyActivity]
05-13 17:04:06.824 18960 18960 D InputMethodManager: getNavigationBarColor() -16711423
05-13 17:04:06.824 18960 18960 V InputMethodManager: Starting input: tba=com.example.dogglers ic=null mNaviBarColor -16711423 mIsGetNaviBarColorSuccess true , NavVisible : true , NavTrans : false
05-13 17:04:06.824 18960 18960 D InputMethodManager: startInputInner - Id : 0
05-13 17:04:06.824 18960 18960 I InputMethodManager: startInputInner - mService.startInputOrWindowGainedFocus
05-13 17:04:06.825  4216  6378 D InputMethodManagerService: mSecureKeypadEnabled = false
05-13 17:04:06.826  4216  6378 V InputMethodManagerService: hideCurrentInputLocked : shouldHideSoftInput is false
05-13 17:04:06.826  4216  6378 D InputMethodManagerService: mDesktopModeManager null!
05-13 17:04:06.827  4216  6378 V InputMethodManagerService: getDisplayIdOfInputMethodWindowToBeAdded : 0
05-13 17:04:06.827  4216  6378 D InputMethodManagerService: checkDisplayOfStartInputAndUpdateKeyboard display Id 0last 0
05-13 17:04:06.827  4216  6378 D InputTransport: Input channel constructed: 'ClientS', fd=613
05-13 17:04:06.827  4216  6378 D InputTransport: Input channel destroyed: 'ClientS', fd=613
05-13 17:04:06.827 18960 18960 D InputTransport: Input channel constructed: 'ClientS', fd=88
05-13 17:04:06.828 18960 18960 D InputTransport: Input channel destroyed: 'ClientS', fd=80
05-13 17:04:06.828  4216  6378 I SurfaceControl: nativeRelease nativeObject s[493616019520]
05-13 17:04:06.828  4216  6378 I SurfaceControl: nativeRelease nativeObject e[493616019520]
05-13 17:04:06.829  3869  5014 I SurfaceFlinger: id=44920 createSurf (0x0),-1 flag=24004, Surface(name=6946458 InputMethod)/@0xac62e96 - animation-leash#0
05-13 17:04:06.831 18960 18960 D LifecycleMonitor: Lifecycle status change: androidx.test.core.app.InstrumentationActivityInvoker$EmptyActivity@db48890 in: PAUSED
05-13 17:04:06.831 18960 18960 D LifecycleMonitor: running callback: androidx.test.core.app.ActivityScenario$1@190dfe3
05-13 17:04:06.831 14897 14897 D InputMethodService: checkDisplayOfStartInputAndUpdateKeyboard display Id 0last 0
05-13 17:04:06.831 18960 18960 V ActivityScenario: Activity lifecycle changed event received but ignored because the intent does not match. startActivityIntent=Intent { act=android.intent.action.MAIN cat=[android.intent.category.LAUNCHER] cmp=com.example.dogglers/.VerticalListActivity }, activity.getIntent()=Intent { act=android.intent.action.MAIN cat=[android.intent.category.LAUNCHER] flg=0x10000000 cmp=com.example.dogglers/androidx.test.core.app.InstrumentationActivityInvoker$EmptyActivity }, activity=androidx.test.core.app.InstrumentationActivityInvoker$EmptyActivity@db48890
05-13 17:04:06.831 18960 18960 D LifecycleMonitor: callback completes: androidx.test.core.app.ActivityScenario$1@190dfe3
05-13 17:04:06.833  3869  3869 I Layer   : id=44908[1] Destroyed 71a7fd9 com.example.dogglers/androidx.test.core.app.InstrumentationActivityInvoker$EmptyActivity#0
05-13 17:04:06.834  4216  4602 I SemDvfsHyPerManager: acquire hyper - AMS_ACT_RESUME/4216@15, type = -999
05-13 17:04:06.835  3841  3871 I HYPER-HAL: [RequestManager.cpp]acquire(): Acquired ID : 8952811  [4216 / 15]    HINT : AMS_ACT_RESUME    list :
05-13 17:04:06.835  3841  3871 E HYPER-HAL: [HandlerSysfs.cpp]doResourceHandling(): Couldn't Open Sysfs - /sys/power/cstate_control
05-13 17:04:06.836  3841  3871 I HYPER-HAL: [ResourceManager.cpp]updateResource(): [CPUMinFreq] UpdateResource Request ID : 8952811    Value : 1560000
05-13 17:04:06.836  4216  4602 D InputDispatcher: Focused application set to (0): 366e19b
05-13 17:04:06.837  3799  3805 E statsd  : Predicate -7037417284711607308 dropping data for dimension key (10)0x2010101->10342[I] (10)0x30000->*launch*[S]
05-13 17:04:06.838  4216  4602 V WindowOrientationListener: getProposedRotation: -1
05-13 17:04:06.838  4216  4602 V WindowOrientationListener: getProposedRotation: -1
05-13 17:04:06.839  4216  4602 V WindowOrientationListener: getProposedRotation: -1
05-13 17:04:06.840 19008 19008 D EdgeLightingSettingManager: write default enable app list... AllAppsAvailable
05-13 17:04:06.844  3869  5014 I Layer   : id=44919 removeFromCurrentState Surface(name=6946458 InputMethod)/@0xac62e96 - animation-leash#1 (77)
05-13 17:04:06.844  3869  5014 I Layer   : id=23216 removeFromCurrentState 6946458 InputMethod#0 (77)
05-13 17:04:06.844  3869  5014 I Layer   : id=44907 removeFromCurrentState ActivityRecord{5347f45 u0 com.example.dogglers/androidx.test.core.app.InstrumentationActivityInvoker$EmptyActivity t1075}#0 (77)
05-13 17:04:06.844  3869  5014 I Layer   : id=23216 addToCurrentState 6946458 InputMethod#0 (77)
05-13 17:04:06.845  3869  5014 I SurfaceFlinger: id=44907 Removed ActivityRecord{5347f45 u0 com.example.dogglers/androidx.test.core.app.InstrumentationActivityInvoker$EmptyActivity t1075}#0 (77)
05-13 17:04:06.847 18960 18960 I ViewRootImpl@aa7a145[InstrumentationActivityInvoker$EmptyActivity]: MSG_WINDOW_FOCUS_CHANGED 0 1
05-13 17:04:06.848 18960 19033 I TestRunner: finished: vertical_scroll_content_at_last_position(com.example.dogglers.VerticalListTests)
