05-13 17:04:05.551 18960 19033 I TestRunner: started: vertical_scroll_content_at_last_position(com.example.dogglers.VerticalListTests)
05-13 17:04:05.578 18960 19033 W Settings: Setting always_finish_activities has moved from android.provider.Settings.System to android.provider.Settings.Global, returning read-only value.
05-13 17:04:05.598  4216  5308 I SemDvfsHyPerManager: acquire hyper - AMS_APP_SWITCH/4216@31, type = -999
05-13 17:04:05.598  3841  3871 I HYPER-HAL: [RequestManager.cpp]acquire(): Acquired ID : 9020659  [4216 / 31]    HINT : AMS_APP_SWITCH    list :
05-13 17:04:05.599  3841  3871 E HYPER-HAL: [HandlerSysfs.cpp]doResourceHandling(): Couldn't Open Sysfs - /sys/power/cstate_control
05-13 17:04:05.599  3869  5014 I SurfaceFlinger: id=44889 createSurf (0x0),-1 flag=24004, Task=1075#0
05-13 17:04:05.600  6281  6281 I SemDvfsHyPerManager: acquire hyper - com.sec.android.sdhms/6281@9, type = -999
05-13 17:04:05.601  3841  3871 I HYPER-HAL: [ResourceManager.cpp]updateResource(): [CPUMinFreq] UpdateResource Request ID : 9020659    Value : 1560000
05-13 17:04:05.601  3841  3871 I HYPER-HAL: [RequestManager.cpp]acquire(): Acquired ID : 19785204  [6281 / 9]    HINT : APP_START    list :
05-13 17:04:05.601  3841  3871 E HYPER-HAL: [HandlerSysfs.cpp]doResourceHandling(): Couldn't Open Sysfs - /sys/kernel/mm/vmscan/am_app_launch
05-13 17:04:05.602  3841  3871 I HYPER-HAL: [ResourceManager.cpp]updateResource(): [CPUMaxFreq] UpdateResource Request ID : 19785204    Value : 1560000
05-13 17:04:05.604  3869  5014 I SurfaceFlinger: id=44890 createSurf (0x0),-1 flag=80004, ActivityRecord{acff0a0 u0 com.example.dogglers/androidx.test.core.app.InstrumentationActivityInvoker$BootstrapActivity t1075}#0
05-13 17:04:05.607  4216  6882 V WindowOrientationListener: getProposedRotation: -1
05-13 17:04:05.609  3799  3805 E statsd  : Predicate -7037417284711607308 dropping data for dimension key (10)0x2010101->10342[I] (10)0x30000->*launch*[S]
05-13 17:04:05.611  4216  6882 I SemDvfsHyPerManager: acquire hyper - AMS_APP_LAUNCH/4216@17, type = -999
05-13 17:04:05.612  3841  3871 I HYPER-HAL: [RequestManager.cpp]acquire(): Acquired ID : 8961278  [4216 / 17]    HINT : AMS_APP_LAUNCH    list :
05-13 17:04:05.614  3841  3871 E HYPER-HAL: [HandlerSysfs.cpp]doResourceHandling(): Couldn't Open Sysfs - /sys/power/cstate_control
05-13 17:04:05.614  3841  3871 I HYPER-HAL: [ResourceManager.cpp]updateResource(): [CPUMinFreq] UpdateResource Request ID : 8961278    Value : 1560000
05-13 17:04:05.630  4216  6378 V WindowOrientationListener: getProposedRotation: -1
05-13 17:04:05.630  4216  6378 V WindowOrientationListener: getProposedRotation: -1
05-13 17:04:05.631  4216  6378 V WindowOrientationListener: getProposedRotation: -1
05-13 17:04:05.633  4216  6378 D InputDispatcher: Focused application set to (0): acff0a0
05-13 17:04:05.643  4216  4241 D InputTransport: Input channel constructed: '7434591', fd=721
05-13 17:04:05.643  4216  4241 D InputTransport: Input channel constructed: '7434591', fd=744
05-13 17:04:05.643  4216  4443 I System.out: (HTTPLog)-Static: isSBSettingEnabled false
05-13 17:04:05.643  4216  4443 I System.out: (HTTPLog)-Static: isSBSettingEnabled false
05-13 17:04:05.643  3869  5014 I SurfaceFlinger: id=44891 createSurf (0x0),-1 flag=80004, 7434591 Splash Screen com.example.dogglers#0
05-13 17:04:05.645  3800  3822 E Netd    : getNetworkForDns: getNetId from enterpriseCtrl is netid 0
05-13 17:04:05.645  4216  4241 I ViewRootImpl@ea733b8[dogglers]: setView = com.android.internal.policy.DecorView@877d364 TM=true
05-13 17:04:05.650  4216  4241 V WindowManager: Relayout Window{7434591 u0 Splash Screen com.example.dogglers}: viewVisibility=0 req=720x1560
05-13 17:04:05.652  4216  6355 I InputDispatcher: Focus left window (18532): 94f4253 in display 0 0
05-13 17:04:05.652  4216  4241 D WindowManager: isScreenshotDisabledLocked - win: Window{7434591 u0 Splash Screen com.example.dogglers}
05-13 17:04:05.652  4216  4241 D WindowManager: isScreenshotDisabledLocked: userId = 0, disabled =false
05-13 17:04:05.653  3869  5014 I SurfaceFlinger: id=44892 createSurf (720x1560),1 flag=404, Splash Screen com.example.dogglers#0
05-13 17:04:05.655  4216  4454 D PkgPredictorService: com.example.dogglers go to foreground!
05-13 17:04:05.655  4216  4454 E PkgPredictorService-Collector: record changed bt=0  wifi=1 screen=0
05-13 17:04:05.656  4216  4454 D PkgPredictorService: previous pkgs: com.example.dogglers,com.andrewshu.android.reddit,com.example.dogglers running pkg: com.example.dogglers, uid: 0 is system: false
05-13 17:04:05.656  4216  4454 D PkgPredictorService-Collector: save record...
05-13 17:04:05.656  4216  4454 D PkgPredictorService-Collector:  (hour:17 day:6 previous:[com.example.dogglers, com.andrewshu.android.reddit, com.example.dogglers] activityName:unknown running:com.example.dogglers userId:0 screenOrientation:0 wifi:1 bt:0 predictTime:2 apkVersion:1.0 consumeTime:-1 preloaded:false>)
05-13 17:04:05.656  4216  4454 D PkgPredictorService-NapPreloadController: User using: com.example.dogglers
05-13 17:04:05.657  4216  4454 I PkgPredictorService-NapClassifier: RF predict version:1652418013125
05-13 17:04:05.657  4216  4241 V WindowManager: Relayout hash=7434591, pid=4216: mAttrs={(0,0)(fillxfill) sim={adjust=pan} layoutInDisplayCutoutMode=shortEdges ty=APPLICATION_STARTING wanim=0x1030001
05-13 17:04:05.657  4216  4241 V WindowManager:   fl=1830118
05-13 17:04:05.657  4216  4241 V WindowManager:   pfl=12020011
05-13 17:04:05.657  4216  4241 V WindowManager:   fitSides= naviIconColor=0}
05-13 17:04:05.657  4216  4241 I ViewRootImpl@ea733b8[dogglers]: Relayout returned: old=(0,0,720,1560) new=(0,0,720,1560) req=(720,1560)0 dur=7 res=0x7 s={true 493594587136} ch=true fn=-1
05-13 17:04:05.658  4216  4238 D SehCodecSolutionService: Update top [com.example.dogglers]
05-13 17:04:05.658 18960 18960 D LifecycleMonitor: Lifecycle status change: androidx.test.core.app.InstrumentationActivityInvoker$BootstrapActivity@d305c12 in: PRE_ON_CREATE
05-13 17:04:05.658 18960 18960 D LifecycleMonitor: running callback: androidx.test.core.app.ActivityScenario$1@190dfe3
05-13 17:04:05.659 18960 18960 V ActivityScenario: Activity lifecycle changed event received but ignored because the intent does not match. startActivityIntent=Intent { act=android.intent.action.MAIN cat=[android.intent.category.LAUNCHER] cmp=com.example.dogglers/.VerticalListActivity }, activity.getIntent()=Intent { act=android.intent.action.MAIN cat=[android.intent.category.LAUNCHER] flg=0x10008000 cmp=com.example.dogglers/androidx.test.core.app.InstrumentationActivityInvoker$BootstrapActivity (has extras) }, activity=androidx.test.core.app.InstrumentationActivityInvoker$BootstrapActivity@d305c12
05-13 17:04:05.659 18960 18960 D LifecycleMonitor: callback completes: androidx.test.core.app.ActivityScenario$1@190dfe3
05-13 17:04:05.659  4216  4241 I ViewRootImpl@ea733b8[dogglers]: [DP] dp(1) 1 android.view.ViewRootImpl.reportNextDraw:10957 android.view.ViewRootImpl.performTraversals:3845 android.view.ViewRootImpl.doTraversal:2618
05-13 17:04:05.661  3800  3830 E Netd    : getNetworkForDns: getNetId from enterpriseCtrl is netid 0
05-13 17:04:05.661  4216  6378 D NetdEventListenerService: DNS Requested by : 679, 1000
05-13 17:04:05.661  4216  4454 D PkgPredictorService-NapClassifier: Predict result: 48.0,47.0,45.0, - [0_&_com.andrewshu.android.reddit, 0_&_com.whatsapp, 0_&_com.teslacoilsw.launcher]
05-13 17:04:05.662  3827  3827 D gralloc : [mali_gralloc_allocate] begin
05-13 17:04:05.662  3827  3827 D gralloc : buffer_descriptor: wh(720 1560) usage_pc(0x966 0x906) hal_format(0x1) layer_count(1) sizes(0 0 0) strde(0) byte_stride(0) alloc_wh(0 0) internal_format(0x0) alloc_format(0x0) fd_count(1) plane_count(0)
05-13 17:04:05.663  3827  3827 D gralloc : [mali_gralloc_allocate] allocation successful
05-13 17:04:05.668 18532 18532 I ViewRootImpl@17cbfa6[MainActivity]: MSG_WINDOW_FOCUS_CHANGED 0 1
05-13 17:04:05.672  4216  4241 I ViewRootImpl@ea733b8[dogglers]: [DP] pdf(0) 1 android.view.ViewRootImpl.performDraw:4809 android.view.ViewRootImpl.performTraversals:3866 android.view.ViewRootImpl.doTraversal:2618
05-13 17:04:05.672  4216  4241 I ViewRootImpl@ea733b8[dogglers]: [DP] rdf()
05-13 17:04:05.678 18960 18960 I DecorView: [INFO] isPopOver=false, config=true
05-13 17:04:05.678 18960 18960 I DecorView: updateCaptionType >> DecorView@29c7899[], isFloating=false, isApplication=true, hasWindowDecorCaption=false, hasWindowControllerCallback=true
05-13 17:04:05.678 18960 18960 D DecorView: setCaptionType = 0, this = DecorView@29c7899[]
05-13 17:04:05.685  4216  4241 D WindowManager: isScreenshotDisabledLocked - win: Window{6946458 u0 InputMethod}
05-13 17:04:05.685  4216  4241 D WindowManager: isScreenshotDisabledLocked: userId = 0, disabled =false
05-13 17:04:05.685  4216  4241 D WindowManager: isScreenshotDisabledLocked - win: Window{94f4253 u0 com.andrewshu.android.reddit/com.andrewshu.android.reddit.MainActivity}
05-13 17:04:05.685  4216  4241 D WindowManager: isScreenshotDisabledLocked: userId = 0, disabled =false
05-13 17:04:05.687  3827  3827 D gralloc : [mali_gralloc_allocate] begin
05-13 17:04:05.687  3827  3827 D gralloc : buffer_descriptor: wh(720 1560) usage_pc(0x366 0x306) hal_format(0x1) layer_count(1) sizes(0 0 0) strde(0) byte_stride(0) alloc_wh(0 0) internal_format(0x0) alloc_format(0x0) fd_count(1) plane_count(0)
05-13 17:04:05.690  3827  3827 D gralloc : [mali_gralloc_allocate] allocation successful
05-13 17:04:05.691 18960 18960 D LifecycleMonitor: Lifecycle status change: androidx.test.core.app.InstrumentationActivityInvoker$BootstrapActivity@d305c12 in: CREATED
05-13 17:04:05.692 18960 18960 D LifecycleMonitor: running callback: androidx.test.core.app.ActivityScenario$1@190dfe3
05-13 17:04:05.692 18960 18960 V ActivityScenario: Activity lifecycle changed event received but ignored because the intent does not match. startActivityIntent=Intent { act=android.intent.action.MAIN cat=[android.intent.category.LAUNCHER] cmp=com.example.dogglers/.VerticalListActivity }, activity.getIntent()=Intent { act=android.intent.action.MAIN cat=[android.intent.category.LAUNCHER] flg=0x10008000 cmp=com.example.dogglers/androidx.test.core.app.InstrumentationActivityInvoker$BootstrapActivity (has extras) }, activity=androidx.test.core.app.InstrumentationActivityInvoker$BootstrapActivity@d305c12
05-13 17:04:05.692 18960 18960 D LifecycleMonitor: callback completes: androidx.test.core.app.ActivityScenario$1@190dfe3
05-13 17:04:05.695  3869  3869 I Layer   : id=44893[0] Destroyed Screenshot Parent
05-13 17:04:05.700  4216  4241 I SurfaceControl: nativeRelease nativeObject s[493619791360]
05-13 17:04:05.700  4216  4241 I SurfaceControl: nativeRelease nativeObject e[493619791360]
05-13 17:04:05.702  3982  4451 I bauth_FPBAuthService: pcf : 0x1012, 0 ,2 ,0 ,0 ,0 ,2, 5.1.0.6
05-13 17:04:05.702  3982  4451 I bauth_FPBAuthService: thread id : 2, preenroll_flag : 0, nd cnt : 1, cso : 1, et : 0
05-13 17:04:05.702  3982  4451 I bauth_FPBAuthService: FPBAuthService, 11593
05-13 17:04:05.708  3869  5014 I SurfaceFlinger: id=44894 createSurf (0x0),-1 flag=24000, Surface(name=e46760d StatusBar)/@0xc36a394 - animation-leash#0
05-13 17:04:05.710  4216  4241 I SurfaceControl: nativeRelease nativeObject s[493619791456]
05-13 17:04:05.710  4216  4241 I SurfaceControl: nativeRelease nativeObject e[493619791456]
05-13 17:04:05.711  3869  5014 I SurfaceFlinger: id=44895 createSurf (0x0),-1 flag=24000, Surface(name=8cb84e5 NavigationBar0)/@0x90a7f83 - animation-leash#0
05-13 17:04:05.713  3869  5014 E BufferQueueProducer: [com.andrewshu.android.reddit/com.andrewshu.android.reddit.MainActivity$_18532#0](id:f1d0000213d,api:0,p:-1,c:3869) disconnect: not connected (req=1)
05-13 17:04:05.713 18532 23204 W libEGL  : EGLNativeWindowType 0x72893b0010 disconnect failed
05-13 17:04:05.713  3869  3916 I Layer   : id=44885 removeFromCurrentState Surface(name=e46760d StatusBar)/@0xc36a394 - animation-leash#1 (78)
05-13 17:04:05.714  3869  3916 I Layer   : id=44886 removeFromCurrentState Surface(name=8cb84e5 NavigationBar0)/@0x90a7f83 - animation-leash#1 (78)
05-13 17:04:05.720 18960 18960 D LifecycleMonitor: Lifecycle status change: androidx.test.core.app.InstrumentationActivityInvoker$BootstrapActivity@d305c12 in: STARTED
05-13 17:04:05.720 18960 18960 D LifecycleMonitor: running callback: androidx.test.core.app.ActivityScenario$1@190dfe3
05-13 17:04:05.721 18960 18960 V ActivityScenario: Activity lifecycle changed event received but ignored because the intent does not match. startActivityIntent=Intent { act=android.intent.action.MAIN cat=[android.intent.category.LAUNCHER] cmp=com.example.dogglers/.VerticalListActivity }, activity.getIntent()=Intent { act=android.intent.action.MAIN cat=[android.intent.category.LAUNCHER] flg=0x10008000 cmp=com.example.dogglers/androidx.test.core.app.InstrumentationActivityInvoker$BootstrapActivity (has extras) }, activity=androidx.test.core.app.InstrumentationActivityInvoker$BootstrapActivity@d305c12
05-13 17:04:05.721 18960 18960 D LifecycleMonitor: callback completes: androidx.test.core.app.ActivityScenario$1@190dfe3
05-13 17:04:05.723  4216  6882 V WindowManager: Relayout Window{94f4253 u0 com.andrewshu.android.reddit/com.andrewshu.android.reddit.MainActivity}: viewVisibility=8 req=720x1560
05-13 17:04:05.727  3869  3869 D SurfaceFlinger: Display 0 HWC layers:
05-13 17:04:05.727  3869  3869 D SurfaceFlinger:      DEVICE | 0x7da1413e00 | 0002 | RGBA_8888    |    0.0    0.0  720.0 1560.0 |    0    0  720 1560 | Splash Screen com.example.dogglers#0
05-13 17:04:05.727  3869  3869 D SurfaceFlinger:      DEVICE | 0x7d822813c0 | 0000 | RGBA_8888    |    0.0    0.0  720.0   53.0 |    0    0  720   53 | StatusBar$_4581#0
05-13 17:04:05.727  3869  3869 D SurfaceFlinger:      DEVICE | 0x7e253c6100 | 0000 | RGBA_8888    |    0.0    0.0  720.0   84.0 |    0 1476  720 1560 | NavigationBar0$_4581#0
05-13 17:04:05.727  3869  3869 D SurfaceFlinger:      DEVICE | 0x7da1414300 | 0000 | RGBA_8888    |    0.0    0.0  720.0  101.0 |    0    0  720  101 | ScreenDecorOverlay$_4581#0
05-13 17:04:05.727  3869  3869 D SurfaceFlinger:      DEVICE | 0x7e253c6ec0 | 0000 | RGBA_8888    |    0.0    0.0  720.0  101.0 |    0 1459  720 1560 | ScreenDecorOverlayBottom$_4581#0
05-13 17:04:05.727  3869  3869 D SurfaceFlinger:
05-13 17:04:05.727  4216  6882 V WindowManager: Relayout hash=94f4253, pid=18532: mAttrs={(0,0)(fillxfill) sim={state=always_hidden adjust=resize} ty=BASE_APPLICATION wanim=0x1030304
05-13 17:04:05.727  4216  6882 V WindowManager:   fl=81810100
05-13 17:04:05.727  4216  6882 V WindowManager:   pfl=12020000
05-13 17:04:05.727  4216  6882 V WindowManager:   fitSides= naviIconColor=0}
05-13 17:04:05.729 18532 18532 I SurfaceControl: nativeRelease nativeObject s[493616124000]
05-13 17:04:05.729 18532 18532 I SurfaceControl: nativeRelease nativeObject e[493616124000]
05-13 17:04:05.729 18532 18532 I SurfaceControl: assignNativeObject: nativeObject = 0 Surface(name=null)/@0xf4ff773 / android.view.SurfaceControl.readFromParcel:1117 android.view.IWindowSession$Stub$Proxy.relayout:1810 android.view.ViewRootImpl.relayoutWindow:9005 android.view.ViewRootImpl.performTraversals:3360 android.view.ViewRootImpl.doTraversal:2618 android.view.ViewRootImpl$TraversalRunnable.run:9971 android.view.Choreographer$CallbackRecord.run:1010 android.view.Choreographer.doCallbacks:809 android.view.Choreographer.doFrame:744 android.view.Choreographer$FrameDisplayEventReceiver.run:995
05-13 17:04:05.730 18532 18532 I SurfaceControl: assignNativeObject: nativeObject = 0 Surface(name=null)/@0x9018219 / android.view.SurfaceControl.readFromParcel:1117 android.view.IWindowSession$Stub$Proxy.relayout:1820 android.view.ViewRootImpl.relayoutWindow:9005 android.view.ViewRootImpl.performTraversals:3360 android.view.ViewRootImpl.doTraversal:2618 android.view.ViewRootImpl$TraversalRunnable.run:9971 android.view.Choreographer$CallbackRecord.run:1010 android.view.Choreographer.doCallbacks:809 android.view.Choreographer.doFrame:744 android.view.Choreographer$FrameDisplayEventReceiver.run:995
05-13 17:04:05.731 18532 18532 I SurfaceControl: nativeRelease nativeObject s[495850969984]
05-13 17:04:05.731 18532 18532 I SurfaceControl: nativeRelease nativeObject e[495850969984]
05-13 17:04:05.731 18532 18532 I SurfaceControl: nativeRelease nativeObject s[495850969504]
05-13 17:04:05.731 18532 18532 I SurfaceControl: nativeRelease nativeObject e[495850969504]
05-13 17:04:05.731 18532 18532 I SurfaceControl: nativeRelease nativeObject s[495850969120]
05-13 17:04:05.731 18532 18532 I SurfaceControl: nativeRelease nativeObject e[495850969120]
05-13 17:04:05.732  3869  3916 I SurfaceFlinger: id=44896 createSurf (0x0),-1 flag=80004, ActivityRecord{9f1ede7 u0 com.example.dogglers/.VerticalListActivity t1075}#0
05-13 17:04:05.732  3869  3917 I SurfaceFlinger: id=44886 Removed Surface(name=8cb84e5 NavigationBar0)/@0x90a7f83 - animation-leash#1 (79)
05-13 17:04:05.732  3869  3917 I SurfaceFlinger: id=44885 Removed Surface(name=e46760d StatusBar)/@0xc36a394 - animation-leash#1 (79)
05-13 17:04:05.732 18532 18532 I ViewRootImpl@17cbfa6[MainActivity]: Relayout returned: old=(0,0,720,1560) new=(0,0,720,1560) req=(720,1560)8 dur=16 res=0x5 s={false 0} ch=true fn=6
05-13 17:04:05.733 18532 18532 I SurfaceControl: nativeRelease nativeObject s[493616124000]
05-13 17:04:05.733 18532 18532 I SurfaceControl: nativeRelease nativeObject e[493616124000]
05-13 17:04:05.734  3869  3869 I Layer   : id=44886[1] Destroyed Surface(name=8cb84e5 NavigationBar0)/@0x90a7f83 - animation-leash#1
05-13 17:04:05.734  3869  3869 I Layer   : id=44885[1] Destroyed Surface(name=e46760d StatusBar)/@0xc36a394 - animation-leash#1
05-13 17:04:05.739 18960 18960 D LifecycleMonitor: Lifecycle status change: androidx.test.core.app.InstrumentationActivityInvoker$BootstrapActivity@d305c12 in: RESUMED
05-13 17:04:05.740 18960 18960 D LifecycleMonitor: running callback: androidx.test.core.app.ActivityScenario$1@190dfe3
05-13 17:04:05.740 18960 18960 V ActivityScenario: Activity lifecycle changed event received but ignored because the intent does not match. startActivityIntent=Intent { act=android.intent.action.MAIN cat=[android.intent.category.LAUNCHER] cmp=com.example.dogglers/.VerticalListActivity }, activity.getIntent()=Intent { act=android.intent.action.MAIN cat=[android.intent.category.LAUNCHER] flg=0x10008000 cmp=com.example.dogglers/androidx.test.core.app.InstrumentationActivityInvoker$BootstrapActivity (has extras) }, activity=androidx.test.core.app.InstrumentationActivityInvoker$BootstrapActivity@d305c12
05-13 17:04:05.740 18960 18960 D LifecycleMonitor: callback completes: androidx.test.core.app.ActivityScenario$1@190dfe3
05-13 17:04:05.743  4216  4241 I ViewRootImpl@ea733b8[dogglers]: MSG_RESIZED_REPORT: frame=(0,0,720,1560) ci=(0,53,0,84) vi=(0,53,0,84) or=1
05-13 17:04:05.743  4216  4241 I ViewRootImpl@ea733b8[dogglers]: [DP] dp(1) 1 android.view.ViewRootImpl.reportNextDraw:10957 android.view.ViewRootImpl.access$1200:256 android.view.ViewRootImpl$ViewRootHandler.handleMessage:6101
05-13 17:04:05.746 18960 18960 D LifecycleMonitor: Lifecycle status change: androidx.test.core.app.InstrumentationActivityInvoker$BootstrapActivity@d305c12 in: PAUSED
05-13 17:04:05.746 18960 18960 D LifecycleMonitor: running callback: androidx.test.core.app.ActivityScenario$1@190dfe3
05-13 17:04:05.746 18960 18960 V ActivityScenario: Activity lifecycle changed event received but ignored because the intent does not match. startActivityIntent=Intent { act=android.intent.action.MAIN cat=[android.intent.category.LAUNCHER] cmp=com.example.dogglers/.VerticalListActivity }, activity.getIntent()=Intent { act=android.intent.action.MAIN cat=[android.intent.category.LAUNCHER] flg=0x10008000 cmp=com.example.dogglers/androidx.test.core.app.InstrumentationActivityInvoker$BootstrapActivity (has extras) }, activity=androidx.test.core.app.InstrumentationActivityInvoker$BootstrapActivity@d305c12
05-13 17:04:05.746 18960 18960 D LifecycleMonitor: callback completes: androidx.test.core.app.ActivityScenario$1@190dfe3
05-13 17:04:05.751  4216  4910 V WindowOrientationListener: getProposedRotation: -1
05-13 17:04:05.755  4216  4910 D InputDispatcher: Focused application set to (0): 9f1ede7
05-13 17:04:05.763  3869  3916 I SurfaceFlinger: id=44897 createSurf (0x0),-1 flag=24000, Surface(name=ActivityRecord{acff0a0 u0 com.example.dogglers/androidx.test.core.app.InstrumentationActivityInvoker$BootstrapActivity t1075})/@0xe5bed7e - animation-leash#0
05-13 17:04:05.764  3869  3916 I SurfaceFlinger: id=44898 createSurf (0x0),-1 flag=20004, Dim Layer for - Task=1075 - animating-dim#0
05-13 17:04:05.766  3869  3916 I SurfaceFlinger: id=44899 createSurf (0x0),-1 flag=24000, Surface(name=Dim Layer for - Task=1075 - animating-dim)/@0x6f199f5 - animation-leash#0
05-13 17:04:05.767  3869  3916 I SurfaceFlinger: id=44900 createSurf (0x0),-1 flag=80004, Surface(name=ActivityRecord{acff0a0 u0 com.example.dogglers/androidx.test.core.app.InstrumentationActivityInvoker$BootstrapActivity t1075})/@0xe5bed7e - animation-bounds#0
05-13 17:04:05.769  4216  4910 I SurfaceControl: nativeRelease nativeObject s[493802176448]
05-13 17:04:05.769  4216  4910 I SurfaceControl: nativeRelease nativeObject e[493802176448]
05-13 17:04:05.771  3869  3916 I Layer   : id=44898 removeFromCurrentState Dim Layer for - Task=1075 - animating-dim#0 (81)
05-13 17:04:05.772  3869  3916 I SurfaceFlinger: id=44898 Removed Dim Layer for - Task=1075 - animating-dim#0 (81)
05-13 17:04:05.772  4216  4241 V WindowManager: Relayout Window{7434591 u0 Splash Screen com.example.dogglers}: viewVisibility=0 req=720x1560
05-13 17:04:05.775  4216  4241 I SurfaceControl: nativeRelease nativeObject s[493616064448]
05-13 17:04:05.775  4216  4241 I SurfaceControl: nativeRelease nativeObject e[493616064448]
05-13 17:04:05.776  4216  4241 V WindowManager: Relayout hash=7434591, pid=4216: mAttrs={(0,0)(fillxfill) sim={adjust=pan} layoutInDisplayCutoutMode=shortEdges ty=APPLICATION_STARTING wanim=0x1030001
05-13 17:04:05.776  4216  4241 V WindowManager:   fl=1830118
05-13 17:04:05.776  4216  4241 V WindowManager:   pfl=12020011
05-13 17:04:05.776  4216  4241 V WindowManager:   fitSides= naviIconColor=0}
05-13 17:04:05.777  4216  4241 I SurfaceControl: nativeRelease nativeObject s[493619791456]
05-13 17:04:05.777  4216  4241 I SurfaceControl: nativeRelease nativeObject e[493619791456]
05-13 17:04:05.777  4216  4241 I SurfaceControl: nativeRelease nativeObject s[493619791360]
05-13 17:04:05.777  4216  4241 I SurfaceControl: nativeRelease nativeObject e[493619791360]
05-13 17:04:05.777  4216  4241 I ViewRootImpl@ea733b8[dogglers]: Relayout returned: old=(0,0,720,1560) new=(0,0,720,1560) req=(720,1560)0 dur=26 res=0x1 s={true 493594587136} ch=false fn=2
05-13 17:04:05.778  3827  3827 D gralloc : [mali_gralloc_allocate] begin
05-13 17:04:05.778  3827  3827 D gralloc : buffer_descriptor: wh(720 1560) usage_pc(0x966 0x906) hal_format(0x1) layer_count(1) sizes(0 0 0) strde(0) byte_stride(0) alloc_wh(0 0) internal_format(0x0) alloc_format(0x0) fd_count(1) plane_count(0)
05-13 17:04:05.779  3827  3827 D gralloc : [mali_gralloc_allocate] allocation successful
05-13 17:04:05.784  3869  3869 I Layer   : id=44898[1] Destroyed Dim Layer for - Task=1075 - animating-dim#0
05-13 17:04:05.786 18960 18960 D LifecycleMonitor: Lifecycle status change: com.example.dogglers.VerticalListActivity@a175b6a in: PRE_ON_CREATE
05-13 17:04:05.786 18960 18960 D LifecycleMonitor: running callback: androidx.test.core.app.ActivityScenario$1@190dfe3
05-13 17:04:05.787 18960 18960 V ActivityScenario: Activity lifecycle changed event received but ignored because the reported transition was not ON_CREATE while the last known transition was PRE_ON_CREATE
05-13 17:04:05.787 18960 18960 D LifecycleMonitor: callback completes: androidx.test.core.app.ActivityScenario$1@190dfe3
05-13 17:04:05.789  4216  4241 I ViewRootImpl@ea733b8[dogglers]: [DP] pdf(0) 1 android.view.ViewRootImpl.performDraw:4809 android.view.ViewRootImpl.performTraversals:3866 android.view.ViewRootImpl.doTraversal:2618
05-13 17:04:05.789  4216  4241 I ViewRootImpl@ea733b8[dogglers]: [DP] rdf()
05-13 17:04:05.802 24680 24845 I FontLog : Received query Google Sans:500, URI content://com.google.android.gms.fonts [CONTEXT service_id=132 ]
05-13 17:04:05.804 24680 24845 I FontLog : Query [Google Sans:500] resolved to {Google Sans, wdth 100.0, wght 500, ital 0.0, bestEffort false} [CONTEXT service_id=132 ]
05-13 17:04:05.804 18532 18532 I ViewRootImpl@17cbfa6[MainActivity]: stopped(true) old=false
05-13 17:04:05.807 18960 18960 I DecorView: [INFO] isPopOver=false, config=true
05-13 17:04:05.807 18960 18960 I DecorView: updateCaptionType >> DecorView@c6987d3[], isFloating=false, isApplication=true, hasWindowDecorCaption=false, hasWindowControllerCallback=true
05-13 17:04:05.807 18960 18960 D DecorView: setCaptionType = 0, this = DecorView@c6987d3[]
05-13 17:04:05.819 24680 24845 I FontLog : Font PFD returned from cache for {Google Sans, wdth 100.0, wght 500, ital 0.0, bestEffort false} [CONTEXT service_id=132 ]
05-13 17:04:05.819 24680 24845 I FontLog : Fetch {Google Sans, wdth 100.0, wght 500, ital 0.0, bestEffort false} end status Status{statusCode=SUCCESS, resolution=null} [CONTEXT service_id=132 ]
05-13 17:04:05.838 18791 18821 I le.android.kee: WaitForGcToComplete blocked ProfileSaver on RunEmptyCheckpoint for 851.261ms
05-13 17:04:05.841  4216  4443 W SemWifiTransportLayerUtils: getApplicationCategory - IOException com.example.dogglers
05-13 17:04:05.841  4216  4443 W System.err: java.io.FileNotFoundException: https://play.google.com/store/apps/details?id=com.example.dogglers&hl=en
05-13 17:04:05.842  4216  4443 W System.err: 	at com.android.okhttp.internal.huc.HttpURLConnectionImpl.getInputStream(HttpURLConnectionImpl.java:255)
05-13 17:04:05.842  4216  4443 W System.err: 	at com.android.okhttp.internal.huc.DelegatingHttpsURLConnection.getInputStream(DelegatingHttpsURLConnection.java:211)
05-13 17:04:05.842  4216  4443 W System.err: 	at com.android.okhttp.internal.huc.HttpsURLConnectionImpl.getInputStream(HttpsURLConnectionImpl.java:30)
05-13 17:04:05.842  4216  4443 W System.err: 	at com.samsung.android.server.wifi.tcp.SemWifiTransportLayerUtils.getApplicationCategory(SemWifiTransportLayerUtils.java:103)
05-13 17:04:05.842  4216  4443 W System.err: 	at com.samsung.android.server.wifi.tcp.SemWifiTransportLayerMonitor$TcpMonitorHandler.handleMessage(SemWifiTransportLayerMonitor.java:242)
05-13 17:04:05.842  4216  4443 W System.err: 	at android.os.Handler.dispatchMessage(Handler.java:106)
05-13 17:04:05.842  4216  4443 W System.err: 	at android.os.Looper.loop(Looper.java:246)
05-13 17:04:05.842  4216  4443 W System.err: 	at android.os.HandlerThread.run(HandlerThread.java:67)
05-13 17:04:05.843  4216  4443 D SemWifiTransportLayerMonitor.TcpMonitorHandler: MSG_SAVE_PACKAGE_INFO
05-13 17:04:05.843  4216  4443 D SemWifiTransportLayerFileManager: saveWifiPackageInfoToFile
05-13 17:04:05.843  4216  4443 D SemWifiTransportLayerFileManager: writeWifiPackageInfoList
05-13 17:04:05.848 18960 18960 D LifecycleMonitor: Lifecycle status change: com.example.dogglers.VerticalListActivity@a175b6a in: CREATED
05-13 17:04:05.848 18960 18960 D LifecycleMonitor: running callback: androidx.test.core.app.ActivityScenario$1@190dfe3
05-13 17:04:05.849 18960 18960 V ActivityScenario: Update currentActivityStage to CREATED, currentActivity=com.example.dogglers.VerticalListActivity@a175b6a
05-13 17:04:05.849 18960 18960 D LifecycleMonitor: callback completes: androidx.test.core.app.ActivityScenario$1@190dfe3
05-13 17:04:05.852  3841 19110 E HYPER-HAL: [HandlerSysfs.cpp]doResourceHandling(): Couldn't Open Sysfs - /sys/power/cstate_control
05-13 17:04:05.852  3841 19110 I HYPER-HAL: [ResourceManager.cpp]removeResource(): [CPUMinFreq] RemoveResource Request ID : 8965513
05-13 17:04:05.853  3841 19110 I HYPER-HAL: [RequestManager.cpp]releaseLocked(): Released ID : 8965513
05-13 17:04:05.857 19071 19071 I cr_LibraryLoader: Successfully loaded native library
05-13 17:04:05.861 18960 18960 D LifecycleMonitor: Lifecycle status change: com.example.dogglers.VerticalListActivity@a175b6a in: STARTED
05-13 17:04:05.862 18960 18960 D LifecycleMonitor: running callback: androidx.test.core.app.ActivityScenario$1@190dfe3
05-13 17:04:05.862 18960 18960 V ActivityScenario: Update currentActivityStage to STARTED, currentActivity=com.example.dogglers.VerticalListActivity@a175b6a
05-13 17:04:05.862 18960 18960 D LifecycleMonitor: callback completes: androidx.test.core.app.ActivityScenario$1@190dfe3
05-13 17:04:05.864 18960 18960 D LifecycleMonitor: Lifecycle status change: com.example.dogglers.VerticalListActivity@a175b6a in: RESUMED
05-13 17:04:05.864 18960 18960 D LifecycleMonitor: running callback: androidx.test.core.app.ActivityScenario$1@190dfe3
05-13 17:04:05.865 18960 18960 V ActivityScenario: Update currentActivityStage to RESUMED, currentActivity=com.example.dogglers.VerticalListActivity@a175b6a
05-13 17:04:05.865 18960 18960 D LifecycleMonitor: callback completes: androidx.test.core.app.ActivityScenario$1@190dfe3
05-13 17:04:05.871  4216  4910 V WindowManager: Relayout Window{94f4253 u0 com.andrewshu.android.reddit/com.andrewshu.android.reddit.MainActivity}: viewVisibility=8 req=720x1560
05-13 17:04:05.875 19071 19071 I cr_CachingUmaRecorder: Flushed 20 samples from 16 histograms.
05-13 17:04:05.876  4216  4910 V WindowManager: Relayout hash=94f4253, pid=18532: mAttrs={(0,0)(fillxfill) sim={state=always_hidden adjust=pan} ty=BASE_APPLICATION wanim=0x1030304
05-13 17:04:05.876  4216  4910 V WindowManager:   fl=81810100
05-13 17:04:05.876  4216  4910 V WindowManager:   pfl=12020000
05-13 17:04:05.876  4216  4910 V WindowManager:   fitSides= naviIconColor=0}
05-13 17:04:05.879  4216  6378 D InputTransport: Input channel constructed: '69dea65', fd=745
05-13 17:04:05.879  4216  6378 D InputTransport: Input channel constructed: '69dea65', fd=756
05-13 17:04:05.880  3869  5014 I SurfaceFlinger: id=44901 createSurf (0x0),-1 flag=80004, 69dea65 com.example.dogglers/com.example.dogglers.VerticalListActivity#0
05-13 17:04:05.880 18532 18532 I SurfaceControl: assignNativeObject: nativeObject = 0 Surface(name=null)/@0xf4ff773 / android.view.SurfaceControl.readFromParcel:1117 android.view.IWindowSession$Stub$Proxy.relayout:1810 android.view.ViewRootImpl.relayoutWindow:9005 android.view.ViewRootImpl.performTraversals:3360 android.view.ViewRootImpl.doTraversal:2618 android.view.ViewRootImpl$TraversalRunnable.run:9971 android.view.Choreographer$CallbackRecord.run:1010 android.view.Choreographer.doCallbacks:809 android.view.Choreographer.doFrame:744 android.view.Choreographer$FrameDisplayEventReceiver.run:995
05-13 17:04:05.881  4216  6378 D WindowManager: isScreenshotDisabledLocked - win: Window{69dea65 u0 com.example.dogglers/com.example.dogglers.VerticalListActivity}
05-13 17:04:05.881  4216  6378 D WindowManager: isScreenshotDisabledLocked: userId = 0, disabled =false
05-13 17:04:05.881 18532 18532 I SurfaceControl: assignNativeObject: nativeObject = 0 Surface(name=null)/@0x9018219 / android.view.SurfaceControl.readFromParcel:1117 android.view.IWindowSession$Stub$Proxy.relayout:1820 android.view.ViewRootImpl.relayoutWindow:9005 android.view.ViewRootImpl.performTraversals:3360 android.view.ViewRootImpl.doTraversal:2618 android.view.ViewRootImpl$TraversalRunnable.run:9971 android.view.Choreographer$CallbackRecord.run:1010 android.view.Choreographer.doCallbacks:809 android.view.Choreographer.doFrame:744 android.view.Choreographer$FrameDisplayEventReceiver.run:995
05-13 17:04:05.881  4216  6378 D InputTransport: Input channel destroyed: '69dea65', fd=756
05-13 17:04:05.882 18960 18960 D InputTransport: Input channel constructed: '69dea65', fd=80
05-13 17:04:05.883  4216  6352 D PackageManager: setEnabledSetting : userId = 0 packageName = com.google.android.youtube cmp = androidx.work.impl.background.systemalarm.RescheduleReceiver newState = 1 callingPackage = 10155/com.google.android.youtube
05-13 17:04:05.884 18960 18960 I ViewRootImpl@b740bc3[VerticalListActivity]: setView = com.android.internal.policy.DecorView@c6987d3 TM=true
05-13 17:04:05.889 18532 18532 I SurfaceControl: nativeRelease nativeObject s[495850970848]
05-13 17:04:05.889 18532 18532 I SurfaceControl: nativeRelease nativeObject e[495850970848]
05-13 17:04:05.889 18532 18532 I ViewRootImpl@17cbfa6[MainActivity]: Relayout returned: old=(0,0,720,1560) new=(0,0,720,1560) req=(720,1560)8 dur=13 res=0x5 s={false 0} ch=false fn=-1
05-13 17:04:05.895  4216  6378 I SurfaceControl: nativeRelease nativeObject s[493617307840]
05-13 17:04:05.895  4216  6378 I SurfaceControl: nativeRelease nativeObject e[493617307840]
05-13 17:04:05.896  3869  5014 I Layer   : id=44884 removeFromCurrentState com.andrewshu.android.reddit/com.andrewshu.android.reddit.MainActivity$_18532#0 (81)
05-13 17:04:05.900  4216  6355 V WindowManager: Relayout Window{69dea65 u0 com.example.dogglers/com.example.dogglers.VerticalListActivity}: viewVisibility=0 req=720x1560
05-13 17:04:05.902  4216  6355 D WindowManager: isScreenshotDisabledLocked - win: Window{69dea65 u0 com.example.dogglers/com.example.dogglers.VerticalListActivity}
05-13 17:04:05.903  4216  6355 D WindowManager: isScreenshotDisabledLocked: userId = 0, disabled =false
05-13 17:04:05.903  3869  5014 I SurfaceFlinger: id=44902 createSurf (720x1560),1 flag=404, com.example.dogglers/com.example.dogglers.VerticalListActivity$_18960#0
05-13 17:04:05.907 24680 15179 I FontLog : Pulling font file for id = 126, cache size = 4 [CONTEXT service_id=132 ]
05-13 17:04:05.909  4216  6355 I SurfaceControl: nativeRelease nativeObject s[493619795872]
05-13 17:04:05.909  4216  6355 I SurfaceControl: nativeRelease nativeObject e[493619795872]
05-13 17:04:05.910  3869  3916 I SurfaceFlinger: id=44903 createSurf (0x0),-1 flag=24000, Surface(name=e46760d StatusBar)/@0xc36a394 - animation-leash#1
05-13 17:04:05.911  4216  6355 I SurfaceControl: nativeRelease nativeObject s[493619795680]
05-13 17:04:05.911  4216  6355 I SurfaceControl: nativeRelease nativeObject e[493619795680]
05-13 17:04:05.911  3869  3916 I SurfaceFlinger: id=44904 createSurf (0x0),-1 flag=24000, Surface(name=8cb84e5 NavigationBar0)/@0x90a7f83 - animation-leash#1
05-13 17:04:05.914  4216  6355 V WindowManager: Relayout hash=69dea65, pid=18960: mAttrs={(0,0)(fillxfill) sim={adjust=resize forwardNavigation} ty=BASE_APPLICATION wanim=0x1030304
05-13 17:04:05.914  4216  6355 V WindowManager:   fl=81810100
05-13 17:04:05.914  4216  6355 V WindowManager:   pfl=12020000
05-13 17:04:05.914  4216  6355 V WindowManager:   fitSides= naviIconColor=0}
05-13 17:04:05.914  4216  6355 I SurfaceControl: nativeRelease nativeObject s[493801609120]
05-13 17:04:05.914  4216  6355 I SurfaceControl: nativeRelease nativeObject e[493801609120]
05-13 17:04:05.916  3869  3916 I Layer   : id=44894 removeFromCurrentState Surface(name=e46760d StatusBar)/@0xc36a394 - animation-leash#0 (84)
05-13 17:04:05.916  3869  3916 I Layer   : id=44895 removeFromCurrentState Surface(name=8cb84e5 NavigationBar0)/@0x90a7f83 - animation-leash#0 (84)
05-13 17:04:05.917 18960 18960 I SurfaceControl: assignNativeObject: nativeObject = 0 Surface(name=null)/@0x7d09c40 / android.view.SurfaceControl.readFromParcel:1117 android.view.IWindowSession$Stub$Proxy.relayout:1820 android.view.ViewRootImpl.relayoutWindow:9005 android.view.ViewRootImpl.performTraversals:3360 android.view.ViewRootImpl.doTraversal:2618 android.view.ViewRootImpl$TraversalRunnable.run:9971 android.view.Choreographer$CallbackRecord.run:1010 android.view.Choreographer.doCallbacks:809 android.view.Choreographer.doFrame:744 android.view.Choreographer$FrameDisplayEventReceiver.run:995
05-13 17:04:05.918  4216  4241 I SurfaceControl: nativeRelease nativeObject s[493619795968]
05-13 17:04:05.918  4216  4241 I SurfaceControl: nativeRelease nativeObject e[493619795968]
05-13 17:04:05.918  4216  4241 I SurfaceControl: nativeRelease nativeObject s[493616064448]
05-13 17:04:05.918  4216  4241 I SurfaceControl: nativeRelease nativeObject e[493616064448]
05-13 17:04:05.918  3869  3917 I SurfaceFlinger: id=44895 Removed Surface(name=8cb84e5 NavigationBar0)/@0x90a7f83 - animation-leash#0 (84)
05-13 17:04:05.918 18532 23227 I System.out: (HTTPLog)-Static: isSBSettingEnabled false
05-13 17:04:05.918 18532 23227 I System.out: (HTTPLog)-Static: isSBSettingEnabled false
05-13 17:04:05.919  3869  3917 I SurfaceFlinger: id=44894 Removed Surface(name=e46760d StatusBar)/@0xc36a394 - animation-leash#0 (84)
05-13 17:04:05.920 18960 18960 I ViewRootImpl@b740bc3[VerticalListActivity]: Relayout returned: old=(0,0,720,1560) new=(0,0,720,1560) req=(720,1560)0 dur=17 res=0x7 s={true 494171463680} ch=true fn=-1
05-13 17:04:05.921  3869  3916 I SurfaceFlinger: id=44884 Removed com.andrewshu.android.reddit/com.andrewshu.android.reddit.MainActivity$_18532#0 (84)
05-13 17:04:05.922  4216  4238 D SehCodecSolutionService: Update top [com.example.dogglers]
05-13 17:04:05.925  3827  3827 D gralloc : [mali_gralloc_allocate] begin
05-13 17:04:05.925  3827  3827 D gralloc : buffer_descriptor: wh(720 1560) usage_pc(0x40000000000b00 0x40000000000b00) hal_format(0x1) layer_count(1) sizes(0 0 0) strde(0) byte_stride(0) alloc_wh(0 0) internal_format(0x0) alloc_format(0x0) fd_count(1) plane_count(0)
05-13 17:04:05.929  3827  3827 D gralloc : [mali_gralloc_allocate] allocation successful
05-13 17:04:05.934  3827  3827 D gralloc : [mali_gralloc_allocate] begin
05-13 17:04:05.934  3827  3827 D gralloc : buffer_descriptor: wh(720 1560) usage_pc(0x40000000000b00 0x40000000000b00) hal_format(0x1) layer_count(1) sizes(0 0 0) strde(0) byte_stride(0) alloc_wh(0 0) internal_format(0x0) alloc_format(0x0) fd_count(1) plane_count(0)
05-13 17:04:05.934  3869  3869 I Layer   : id=44894[1] Destroyed Surface(name=e46760d StatusBar)/@0xc36a394 - animation-leash#0
05-13 17:04:05.934  3869  3869 I Layer   : id=44895[1] Destroyed Surface(name=8cb84e5 NavigationBar0)/@0x90a7f83 - animation-leash#0
05-13 17:04:05.935  3869  3869 I Layer   : id=44884[1] Destroyed com.andrewshu.android.reddit/com.andrewshu.android.reddit.MainActivity$_18532#0
05-13 17:04:05.941  3827  3827 D gralloc : [mali_gralloc_allocate] allocation successful
05-13 17:04:05.944  3827  3827 D gralloc : [mali_gralloc_allocate] begin
05-13 17:04:05.944  3827  3827 D gralloc : buffer_descriptor: wh(720 1560) usage_pc(0x40000000000b00 0x40000000000b00) hal_format(0x1) layer_count(1) sizes(0 0 0) strde(0) byte_stride(0) alloc_wh(0 0) internal_format(0x0) alloc_format(0x0) fd_count(1) plane_count(0)
05-13 17:04:05.947  3827  3827 D gralloc : [mali_gralloc_allocate] allocation successful
05-13 17:04:05.984  5712 19121 W adbd    : timed out while waiting for FUNCTIONFS_BIND, trying again
05-13 17:04:05.984  5712 19121 I adbd    : UsbFfs: connection terminated: monitor thread finished
05-13 17:04:05.985  5712  5712 I adbd    : UsbFfs: already offline
05-13 17:04:05.985  5712  5712 I adbd    : destroying transport UsbFfs
05-13 17:04:05.985  5712  5712 I adbd    : UsbFfsConnection being destroyed
05-13 17:04:06.008 24680 15179 I FontLog : Received query Google Sans:700, URI content://com.google.android.gms.fonts [CONTEXT service_id=132 ]
05-13 17:04:06.009 24680 15179 I FontLog : Query [Google Sans:700] resolved to {Google Sans, wdth 100.0, wght 700, ital 0.0, bestEffort false} [CONTEXT service_id=132 ]
05-13 17:04:06.017 24680 15179 I FontLog : Fetch {Google Sans, wdth 100.0, wght 700, ital 0.0, bestEffort false} end status Status{statusCode=SUCCESS, resolution=null} [CONTEXT service_id=132 ]
05-13 17:04:06.017 18960 18960 I ViewRootImpl@b740bc3[VerticalListActivity]: [DP] dp(1) 1 android.view.ViewRootImpl.reportNextDraw:10957 android.view.ViewRootImpl.performTraversals:3845 android.view.ViewRootImpl.doTraversal:2618
05-13 17:04:06.018 18960 18960 I ViewRootImpl@b740bc3[VerticalListActivity]: [DP] pd() Asnyc report
05-13 17:04:06.029 24680 15179 I FontLog : Pulling font file for id = 127, cache size = 5 [CONTEXT service_id=132 ]
05-13 17:04:06.048 18960 18960 I ViewRootImpl@b740bc3[VerticalListActivity]: [DP] pdf(0) 1 android.view.ViewRootImpl.lambda$performDraw$1$ViewRootImpl:4668 android.view.-$$Lambda$ViewRootImpl$DJd0VUYJgsebcnSohO6h8zc_ONI.run:6 android.os.Handler.handleCallback:938
05-13 17:04:06.048 18960 18960 I ViewRootImpl@b740bc3[VerticalListActivity]: [DP] rdf()
05-13 17:04:06.051 18960 18960 D IdlingResourceRegistry: All idling resources are idle.
05-13 17:04:06.054  5712  5717 I adbd    : opening control endpoint /dev/usb-ffs/adb/ep0
05-13 17:04:06.055  4216  4241 D PkgPredictorService: pkg:com.example.dogglers activity:com.example.dogglers.VerticalListActivity thisTime:458
05-13 17:04:06.055  4216  4241 D PkgPredictorService-Collector: update activity launch time: VerticalListActivity : 458
05-13 17:04:06.055  4216  4241 I SemDvfsHyPerManager: acquire hyper - AMS_RESUME_TAIL/4216@18, type = -999
05-13 17:04:06.055  4216  4241 I SemDvfsHyPerManager: acquire hyper - AMS_ACT_LAZY/4216@19, type = -999
05-13 17:04:06.056  4216  4245 D ArtManagerInternalImpl: /data/misc/iorapd/com.example.dogglers/1/com.example.dogglers.VerticalListActivity/compiled_traces/compiled_trace.pb doesn't exist
05-13 17:04:06.057  3841  3871 I HYPER-HAL: [RequestManager.cpp]acquire(): Acquired ID : 8965513  [4216 / 18]    HINT : AMS_RESUME_TAIL    list :
05-13 17:04:06.058  3841  3871 E HYPER-HAL: [HandlerSysfs.cpp]doResourceHandling(): Couldn't Open Sysfs - /sys/power/cstate_control
05-13 17:04:06.058  3841  3871 I HYPER-HAL: [ResourceManager.cpp]updateResource(): [CPUMinFreq] UpdateResource Request ID : 8965513    Value : 1560000
05-13 17:04:06.058  3841  3871 I HYPER-HAL: [RequestManager.cpp]acquire(): Acquired ID : 8969749  [4216 / 19]    HINT :      list :
05-13 17:04:06.059  3841  3871 E HYPER-HAL: [Request.cpp]acquire(): Request:: id : 8969749, No Resource to set
05-13 17:04:06.059  4216  4241 D ViewRootImpl@ea733b8[dogglers]: dispatchDetachedFromWindow: reset blurmask
05-13 17:04:06.059  4216  4241 I ViewRootImpl@ea733b8[dogglers]: dispatchDetachedFromWindow
05-13 17:04:06.061  4216  4241 I SurfaceControl: nativeRelease nativeObject s[493616019520]
05-13 17:04:06.061  4216  4241 I SurfaceControl: nativeRelease nativeObject e[493616019520]
05-13 17:04:06.061  5712  5717 I adbd    : UsbFfsConnection constructed
05-13 17:04:06.061  4216  4241 D InputTransport: Input channel destroyed: '7434591', fd=721
05-13 17:04:06.061  5712 19147 I adbd    : UsbFfs-monitor thread spawned
05-13 17:04:06.063  3841  3871 E HYPER-HAL: [HandlerSysfs.cpp]doResourceHandling(): Couldn't Open Sysfs - /sys/power/cstate_control
05-13 17:04:06.063  3869  5320 I SurfaceFlinger: id=44905 createSurf (0x0),-1 flag=24000, Surface(name=7434591 Splash Screen com.example.dogglers)/@0xa28dd94 - animation-leash#0
05-13 17:04:06.063  3841  3871 I HYPER-HAL: [ResourceManager.cpp]removeResource(): [CPUMinFreq] RemoveResource Request ID : 9020659
05-13 17:04:06.063  3841  3871 I HYPER-HAL: [RequestManager.cpp]releaseLocked(): Released ID : 9020659
05-13 17:04:06.067  4216  4245 I ActivityTaskManager: Displayed com.example.dogglers/.VerticalListActivity: +458ms
05-13 17:04:06.068  4216  6352 I InputDispatcher: Focus entered window (18960): 69dea65 in display 0 0
05-13 17:04:06.069  4216  4241 D InputTransport: Input channel destroyed: '7434591', fd=744
05-13 17:04:06.070 18960 18960 D IdlingResourceRegistry: All idling resources are idle.
05-13 17:04:06.072 18960 18960 D RootViewPicker: Root not ready - waiting: 10ms for one to appear.
05-13 17:04:06.074 18960 18960 I ViewRootImpl@b740bc3[VerticalListActivity]: MSG_WINDOW_FOCUS_CHANGED 1 1
05-13 17:04:06.074 18960 18960 D InputMethodManager: prepareNavigationBarInfo() DecorView@c6987d3[VerticalListActivity]
05-13 17:04:06.074 18960 18960 D InputMethodManager: getNavigationBarColor() -16711423
05-13 17:04:06.076 18960 18960 D InputMethodManager: prepareNavigationBarInfo() DecorView@c6987d3[VerticalListActivity]
05-13 17:04:06.076 18960 18960 D InputMethodManager: getNavigationBarColor() -16711423
05-13 17:04:06.076 18960 18960 V InputMethodManager: Starting input: tba=com.example.dogglers ic=null mNaviBarColor -16711423 mIsGetNaviBarColorSuccess true , NavVisible : true , NavTrans : false
05-13 17:04:06.077 18960 18960 D InputMethodManager: startInputInner - Id : 0
05-13 17:04:06.077 18960 18960 I InputMethodManager: startInputInner - mService.startInputOrWindowGainedFocus
05-13 17:04:06.078  4216  6352 D InputMethodManagerService: mSecureKeypadEnabled = false
05-13 17:04:06.078  4216  6352 V InputMethodManagerService: hideCurrentInputLocked : shouldHideSoftInput is false
05-13 17:04:06.078  4216  6352 D InputMethodManagerService: mDesktopModeManager null!
05-13 17:04:06.078  4216  6352 V InputMethodManagerService: getDisplayIdOfInputMethodWindowToBeAdded : 0
05-13 17:04:06.079  4216  6352 D SamsungIMMSHWKeyboard: isConnectedDexOnPC false
05-13 17:04:06.079  4216  6352 D InputMethodManagerService: isImeSwitcherDisabledPackage : false
05-13 17:04:06.079 18532 18532 D InputTransport: Input channel destroyed: 'ClientS', fd=112
05-13 17:04:06.079  4216  6352 D InputMethodManagerService: checkDisplayOfStartInputAndUpdateKeyboard display Id 0last 0
05-13 17:04:06.080  4216  6352 D InputTransport: Input channel constructed: 'ClientS', fd=721
05-13 17:04:06.080  4216  6352 D InputTransport: Input channel destroyed: 'ClientS', fd=721
05-13 17:04:06.080 18960 18960 D InputTransport: Input channel constructed: 'ClientS', fd=87
05-13 17:04:06.081  4216  6355 I SurfaceControl: nativeRelease nativeObject s[493619430080]
05-13 17:04:06.082  4216  6355 I SurfaceControl: nativeRelease nativeObject e[493619430080]
05-13 17:04:06.082  3869  3916 I SurfaceFlinger: id=44906 createSurf (0x0),-1 flag=24004, Surface(name=6946458 InputMethod)/@0xac62e96 - animation-leash#0
05-13 17:04:06.085  3869  5014 I Layer   : id=44888 removeFromCurrentState Surface(name=6946458 InputMethod)/@0xac62e96 - animation-leash#1 (83)
05-13 17:04:06.086  4216  4241 I SurfaceControl: nativeRelease nativeObject s[493802176640]
05-13 17:04:06.086  4216  4241 I SurfaceControl: nativeRelease nativeObject e[493802176640]
05-13 17:04:06.087 18960 18960 D IdlingResourceRegistry: All idling resources are idle.
05-13 17:04:06.087 14897 14897 D InputMethodService: checkDisplayOfStartInputAndUpdateKeyboard display Id 0last 0
05-13 17:04:06.087 18960 18960 D IdlingResourceRegistry: All idling resources are idle.
05-13 17:04:06.088 18532 18532 I SurfaceControl: nativeRelease nativeObject s[493616124000]
05-13 17:04:06.088 18532 18532 I SurfaceControl: nativeRelease nativeObject e[493616124000]
05-13 17:04:06.089 18960 18960 I ViewInteraction: Performing 'scroll RecyclerView to position: 5' action on view with id is <com.example.dogglers:id/vertical_recycler_view>
05-13 17:04:06.091 18960 18960 D IdlingResourceRegistry: All idling resources are idle.
05-13 17:04:06.094  4216  6352 D SamsungIMMSHWKeyboard: isConnectedDexOnPC false
05-13 17:04:06.094 18960 18960 I SurfaceControl: nativeRelease nativeObject s[495734301504]
05-13 17:04:06.094  4216  6352 D InputMethodManagerService: isImeSwitcherDisabledPackage : false
05-13 17:04:06.094 18960 18960 I SurfaceControl: nativeRelease nativeObject e[495734301504]
05-13 17:04:06.094 18960 18960 I SurfaceControl: nativeRelease nativeObject s[495734301408]
05-13 17:04:06.094 18960 18960 I SurfaceControl: nativeRelease nativeObject e[495734301408]
05-13 17:04:06.101  3869  5320 I Layer   : id=44899 removeFromCurrentState Surface(name=Dim Layer for - Task=1075 - animating-dim)/@0x6f199f5 - animation-leash#0 (83)
05-13 17:04:06.101  3869  5320 I SurfaceFlinger: id=44899 Removed Surface(name=Dim Layer for - Task=1075 - animating-dim)/@0x6f199f5 - animation-leash#0 (83)
05-13 17:04:06.111  3869  3869 D SurfaceFlinger: Display 0 HWC layers:
05-13 17:04:06.111  3869  3869 D SurfaceFlinger:      CLIENT | 0x7da14146c0 | 0002 | RGBA_8888    |    0.0    0.0  720.0 1560.0 |    0    0  720 1560 | com.example.dogglers/com.example.dogglers.VerticalListActivity$_18960#0
05-13 17:04:06.111  3869  3869 D SurfaceFlinger:      CLIENT | 0x7da1415700 | 0002 | RGBA_8888    |    0.0    0.0  720.0 1560.0 |    0    0  720 1560 | Splash Screen com.example.dogglers#0
05-13 17:04:06.111  3869  3869 D SurfaceFlinger:      CLIENT | 0x7d822813c0 | 0000 | RGBA_8888    |    0.0    0.0  720.0   53.0 |    0    0  720   53 | StatusBar$_4581#0
05-13 17:04:06.111  3869  3869 D SurfaceFlinger:      CLIENT | 0x7e253c6100 | 0000 | RGBA_8888    |    0.0    0.0  720.0   84.0 |    0 1476  720 1560 | NavigationBar0$_4581#0
05-13 17:04:06.111  3869  3869 D SurfaceFlinger:      CLIENT | 0x7da1414300 | 0000 | RGBA_8888    |    0.0    0.0  720.0  101.0 |    0    0  720  101 | ScreenDecorOverlay$_4581#0
05-13 17:04:06.111  3869  3869 D SurfaceFlinger:      CLIENT | 0x7e253c6ec0 | 0000 | RGBA_8888    |    0.0    0.0  720.0  101.0 |    0 1459  720 1560 | ScreenDecorOverlayBottom$_4581#0
05-13 17:04:06.111  3869  3869 D SurfaceFlinger:
05-13 17:04:06.117  3869  3869 I Layer   : id=44899[1] Destroyed Surface(name=Dim Layer for - Task=1075 - animating-dim)/@0x6f199f5 - animation-leash#0
05-13 17:04:06.117  4216  4241 I SurfaceControl: nativeRelease nativeObject s[493619795680]
05-13 17:04:06.117  4216  4241 I SurfaceControl: nativeRelease nativeObject e[493619795680]
05-13 17:04:06.118  4216  4241 I SurfaceControl: nativeRelease nativeObject s[493801611808]
05-13 17:04:06.118  4216  4241 I SurfaceControl: nativeRelease nativeObject e[493801611808]
05-13 17:04:06.119  3869  3916 I Layer   : id=44892 removeFromCurrentState Splash Screen com.example.dogglers#0 (82)
05-13 17:04:06.119  4216  4241 I SurfaceControl: nativeRelease nativeObject s[493616061664]
