05-13 17:04:08.890 18960 19033 I TestRunner: started: vertical_scroll_content_at_first_position(com.example.dogglers.VerticalListTests)
05-13 17:04:08.924 18960 19033 W Settings: Setting always_finish_activities has moved from android.provider.Settings.System to android.provider.Settings.Global, returning read-only value.
05-13 17:04:08.938 19281 19281 I cr_SplitCompatApp: Launched version=101.1.38.109 minSdkVersion=24 isBundle=true processName=com.brave.browser:privileged_process0 isIsolated=false
05-13 17:04:08.949  3801  3801 D Zygote  : Forked child process 19316
05-13 17:04:08.965  4881  4895 I id.app.launche: NativeAlloc concurrent copying GC freed 5606(349KB) AllocSpace objects, 0(0B) LOS objects, 49% free, 9762KB/19MB, paused 216us total 145.625ms
05-13 17:04:08.966  4216  5308 I SemDvfsHyPerManager: acquire hyper - AMS_APP_SWITCH/4216@31, type = -999
05-13 17:04:08.967  3841  3871 I HYPER-HAL: [RequestManager.cpp]acquire(): Acquired ID : 9020659  [4216 / 31]    HINT : AMS_APP_SWITCH    list :
05-13 17:04:08.968  3841  3871 E HYPER-HAL: [HandlerSysfs.cpp]doResourceHandling(): Couldn't Open Sysfs - /sys/power/cstate_control
05-13 17:04:08.968  3841  3871 I HYPER-HAL: [ResourceManager.cpp]updateResource(): [CPUMinFreq] UpdateResource Request ID : 9020659    Value : 1560000
05-13 17:04:08.970  3869  3916 I SurfaceFlinger: id=44962 createSurf (0x0),-1 flag=24004, Task=1077#0
05-13 17:04:08.971  6281  6281 I SemDvfsHyPerManager: acquire hyper - com.sec.android.sdhms/6281@9, type = -999
05-13 17:04:08.973  3841  3871 I HYPER-HAL: [RequestManager.cpp]acquire(): Acquired ID : 19785204  [6281 / 9]    HINT : APP_START    list :
05-13 17:04:08.973  3841  3871 E HYPER-HAL: [HandlerSysfs.cpp]doResourceHandling(): Couldn't Open Sysfs - /sys/kernel/mm/vmscan/am_app_launch
05-13 17:04:08.974  3841  3871 I HYPER-HAL: [ResourceManager.cpp]updateResource(): [CPUMaxFreq] UpdateResource Request ID : 19785204    Value : 1560000
05-13 17:04:08.977  3869  3916 I SurfaceFlinger: id=44963 createSurf (0x0),-1 flag=80004, ActivityRecord{8fde6c u0 com.example.dogglers/androidx.test.core.app.InstrumentationActivityInvoker$BootstrapActivity t1077}#0
05-13 17:04:08.980 19071 19071 W chromium: [WARNING:debounce_rule.cc(58)] Invalid url pattern '://*.awin1.com/awclick.php?*'
05-13 17:04:08.981 19071 19071 W chromium: [WARNING:debounce_rule.cc(58)] Invalid url pattern '://*.mvvx.net/c/*'
05-13 17:04:08.981 19071 19071 W chromium: [WARNING:debounce_rule.cc(58)] Invalid url pattern '*.valuecommerce.com/servlet/*'
05-13 17:04:08.982 19071 19071 W chromium: [WARNING:debounce_rule.cc(58)] Invalid url pattern '://redirect.viglink.com/*'
05-13 17:04:08.983  4216  6376 V WindowOrientationListener: getProposedRotation: -1
05-13 17:04:08.985  3799  3805 E statsd  : Predicate -7037417284711607308 dropping data for dimension key (10)0x2010101->10342[I] (10)0x30000->*launch*[S]
05-13 17:04:08.987 19316 19316 E id.bbc.bbcagen: Not starting debugger since process cannot load the jdwp agent.
05-13 17:04:08.988  4216  6376 I SemDvfsHyPerManager: acquire hyper - AMS_APP_LAUNCH/4216@17, type = -999
05-13 17:04:08.988  3841  3871 I HYPER-HAL: [RequestManager.cpp]acquire(): Acquired ID : 8961278  [4216 / 17]    HINT : AMS_APP_LAUNCH    list :
05-13 17:04:08.988  3841  3871 E HYPER-HAL: [HandlerSysfs.cpp]doResourceHandling(): Couldn't Open Sysfs - /sys/power/cstate_control
05-13 17:04:08.989  3841  3871 I HYPER-HAL: [ResourceManager.cpp]updateResource(): [CPUMinFreq] UpdateResource Request ID : 8961278    Value : 1560000
05-13 17:04:09.003 19262 19262 W ocessService0:: Verification of void Vp2.attachBaseContext(android.content.Context) took 111.568ms (6731.28 bytecodes/s) (23736B approximate peak alloc)
05-13 17:04:09.012 19316 19316 D ActivityThread: setConscryptValidator
05-13 17:04:09.012 19316 19316 D ActivityThread: setConscryptValidator - put
05-13 17:04:09.025  4216  4241 D InputTransport: Input channel constructed: '9542722', fd=751
05-13 17:04:09.025  4216  4241 D InputTransport: Input channel constructed: '9542722', fd=762
05-13 17:04:09.028  3869  3916 I SurfaceFlinger: id=44964 createSurf (0x0),-1 flag=80004, 9542722 Splash Screen com.example.dogglers#0
05-13 17:04:09.031  4216  4241 I ViewRootImpl@e294ced[dogglers]: setView = com.android.internal.policy.DecorView@7dacae9 TM=true
05-13 17:04:09.037  4216  4241 V WindowManager: Relayout Window{9542722 u0 Splash Screen com.example.dogglers}: viewVisibility=0 req=720x1560
05-13 17:04:09.043  4216  4225 I system_server: Background young concurrent copying GC freed 396814(13MB) AllocSpace objects, 27(1296KB) LOS objects, 15% free, 77MB/92MB, paused 370us total 146.128ms
05-13 17:04:09.046  4216  4227 W System  : A resource failed to call release.
05-13 17:04:09.046  4216  4227 I SurfaceControl: nativeRelease nativeObject s[493619798560]
05-13 17:04:09.046  4216  4227 I SurfaceControl: nativeRelease nativeObject e[493619798560]
05-13 17:04:09.047  4216  4227 W System  : A resource failed to call release.
05-13 17:04:09.047  4216  4227 I SurfaceControl: nativeRelease nativeObject s[493617125792]
05-13 17:04:09.047  4216  4227 I SurfaceControl: nativeRelease nativeObject e[493617125792]
05-13 17:04:09.048  4216  4227 W System  : A resource failed to call end.
05-13 17:04:09.048  4216  4227 W System  : A resource failed to call release.
05-13 17:04:09.048  4216  4227 I SurfaceControl: nativeRelease nativeObject s[493619791360]
05-13 17:04:09.048  4216  4227 I SurfaceControl: nativeRelease nativeObject e[493619791360]
05-13 17:04:09.049  4216  4227 W System  : A resource failed to call release.
05-13 17:04:09.049  4216  4227 I SurfaceControl: nativeRelease nativeObject s[493801611328]
05-13 17:04:09.049  4216  4227 I SurfaceControl: nativeRelease nativeObject e[493801611328]
05-13 17:04:09.049  3869  5320 I SurfaceFlinger: id=44925 Removed Surface(name=6946458 InputMethod)/@0xac62e96 - animation-leash#1 (80)
05-13 17:04:09.050  4216  4227 W System  : A resource failed to call release.
05-13 17:04:09.050  4216  4227 I SurfaceControl: nativeRelease nativeObject s[493619426720]
05-13 17:04:09.050  4216  4227 I SurfaceControl: nativeRelease nativeObject e[493619426720]
05-13 17:04:09.050  4216  4241 D WindowManager: isScreenshotDisabledLocked - win: Window{9542722 u0 Splash Screen com.example.dogglers}
05-13 17:04:09.050  4216  4241 D WindowManager: isScreenshotDisabledLocked: userId = 0, disabled =false
05-13 17:04:09.050  3869  3916 I SurfaceFlinger: id=44920 Removed Surface(name=6946458 InputMethod)/@0xac62e96 - animation-leash#0 (80)
05-13 17:04:09.051  4216  4227 W System  : A resource failed to call release.
05-13 17:04:09.051  4216  4227 I SurfaceControl: nativeRelease nativeObject s[495839105632]
05-13 17:04:09.051  4216  4227 I SurfaceControl: nativeRelease nativeObject e[495839105632]
05-13 17:04:09.051  3869  5320 I SurfaceFlinger: id=44965 createSurf (720x1560),1 flag=404, Splash Screen com.example.dogglers#0
05-13 17:04:09.051  4216  4227 W System  : A resource failed to call release.
05-13 17:04:09.051  4216  4227 I SurfaceControl: nativeRelease nativeObject s[493617127232]
05-13 17:04:09.051  4216  4227 I SurfaceControl: nativeRelease nativeObject e[493617127232]
05-13 17:04:09.056  4216  4241 V WindowOrientationListener: getProposedRotation: -1
05-13 17:04:09.057  4216  4241 V WindowManager: Relayout hash=9542722, pid=4216: mAttrs={(0,0)(fillxfill) sim={adjust=pan} layoutInDisplayCutoutMode=shortEdges ty=APPLICATION_STARTING wanim=0x1030001
05-13 17:04:09.057  4216  4241 V WindowManager:   fl=1830118
05-13 17:04:09.057  4216  4241 V WindowManager:   pfl=12020011
05-13 17:04:09.057  4216  4241 V WindowManager:   fitSides= naviIconColor=0}
05-13 17:04:09.058  4216  4241 I ViewRootImpl@e294ced[dogglers]: Relayout returned: old=(0,0,720,1560) new=(0,0,720,1560) req=(720,1560)0 dur=21 res=0x7 s={true 493594587136} ch=true fn=-1
05-13 17:04:09.060  4216  4241 I ViewRootImpl@e294ced[dogglers]: [DP] dp(1) 1 android.view.ViewRootImpl.reportNextDraw:10957 android.view.ViewRootImpl.performTraversals:3845 android.view.ViewRootImpl.doTraversal:2618
05-13 17:04:09.061  3827  3827 D gralloc : [mali_gralloc_allocate] begin
05-13 17:04:09.061  3827  3827 D gralloc : buffer_descriptor: wh(720 1560) usage_pc(0x966 0x906) hal_format(0x1) layer_count(1) sizes(0 0 0) strde(0) byte_stride(0) alloc_wh(0 0) internal_format(0x0) alloc_format(0x0) fd_count(1) plane_count(0)
05-13 17:04:09.062  3827  3827 D gralloc : [mali_gralloc_allocate] allocation successful
05-13 17:04:09.065  3869  3869 I Layer   : id=44920[1] Destroyed Surface(name=6946458 InputMethod)/@0xac62e96 - animation-leash#0
05-13 17:04:09.066  3869  3869 I Layer   : id=44925[1] Destroyed Surface(name=6946458 InputMethod)/@0xac62e96 - animation-leash#1
05-13 17:04:09.072  4216  4241 I ViewRootImpl@e294ced[dogglers]: [DP] pdf(0) 1 android.view.ViewRootImpl.performDraw:4809 android.view.ViewRootImpl.performTraversals:3866 android.view.ViewRootImpl.doTraversal:2618
05-13 17:04:09.072  4216  4241 I ViewRootImpl@e294ced[dogglers]: [DP] rdf()
05-13 17:04:09.083  4216  6378 I InputDispatcher: Focus left window (18532): 94f4253 in display 0 0
05-13 17:04:09.085 19262 19262 I cr_SplitCompatApp: Launched version=101.1.38.109 minSdkVersion=24 isBundle=true processName=com.brave.browser:sandboxed_process0:org.chromium.content.app.SandboxedProcessService0:0 isIsolated=true
05-13 17:04:09.085  4216  6355 V WindowOrientationListener: getProposedRotation: -1
05-13 17:04:09.085  4216  6355 V WindowOrientationListener: getProposedRotation: -1
05-13 17:04:09.086  4216  6355 V WindowOrientationListener: getProposedRotation: -1
05-13 17:04:09.088  4216  6355 D InputDispatcher: Focused application set to (0): 8fde6c
05-13 17:04:09.096  3869  3916 I SurfaceFlinger: id=44966 createSurf (0x0),-1 flag=24000, Surface(name=Task=1038)/@0x576a2c6 - animation-leash#0
05-13 17:04:09.098  3869  3916 I SurfaceFlinger: id=44967 createSurf (0x0),-1 flag=20004, Dim Layer for - DefaultTaskDisplayArea - animating-dim#0
05-13 17:04:09.099  3869  3916 I SurfaceFlinger: id=44968 createSurf (0x0),-1 flag=24000, Surface(name=Dim Layer for - DefaultTaskDisplayArea - animating-dim)/@0x6cebca0 - animation-leash#0
05-13 17:04:09.102  3869  3916 I SurfaceFlinger: id=44969 createSurf (0x0),-1 flag=24004, Surface(name=Task=1077)/@0x927a191 - animation-leash#0
05-13 17:04:09.104  4216  6355 D WindowManager: isScreenshotDisabledLocked - win: Window{6946458 u0 InputMethod}
05-13 17:04:09.104  4216  6355 D WindowManager: isScreenshotDisabledLocked: userId = 0, disabled =false
05-13 17:04:09.104  4216  6355 D WindowManager: isScreenshotDisabledLocked - win: Window{94f4253 u0 com.andrewshu.android.reddit/com.andrewshu.android.reddit.MainActivity}
05-13 17:04:09.104  4216  6355 D WindowManager: isScreenshotDisabledLocked: userId = 0, disabled =false
05-13 17:04:09.105  3827  3827 D gralloc : [mali_gralloc_allocate] begin
05-13 17:04:09.105  3827  3827 D gralloc : buffer_descriptor: wh(720 1560) usage_pc(0x366 0x306) hal_format(0x1) layer_count(1) sizes(0 0 0) strde(0) byte_stride(0) alloc_wh(0 0) internal_format(0x0) alloc_format(0x0) fd_count(1) plane_count(0)
05-13 17:04:09.108  3827  3827 D gralloc : [mali_gralloc_allocate] allocation successful
05-13 17:04:09.111  3869  3869 I Layer   : id=44970[0] Destroyed Screenshot Parent
05-13 17:04:09.115  4216  6355 I SurfaceControl: nativeRelease nativeObject s[493619801344]
05-13 17:04:09.115  4216  6355 I SurfaceControl: nativeRelease nativeObject e[493619801344]
05-13 17:04:09.116  3869  3916 I SurfaceFlinger: id=44971 createSurf (0x0),-1 flag=24000, Surface(name=e46760d StatusBar)/@0xc36a394 - animation-leash#0
05-13 17:04:09.117  4216  6355 I SurfaceControl: nativeRelease nativeObject s[493619801440]
05-13 17:04:09.117  4216  6355 I SurfaceControl: nativeRelease nativeObject e[493619801440]
05-13 17:04:09.117  3869  3916 I SurfaceFlinger: id=44972 createSurf (0x0),-1 flag=24000, Surface(name=8cb84e5 NavigationBar0)/@0x90a7f83 - animation-leash#0
05-13 17:04:09.120  3869  3916 I Layer   : id=44958 removeFromCurrentState Surface(name=e46760d StatusBar)/@0xc36a394 - animation-leash#1 (85)
05-13 17:04:09.120  3869  3916 I Layer   : id=44959 removeFromCurrentState Surface(name=8cb84e5 NavigationBar0)/@0x90a7f83 - animation-leash#1 (85)
05-13 17:04:09.133 18960 18960 D LifecycleMonitor: Lifecycle status change: androidx.test.core.app.InstrumentationActivityInvoker$BootstrapActivity@143bb9c in: PRE_ON_CREATE
05-13 17:04:09.134 18960 18960 D LifecycleMonitor: running callback: androidx.test.core.app.ActivityScenario$1@3a899a5
05-13 17:04:09.134 18960 18960 V ActivityScenario: Activity lifecycle changed event received but ignored because the intent does not match. startActivityIntent=Intent { act=android.intent.action.MAIN cat=[android.intent.category.LAUNCHER] cmp=com.example.dogglers/.VerticalListActivity }, activity.getIntent()=Intent { act=android.intent.action.MAIN cat=[android.intent.category.LAUNCHER] flg=0x10008000 cmp=com.example.dogglers/androidx.test.core.app.InstrumentationActivityInvoker$BootstrapActivity (has extras) }, activity=androidx.test.core.app.InstrumentationActivityInvoker$BootstrapActivity@143bb9c
05-13 17:04:09.134 18960 18960 D LifecycleMonitor: callback completes: androidx.test.core.app.ActivityScenario$1@3a899a5
05-13 17:04:09.134  4216  4454 D PkgPredictorService: com.example.dogglers go to foreground!
05-13 17:04:09.135  4216  4454 E PkgPredictorService-Collector: record changed bt=0  wifi=1 screen=0
05-13 17:04:09.135  4216  4454 D PkgPredictorService: previous pkgs: com.example.dogglers,com.andrewshu.android.reddit,com.example.dogglers running pkg: com.example.dogglers, uid: 0 is system: false
05-13 17:04:09.135  4216  4454 D PkgPredictorService-Collector: save record...
05-13 17:04:09.135  4216  4454 D PkgPredictorService-Collector:  (hour:17 day:6 previous:[com.example.dogglers, com.andrewshu.android.reddit, com.example.dogglers] activityName:unknown running:com.example.dogglers userId:0 screenOrientation:0 wifi:1 bt:0 predictTime:2 apkVersion:1.0 consumeTime:-1 preloaded:false>)
05-13 17:04:09.135  4216  4238 D SehCodecSolutionService: Update top [com.example.dogglers]
05-13 17:04:09.135  4216  4454 D PkgPredictorService-NapPreloadController: User using: com.example.dogglers
05-13 17:04:09.135  4216  4454 I PkgPredictorService-NapClassifier: RF predict version:1652418013125
05-13 17:04:09.136 18532 18532 I SurfaceControl: nativeRelease nativeObject s[493616124864]
05-13 17:04:09.136 18532 18532 I SurfaceControl: nativeRelease nativeObject e[493616124864]
05-13 17:04:09.136 18532 18532 I SurfaceControl: nativeRelease nativeObject s[495850967584]
05-13 17:04:09.136 18532 18532 I SurfaceControl: nativeRelease nativeObject e[495850967584]
05-13 17:04:09.136 18532 18532 I SurfaceControl: nativeRelease nativeObject s[493616125632]
05-13 17:04:09.136 18532 18532 I SurfaceControl: nativeRelease nativeObject e[493616125632]
05-13 17:04:09.136  3869  3916 I SurfaceFlinger: id=44959 Removed Surface(name=8cb84e5 NavigationBar0)/@0x90a7f83 - animation-leash#1 (85)
05-13 17:04:09.137  3869  3916 I SurfaceFlinger: id=44958 Removed Surface(name=e46760d StatusBar)/@0xc36a394 - animation-leash#1 (85)
05-13 17:04:09.137  4216  4454 D PkgPredictorService-NapClassifier: Predict result: 48.0,47.0,45.0, - [0_&_com.andrewshu.android.reddit, 0_&_com.whatsapp, 0_&_com.teslacoilsw.launcher]
05-13 17:04:09.137 18532 18532 I ViewRootImpl@17cbfa6[MainActivity]: MSG_WINDOW_FOCUS_CHANGED 0 1
05-13 17:04:09.146 18960 18960 I DecorView: [INFO] isPopOver=false, config=true
05-13 17:04:09.146 18960 18960 I DecorView: updateCaptionType >> DecorView@4da5d2b[], isFloating=false, isApplication=true, hasWindowDecorCaption=false, hasWindowControllerCallback=true
05-13 17:04:09.146 18960 18960 D DecorView: setCaptionType = 0, this = DecorView@4da5d2b[]
05-13 17:04:09.148  3869  3869 I Layer   : id=44958[1] Destroyed Surface(name=e46760d StatusBar)/@0xc36a394 - animation-leash#1
05-13 17:04:09.148  3869  3869 I Layer   : id=44959[1] Destroyed Surface(name=8cb84e5 NavigationBar0)/@0x90a7f83 - animation-leash#1
05-13 17:04:09.154 18960 18960 D LifecycleMonitor: Lifecycle status change: androidx.test.core.app.InstrumentationActivityInvoker$BootstrapActivity@143bb9c in: CREATED
05-13 17:04:09.155 18960 18960 D LifecycleMonitor: running callback: androidx.test.core.app.ActivityScenario$1@3a899a5
05-13 17:04:09.155 18960 18960 V ActivityScenario: Activity lifecycle changed event received but ignored because the intent does not match. startActivityIntent=Intent { act=android.intent.action.MAIN cat=[android.intent.category.LAUNCHER] cmp=com.example.dogglers/.VerticalListActivity }, activity.getIntent()=Intent { act=android.intent.action.MAIN cat=[android.intent.category.LAUNCHER] flg=0x10008000 cmp=com.example.dogglers/androidx.test.core.app.InstrumentationActivityInvoker$BootstrapActivity (has extras) }, activity=androidx.test.core.app.InstrumentationActivityInvoker$BootstrapActivity@143bb9c
05-13 17:04:09.155 18960 18960 D LifecycleMonitor: callback completes: androidx.test.core.app.ActivityScenario$1@3a899a5
05-13 17:04:09.157  3869  3869 D SurfaceFlinger: Display 0 HWC layers:
05-13 17:04:09.157  3869  3869 D SurfaceFlinger:      DEVICE | 0x7da1414bc0 | 0002 | RGBA_8888    |    0.0   12.0  720.0 1560.0 |    0    0  720 1548 | com.andrewshu.android.reddit/com.and[...]android.reddit.MainActivity$_18532#0
05-13 17:04:09.157  3869  3869 D SurfaceFlinger:  SOLID_COLOR |              | 0000 |  Unknown  |    0.0    0.0    0.0    0.0 |    0    0  720 1560 | Dim Layer for - DefaultTaskDisplayArea - animating-dim#0
05-13 17:04:09.157  3869  3869 D SurfaceFlinger:      DEVICE | 0x7e253c5700 | 0002 | RGBA_8888    |    0.0    0.0  720.0 1343.0 |    0  217  720 1560 | Splash Screen com.example.dogglers#0
05-13 17:04:09.157  3869  3869 D SurfaceFlinger:      DEVICE | 0x7d82281780 | 0000 | RGBA_8888    |    0.0    0.0  720.0   53.0 |    0    0  720   53 | StatusBar$_4581#0
05-13 17:04:09.157  3869  3869 D SurfaceFlinger:      DEVICE | 0x7e253c6100 | 0000 | RGBA_8888    |    0.0    0.0  720.0   84.0 |    0 1476  720 1560 | NavigationBar0$_4581#0
05-13 17:04:09.157  3869  3869 D SurfaceFlinger:      DEVICE | 0x7da1414300 | 0000 | RGBA_8888    |    0.0    0.0  720.0  101.0 |    0    0  720  101 | ScreenDecorOverlay$_4581#0
05-13 17:04:09.157  3869  3869 D SurfaceFlinger:      DEVICE | 0x7e253c6ec0 | 0000 | RGBA_8888    |    0.0    0.0  720.0  101.0 |    0 1459  720 1560 | ScreenDecorOverlayBottom$_4581#0
05-13 17:04:09.157  3869  3869 D SurfaceFlinger:
05-13 17:04:09.159 18960 18960 D LifecycleMonitor: Lifecycle status change: androidx.test.core.app.InstrumentationActivityInvoker$BootstrapActivity@143bb9c in: STARTED
05-13 17:04:09.159 18960 18960 D LifecycleMonitor: running callback: androidx.test.core.app.ActivityScenario$1@3a899a5
05-13 17:04:09.159 18960 18960 V ActivityScenario: Activity lifecycle changed event received but ignored because the intent does not match. startActivityIntent=Intent { act=android.intent.action.MAIN cat=[android.intent.category.LAUNCHER] cmp=com.example.dogglers/.VerticalListActivity }, activity.getIntent()=Intent { act=android.intent.action.MAIN cat=[android.intent.category.LAUNCHER] flg=0x10008000 cmp=com.example.dogglers/androidx.test.core.app.InstrumentationActivityInvoker$BootstrapActivity (has extras) }, activity=androidx.test.core.app.InstrumentationActivityInvoker$BootstrapActivity@143bb9c
05-13 17:04:09.159 18960 18960 D LifecycleMonitor: callback completes: androidx.test.core.app.ActivityScenario$1@3a899a5
05-13 17:04:09.166  5712 19256 W adbd    : timed out while waiting for FUNCTIONFS_BIND, trying again
05-13 17:04:09.167  5712 19256 I adbd    : UsbFfs: connection terminated: monitor thread finished
05-13 17:04:09.167  3869  5320 I SurfaceFlinger: id=44973 createSurf (0x0),-1 flag=80004, ActivityRecord{f231d1d u0 com.example.dogglers/.VerticalListActivity t1077}#0
05-13 17:04:09.170  5712  5712 I adbd    : UsbFfs: already offline
05-13 17:04:09.170  5712  5712 I adbd    : destroying transport UsbFfs
05-13 17:04:09.171  5712  5712 I adbd    : UsbFfsConnection being destroyed
05-13 17:04:09.174  4216  4241 I ViewRootImpl@e294ced[dogglers]: MSG_RESIZED_REPORT: frame=(0,0,720,1560) ci=(0,53,0,84) vi=(0,53,0,84) or=1
05-13 17:04:09.175  4216  4241 I ViewRootImpl@e294ced[dogglers]: [DP] dp(1) 1 android.view.ViewRootImpl.reportNextDraw:10957 android.view.ViewRootImpl.access$1200:256 android.view.ViewRootImpl$ViewRootHandler.handleMessage:6101
05-13 17:04:09.175 18960 18960 D LifecycleMonitor: Lifecycle status change: androidx.test.core.app.InstrumentationActivityInvoker$BootstrapActivity@143bb9c in: RESUMED
05-13 17:04:09.175 18960 18960 D LifecycleMonitor: running callback: androidx.test.core.app.ActivityScenario$1@3a899a5
05-13 17:04:09.176 18960 18960 V ActivityScenario: Activity lifecycle changed event received but ignored because the intent does not match. startActivityIntent=Intent { act=android.intent.action.MAIN cat=[android.intent.category.LAUNCHER] cmp=com.example.dogglers/.VerticalListActivity }, activity.getIntent()=Intent { act=android.intent.action.MAIN cat=[android.intent.category.LAUNCHER] flg=0x10008000 cmp=com.example.dogglers/androidx.test.core.app.InstrumentationActivityInvoker$BootstrapActivity (has extras) }, activity=androidx.test.core.app.InstrumentationActivityInvoker$BootstrapActivity@143bb9c
05-13 17:04:09.176 18960 18960 D LifecycleMonitor: callback completes: androidx.test.core.app.ActivityScenario$1@3a899a5
05-13 17:04:09.179 18960 18960 D LifecycleMonitor: Lifecycle status change: androidx.test.core.app.InstrumentationActivityInvoker$BootstrapActivity@143bb9c in: PAUSED
05-13 17:04:09.179 18960 18960 D LifecycleMonitor: running callback: androidx.test.core.app.ActivityScenario$1@3a899a5
05-13 17:04:09.179 18960 18960 V ActivityScenario: Activity lifecycle changed event received but ignored because the intent does not match. startActivityIntent=Intent { act=android.intent.action.MAIN cat=[android.intent.category.LAUNCHER] cmp=com.example.dogglers/.VerticalListActivity }, activity.getIntent()=Intent { act=android.intent.action.MAIN cat=[android.intent.category.LAUNCHER] flg=0x10008000 cmp=com.example.dogglers/androidx.test.core.app.InstrumentationActivityInvoker$BootstrapActivity (has extras) }, activity=androidx.test.core.app.InstrumentationActivityInvoker$BootstrapActivity@143bb9c
05-13 17:04:09.179 18960 18960 D LifecycleMonitor: callback completes: androidx.test.core.app.ActivityScenario$1@3a899a5
05-13 17:04:09.179  3800  3830 E Netd    : getNetworkForDns: getNetId from enterpriseCtrl is netid 0
05-13 17:04:09.182 19281 19281 I cr_ChildProcessService: Creating new ChildProcessService pid=19281
05-13 17:04:09.184  4216  6376 V WindowOrientationListener: getProposedRotation: -1
05-13 17:04:09.188  4216  6376 D InputDispatcher: Focused application set to (0): f231d1d
05-13 17:04:09.195  4216  4241 V WindowManager: Relayout Window{9542722 u0 Splash Screen com.example.dogglers}: viewVisibility=0 req=720x1560
05-13 17:04:09.197  4216  4241 I SurfaceControl: nativeRelease nativeObject s[493802176928]
05-13 17:04:09.197  4216  4241 I SurfaceControl: nativeRelease nativeObject e[493802176928]
05-13 17:04:09.197  3800  3830 E Netd    : getNetworkForDns: getNetId from enterpriseCtrl is netid 0
05-13 17:04:09.198  4216  4241 V WindowManager: Relayout hash=9542722, pid=4216: mAttrs={(0,0)(fillxfill) sim={adjust=pan} layoutInDisplayCutoutMode=shortEdges ty=APPLICATION_STARTING wanim=0x1030001
05-13 17:04:09.198  4216  4241 V WindowManager:   fl=1830118
05-13 17:04:09.198  4216  4241 V WindowManager:   pfl=12020011
05-13 17:04:09.198  4216  4241 V WindowManager:   fitSides= naviIconColor=0}
05-13 17:04:09.199  4216  4241 I SurfaceControl: nativeRelease nativeObject s[493619801440]
05-13 17:04:09.199  4216  4241 I SurfaceControl: nativeRelease nativeObject e[493619801440]
05-13 17:04:09.199  4216  4241 I SurfaceControl: nativeRelease nativeObject s[493619801344]
05-13 17:04:09.199  4216  4241 I SurfaceControl: nativeRelease nativeObject e[493619801344]
05-13 17:04:09.199  4216  4241 I ViewRootImpl@e294ced[dogglers]: Relayout returned: old=(0,0,720,1560) new=(0,0,720,1560) req=(720,1560)0 dur=17 res=0x1 s={true 493594587136} ch=false fn=2
05-13 17:04:09.199  3827  3827 D gralloc : [mali_gralloc_allocate] begin
05-13 17:04:09.199  3827  3827 D gralloc : buffer_descriptor: wh(720 1560) usage_pc(0x966 0x906) hal_format(0x1) layer_count(1) sizes(0 0 0) strde(0) byte_stride(0) alloc_wh(0 0) internal_format(0x0) alloc_format(0x0) fd_count(1) plane_count(0)
05-13 17:04:09.202  3827  3827 D gralloc : [mali_gralloc_allocate] allocation successful
05-13 17:04:09.203  5712  5717 I adbd    : opening control endpoint /dev/usb-ffs/adb/ep0
05-13 17:04:09.207  3841 19260 E HYPER-HAL: [HandlerSysfs.cpp]doResourceHandling(): Couldn't Open Sysfs - /sys/power/cstate_control
05-13 17:04:09.208  3841 19260 I HYPER-HAL: [ResourceManager.cpp]removeResource(): [CPUMinFreq] RemoveResource Request ID : 8965513
05-13 17:04:09.208  3841 19260 I HYPER-HAL: [RequestManager.cpp]releaseLocked(): Released ID : 8965513
05-13 17:04:09.211  5712  5717 I adbd    : UsbFfsConnection constructed
05-13 17:04:09.212  3800  3830 E Netd    : getNetworkForDns: getNetId from enterpriseCtrl is netid 0
05-13 17:04:09.213  5712 19341 I adbd    : UsbFfs-monitor thread spawned
05-13 17:04:09.213  4216  4241 I ViewRootImpl@e294ced[dogglers]: [DP] pdf(0) 1 android.view.ViewRootImpl.performDraw:4809 android.view.ViewRootImpl.performTraversals:3866 android.view.ViewRootImpl.doTraversal:2618
05-13 17:04:09.213  4216  4241 I ViewRootImpl@e294ced[dogglers]: [DP] rdf()
05-13 17:04:09.216 18960 18960 D LifecycleMonitor: Lifecycle status change: com.example.dogglers.VerticalListActivity@f1e234 in: PRE_ON_CREATE
05-13 17:04:09.216 18960 18960 D LifecycleMonitor: running callback: androidx.test.core.app.ActivityScenario$1@3a899a5
05-13 17:04:09.216 18960 18960 V ActivityScenario: Activity lifecycle changed event received but ignored because the reported transition was not ON_CREATE while the last known transition was PRE_ON_CREATE
05-13 17:04:09.216 18960 18960 D LifecycleMonitor: callback completes: androidx.test.core.app.ActivityScenario$1@3a899a5
05-13 17:04:09.223 18576 18576 I Pixelmigrate: [PhenotypeSyncHelper] Phenotype flags committed successfully.
05-13 17:04:09.230  4167  4167 D BoundBrokerSvc: onBind: Intent { act=com.google.android.gms.measurement.START pkg=com.google.android.gms }
05-13 17:04:09.230  4167  4167 D BoundBrokerSvc: Loading bound service for intent: Intent { act=com.google.android.gms.measurement.START pkg=com.google.android.gms }
05-13 17:04:09.218 19316 19316 I id.bbc.bbcagen: The ClassLoaderContext is a special shared library.
05-13 17:04:09.234 18960 18960 I DecorView: [INFO] isPopOver=false, config=true
05-13 17:04:09.234 18960 18960 I DecorView: updateCaptionType >> DecorView@aac3615[], isFloating=false, isApplication=true, hasWindowDecorCaption=false, hasWindowControllerCallback=true
05-13 17:04:09.234 18960 18960 D DecorView: setCaptionType = 0, this = DecorView@aac3615[]
05-13 17:04:09.251  3595  3606 I servicemanager: edm_proxy is isloated, getService has failed.
05-13 17:04:09.261  3800  3830 E Netd    : getNetworkForDns: getNetId from enterpriseCtrl is netid 0
05-13 17:04:09.266 18960 18960 D LifecycleMonitor: Lifecycle status change: com.example.dogglers.VerticalListActivity@f1e234 in: CREATED
05-13 17:04:09.266 18960 18960 D LifecycleMonitor: running callback: androidx.test.core.app.ActivityScenario$1@3a899a5
05-13 17:04:09.267 18960 18960 V ActivityScenario: Update currentActivityStage to CREATED, currentActivity=com.example.dogglers.VerticalListActivity@f1e234
05-13 17:04:09.267 18960 18960 D LifecycleMonitor: callback completes: androidx.test.core.app.ActivityScenario$1@3a899a5
05-13 17:04:09.271 18960 18960 D LifecycleMonitor: Lifecycle status change: com.example.dogglers.VerticalListActivity@f1e234 in: STARTED
05-13 17:04:09.272 18960 18960 D LifecycleMonitor: running callback: androidx.test.core.app.ActivityScenario$1@3a899a5
05-13 17:04:09.272 18960 18960 V ActivityScenario: Update currentActivityStage to STARTED, currentActivity=com.example.dogglers.VerticalListActivity@f1e234
05-13 17:04:09.272 18960 18960 D LifecycleMonitor: callback completes: androidx.test.core.app.ActivityScenario$1@3a899a5
05-13 17:04:09.274 18960 18960 D LifecycleMonitor: Lifecycle status change: com.example.dogglers.VerticalListActivity@f1e234 in: RESUMED
05-13 17:04:09.274 18960 18960 D LifecycleMonitor: running callback: androidx.test.core.app.ActivityScenario$1@3a899a5
05-13 17:04:09.275 18960 18960 V ActivityScenario: Update currentActivityStage to RESUMED, currentActivity=com.example.dogglers.VerticalListActivity@f1e234
05-13 17:04:09.275 18960 18960 D LifecycleMonitor: callback completes: androidx.test.core.app.ActivityScenario$1@3a899a5
05-13 17:04:09.283  3800  3830 E Netd    : getNetworkForDns: getNetId from enterpriseCtrl is netid 0
05-13 17:04:09.284  4216  6355 D InputTransport: Input channel constructed: '5ea878d', fd=740
05-13 17:04:09.284  4216  6355 D InputTransport: Input channel constructed: '5ea878d', fd=741
05-13 17:04:09.285  3869  5320 I SurfaceFlinger: id=44974 createSurf (0x0),-1 flag=80004, 5ea878d com.example.dogglers/com.example.dogglers.VerticalListActivity#0
05-13 17:04:09.286  4216  6355 D WindowManager: isScreenshotDisabledLocked - win: Window{5ea878d u0 com.example.dogglers/com.example.dogglers.VerticalListActivity}
05-13 17:04:09.286  4216  6355 D WindowManager: isScreenshotDisabledLocked: userId = 0, disabled =false
05-13 17:04:09.286  4216  6355 D InputTransport: Input channel destroyed: '5ea878d', fd=741
05-13 17:04:09.288 18960 18960 D InputTransport: Input channel constructed: '5ea878d', fd=80
05-13 17:04:09.291 18960 18960 I ViewRootImpl@bfd37fc[VerticalListActivity]: setView = com.android.internal.policy.DecorView@aac3615 TM=true
05-13 17:04:09.296 18960 18960 D IdlingResourceRegistry: All idling resources are idle.
05-13 17:04:09.310  4216  6352 V WindowManager: Relayout Window{5ea878d u0 com.example.dogglers/com.example.dogglers.VerticalListActivity}: viewVisibility=0 req=720x1560
05-13 17:04:09.312  4216  6352 D WindowManager: isScreenshotDisabledLocked - win: Window{5ea878d u0 com.example.dogglers/com.example.dogglers.VerticalListActivity}
05-13 17:04:09.312  4216  6352 D WindowManager: isScreenshotDisabledLocked: userId = 0, disabled =false
05-13 17:04:09.313  3869  4272 I SurfaceFlinger: id=44975 createSurf (720x1560),1 flag=404, com.example.dogglers/com.example.dogglers.VerticalListActivity$_18960#0
05-13 17:04:09.316  4216  6352 I SurfaceControl: nativeRelease nativeObject s[493802926272]
05-13 17:04:09.316  4216  6352 I SurfaceControl: nativeRelease nativeObject e[493802926272]
05-13 17:04:09.317  3869  4272 I SurfaceFlinger: id=44976 createSurf (0x0),-1 flag=24000, Surface(name=e46760d StatusBar)/@0xc36a394 - animation-leash#1
05-13 17:04:09.318  4216  6352 I SurfaceControl: nativeRelease nativeObject s[493802926368]
05-13 17:04:09.318  4216  6352 I SurfaceControl: nativeRelease nativeObject e[493802926368]
05-13 17:04:09.318  3869  4272 I SurfaceFlinger: id=44977 createSurf (0x0),-1 flag=24000, Surface(name=8cb84e5 NavigationBar0)/@0x90a7f83 - animation-leash#1
05-13 17:04:09.320  3595  3606 I servicemanager: uimode is isloated, getService has failed.
05-13 17:04:09.321  4216  6352 V WindowManager: Relayout hash=5ea878d, pid=18960: mAttrs={(0,0)(fillxfill) sim={adjust=resize forwardNavigation} ty=BASE_APPLICATION wanim=0x1030304
05-13 17:04:09.321  4216  6352 V WindowManager:   fl=81810100
05-13 17:04:09.321  4216  6352 V WindowManager:   pfl=12020000
05-13 17:04:09.321  4216  6352 V WindowManager:   fitSides= naviIconColor=0}
05-13 17:04:09.321  4216  6352 I SurfaceControl: nativeRelease nativeObject s[493801609120]
05-13 17:04:09.321  4216  6352 I SurfaceControl: nativeRelease nativeObject e[493801609120]
05-13 17:04:09.324 18960 18960 I SurfaceControl: assignNativeObject: nativeObject = 0 Surface(name=null)/@0xac7ce85 / android.view.SurfaceControl.readFromParcel:1117 android.view.IWindowSession$Stub$Proxy.relayout:1820 android.view.ViewRootImpl.relayoutWindow:9005 android.view.ViewRootImpl.performTraversals:3360 android.view.ViewRootImpl.doTraversal:2618 android.view.ViewRootImpl$TraversalRunnable.run:9971 android.view.Choreographer$CallbackRecord.run:1010 android.view.Choreographer.doCallbacks:809 android.view.Choreographer.doFrame:744 android.view.Choreographer$FrameDisplayEventReceiver.run:995
05-13 17:04:09.324  3869  4272 I Layer   : id=44971 removeFromCurrentState Surface(name=e46760d StatusBar)/@0xc36a394 - animation-leash#0 (88)
05-13 17:04:09.324  3869  4272 I Layer   : id=44972 removeFromCurrentState Surface(name=8cb84e5 NavigationBar0)/@0x90a7f83 - animation-leash#0 (88)
05-13 17:04:09.325  4216  4241 I SurfaceControl: nativeRelease nativeObject s[493801610848]
05-13 17:04:09.325  4216  4241 I SurfaceControl: nativeRelease nativeObject e[493801610848]
05-13 17:04:09.325  4216  4241 I SurfaceControl: nativeRelease nativeObject s[493802176928]
05-13 17:04:09.325  4216  4241 I SurfaceControl: nativeRelease nativeObject e[493802176928]
05-13 17:04:09.325  3869  4272 I SurfaceFlinger: id=44972 Removed Surface(name=8cb84e5 NavigationBar0)/@0x90a7f83 - animation-leash#0 (88)
05-13 17:04:09.325  3869  5320 I SurfaceFlinger: id=44971 Removed Surface(name=e46760d StatusBar)/@0xc36a394 - animation-leash#0 (88)
05-13 17:04:09.327 18960 18960 I ViewRootImpl@bfd37fc[VerticalListActivity]: Relayout returned: old=(0,0,720,1560) new=(0,0,720,1560) req=(720,1560)0 dur=15 res=0x7 s={true 494172028928} ch=true fn=-1
05-13 17:04:09.330  3800  3830 E Netd    : getNetworkForDns: getNetId from enterpriseCtrl is netid 0
05-13 17:04:09.331 19262 19262 W SystemServiceRegistry: No service published for: uimode
05-13 17:04:09.331  3869  3869 I Layer   : id=44971[1] Destroyed Surface(name=e46760d StatusBar)/@0xc36a394 - animation-leash#0
05-13 17:04:09.331  3827  3827 D gralloc : [mali_gralloc_allocate] begin
05-13 17:04:09.332  3827  3827 D gralloc : buffer_descriptor: wh(720 1560) usage_pc(0x40000000000b00 0x40000000000b00) hal_format(0x1) layer_count(1) sizes(0 0 0) strde(0) byte_stride(0) alloc_wh(0 0) internal_format(0x0) alloc_format(0x0) fd_count(1) plane_count(0)
05-13 17:04:09.332  3869  3869 I Layer   : id=44972[1] Destroyed Surface(name=8cb84e5 NavigationBar0)/@0x90a7f83 - animation-leash#0
05-13 17:04:09.337  3827  3827 D gralloc : [mali_gralloc_allocate] allocation successful
05-13 17:04:09.339  3827  3827 D gralloc : [mali_gralloc_allocate] begin
05-13 17:04:09.339  3827  3827 D gralloc : buffer_descriptor: wh(720 1560) usage_pc(0x40000000000b00 0x40000000000b00) hal_format(0x1) layer_count(1) sizes(0 0 0) strde(0) byte_stride(0) alloc_wh(0 0) internal_format(0x0) alloc_format(0x0) fd_count(1) plane_count(0)
05-13 17:04:09.343  3827  3827 D gralloc : [mali_gralloc_allocate] allocation successful
05-13 17:04:09.344  3827  3827 D gralloc : [mali_gralloc_allocate] begin
05-13 17:04:09.344  3827  3827 D gralloc : buffer_descriptor: wh(720 1560) usage_pc(0x40000000000b00 0x40000000000b00) hal_format(0x1) layer_count(1) sizes(0 0 0) strde(0) byte_stride(0) alloc_wh(0 0) internal_format(0x0) alloc_format(0x0) fd_count(1) plane_count(0)
05-13 17:04:09.348  3827  3827 D gralloc : [mali_gralloc_allocate] allocation successful
05-13 17:04:09.358  3800  3830 E Netd    : getNetworkForDns: getNetId from enterpriseCtrl is netid 0
05-13 17:04:09.363  3841 19241 I HYPER-HAL: [ResourceManager.cpp]removeResource(): [CPUMinFreq] RemoveResource Request ID : 9012164
05-13 17:04:09.363  3841 19241 I HYPER-HAL: [RequestManager.cpp]releaseLocked(): Released ID : 9012164
05-13 17:04:09.385 19071 19095 I m.brave.browse: Waiting for a blocking GC ProfileSaver
05-13 17:04:09.414  4216  4241 I SurfaceControl: nativeRelease nativeObject s[493802176640]
05-13 17:04:09.414  4216  4241 I SurfaceControl: nativeRelease nativeObject e[493802176640]
05-13 17:04:09.417 18960 18960 I ViewRootImpl@bfd37fc[VerticalListActivity]: [DP] dp(1) 1 android.view.ViewRootImpl.reportNextDraw:10957 android.view.ViewRootImpl.performTraversals:3845 android.view.ViewRootImpl.doTraversal:2618
05-13 17:04:09.418 18960 18960 I ViewRootImpl@bfd37fc[VerticalListActivity]: [DP] pd() Asnyc report
05-13 17:04:09.432  3869  4272 I Layer   : id=44968 removeFromCurrentState Surface(name=Dim Layer for - DefaultTaskDisplayArea - animating-dim)/@0x6cebca0 - animation-leash#0 (86)
05-13 17:04:09.432  3869  4272 I SurfaceFlinger: id=44968 Removed Surface(name=Dim Layer for - DefaultTaskDisplayArea - animating-dim)/@0x6cebca0 - animation-leash#0 (86)
05-13 17:04:09.444 18960 18960 I ViewRootImpl@bfd37fc[VerticalListActivity]: [DP] pdf(0) 1 android.view.ViewRootImpl.lambda$performDraw$1$ViewRootImpl:4668 android.view.-$$Lambda$ViewRootImpl$DJd0VUYJgsebcnSohO6h8zc_ONI.run:6 android.os.Handler.handleCallback:938
05-13 17:04:09.444 18960 18960 I ViewRootImpl@bfd37fc[VerticalListActivity]: [DP] rdf()
05-13 17:04:09.447  3869  3869 I Layer   : id=44968[1] Destroyed Surface(name=Dim Layer for - DefaultTaskDisplayArea - animating-dim)/@0x6cebca0 - animation-leash#0
05-13 17:04:09.453  4216  4241 D PkgPredictorService: pkg:com.example.dogglers activity:com.example.dogglers.VerticalListActivity thisTime:505
05-13 17:04:09.453  4216  4241 D PkgPredictorService-Collector: update activity launch time: VerticalListActivity : 505
05-13 17:04:09.456  4216  4245 D ArtManagerInternalImpl: /data/misc/iorapd/com.example.dogglers/1/com.example.dogglers.VerticalListActivity/compiled_traces/compiled_trace.pb doesn't exist
05-13 17:04:09.462  4216  4241 D ViewRootImpl@e294ced[dogglers]: dispatchDetachedFromWindow: reset blurmask
05-13 17:04:09.462  4216  4241 I ViewRootImpl@e294ced[dogglers]: dispatchDetachedFromWindow
05-13 17:04:09.462  4216  4245 I ActivityTaskManager: Displayed com.example.dogglers/.VerticalListActivity: +505ms
05-13 17:04:09.464  4216  4241 I SurfaceControl: nativeRelease nativeObject s[493617125792]
05-13 17:04:09.464  4216  4241 I SurfaceControl: nativeRelease nativeObject e[493617125792]
05-13 17:04:09.464  4216  4241 D InputTransport: Input channel destroyed: '9542722', fd=751
05-13 17:04:09.466  4216  6883 I InputDispatcher: Focus entered window (18960): 5ea878d in display 0 0
05-13 17:04:09.466  3800  3830 E Netd    : getNetworkForDns: getNetId from enterpriseCtrl is netid 0
05-13 17:04:09.467 18960 18960 D IdlingResourceRegistry: All idling resources are idle.
05-13 17:04:09.467  3869  5014 I SurfaceFlinger: id=44978 createSurf (0x0),-1 flag=24000, Surface(name=9542722 Splash Screen com.example.dogglers)/@0xb620960 - animation-leash#0
05-13 17:04:09.468 18960 18960 D RootViewPicker: Root not ready - waiting: 10ms for one to appear.
05-13 17:04:09.472  4216  4241 D InputTransport: Input channel destroyed: '9542722', fd=762
05-13 17:04:09.472  4216  6883 I SemDvfsHyPerManager: acquire hyper - AMS_RESUME_TAIL/4216@18, type = -999
05-13 17:04:09.472 18960 18960 I ViewRootImpl@bfd37fc[VerticalListActivity]: MSG_WINDOW_FOCUS_CHANGED 1 1
05-13 17:04:09.472  4216  6883 I SemDvfsHyPerManager: acquire hyper - AMS_ACT_LAZY/4216@19, type = -999
05-13 17:04:09.473 18960 18960 D InputMethodManager: prepareNavigationBarInfo() DecorView@aac3615[VerticalListActivity]
05-13 17:04:09.473 18960 18960 D InputMethodManager: getNavigationBarColor() -16711423
05-13 17:04:09.474  3799  3805 E statsd  : Predicate -7037417284711607308 dropping data for dimension key (10)0x2010101->10342[I] (10)0x30000->*launch*[S]
05-13 17:04:09.475 18960 18960 D InputMethodManager: prepareNavigationBarInfo() DecorView@aac3615[VerticalListActivity]
05-13 17:04:09.475 18960 18960 D InputMethodManager: getNavigationBarColor() -16711423
05-13 17:04:09.475 18960 18960 V InputMethodManager: Starting input: tba=com.example.dogglers ic=null mNaviBarColor -16711423 mIsGetNaviBarColorSuccess true , NavVisible : true , NavTrans : false
05-13 17:04:09.475 18960 18960 D InputMethodManager: startInputInner - Id : 0
05-13 17:04:09.475 18960 18960 I InputMethodManager: startInputInner - mService.startInputOrWindowGainedFocus
05-13 17:04:09.475  3841  3871 I HYPER-HAL: [RequestManager.cpp]acquire(): Acquired ID : 8965513  [4216 / 18]    HINT : AMS_RESUME_TAIL    list :
05-13 17:04:09.476  3841  3871 E HYPER-HAL: [HandlerSysfs.cpp]doResourceHandling(): Couldn't Open Sysfs - /sys/power/cstate_control
05-13 17:04:09.476  3841  3871 I HYPER-HAL: [ResourceManager.cpp]updateResource(): [CPUMinFreq] UpdateResource Request ID : 8965513    Value : 1560000
05-13 17:04:09.476  4216  6352 D InputMethodManagerService: mSecureKeypadEnabled = false
05-13 17:04:09.476  3841  3871 I HYPER-HAL: [RequestManager.cpp]acquire(): Acquired ID : 8969749  [4216 / 19]    HINT :      list :
05-13 17:04:09.477  3841  3871 E HYPER-HAL: [Request.cpp]acquire(): Request:: id : 8969749, No Resource to set
05-13 17:04:09.477  3841  3871 E HYPER-HAL: [HandlerSysfs.cpp]doResourceHandling(): Couldn't Open Sysfs - /sys/power/cstate_control
05-13 17:04:09.478  3841  3871 I HYPER-HAL: [ResourceManager.cpp]removeResource(): [CPUMinFreq] RemoveResource Request ID : 9020659
05-13 17:04:09.478  3841  3871 I HYPER-HAL: [RequestManager.cpp]releaseLocked(): Released ID : 9020659
05-13 17:04:09.479  4216  6352 V InputMethodManagerService: hideCurrentInputLocked : shouldHideSoftInput is false
05-13 17:04:09.479  4216  6352 D InputMethodManagerService: mDesktopModeManager null!
05-13 17:04:09.479  4216  6352 V InputMethodManagerService: getDisplayIdOfInputMethodWindowToBeAdded : 0
05-13 17:04:09.479  4216  6352 D SamsungIMMSHWKeyboard: isConnectedDexOnPC false
05-13 17:04:09.480 18532 18532 D InputTransport: Input channel destroyed: 'ClientS', fd=116
05-13 17:04:09.482  4216  6352 D InputMethodManagerService: isImeSwitcherDisabledPackage : false
05-13 17:04:09.484  4216  6352 D InputMethodManagerService: checkDisplayOfStartInputAndUpdateKeyboard display Id 0last 0
05-13 17:04:09.484  4216  6352 D InputTransport: Input channel constructed: 'ClientS', fd=680
05-13 17:04:09.484  4216  6352 D InputTransport: Input channel destroyed: 'ClientS', fd=680
05-13 17:04:09.485 18960 18960 D InputTransport: Input channel constructed: 'ClientS', fd=87
05-13 17:04:09.489  3869  3869 D SurfaceFlinger: Display 0 HWC layers:
05-13 17:04:09.489  3869  3869 D SurfaceFlinger:      DEVICE | 0x7da1415480 | 0002 | RGBA_8888    |    0.0    0.0  720.0 1560.0 |    0    0  720 1560 | Splash Screen com.example.dogglers#0
05-13 17:04:09.489  3869  3869 D SurfaceFlinger:      DEVICE | 0x7d82281780 | 0000 | RGBA_8888    |    0.0    0.0  720.0   53.0 |    0    0  720   53 | StatusBar$_4581#0
05-13 17:04:09.489  3869  3869 D SurfaceFlinger:      DEVICE | 0x7e253c6100 | 0000 | RGBA_8888    |    0.0    0.0  720.0   84.0 |    0 1476  720 1560 | NavigationBar0$_4581#0
05-13 17:04:09.489  3869  3869 D SurfaceFlinger:      DEVICE | 0x7da1414300 | 0000 | RGBA_8888    |    0.0    0.0  720.0  101.0 |    0    0  720  101 | ScreenDecorOverlay$_4581#0
05-13 17:04:09.489  3869  3869 D SurfaceFlinger:      DEVICE | 0x7e253c6ec0 | 0000 | RGBA_8888    |    0.0    0.0  720.0  101.0 |    0 1459  720 1560 | ScreenDecorOverlayBottom$_4581#0
05-13 17:04:09.489  3869  3869 D SurfaceFlinger:
05-13 17:04:09.489 18960 18960 D IdlingResourceRegistry: All idling resources are idle.
05-13 17:04:09.489 18960 18960 D IdlingResourceRegistry: All idling resources are idle.
05-13 17:04:09.490  4216  4229 I SurfaceControl: nativeRelease nativeObject s[493802176544]
05-13 17:04:09.490  4216  4229 I SurfaceControl: nativeRelease nativeObject e[493802176544]
05-13 17:04:09.491 18960 18960 I ViewInteraction: Checking 'MatchesViewAssertion{viewMatcher=is displayed on the screen to the user}' assertion on view with text: is "Tzeitel"
05-13 17:04:09.493 18960 18960 D IdlingResourceRegistry: All idling resources are idle.
05-13 17:04:09.493 18960 18960 D IdlingResourceRegistry: All idling resources are idle.
05-13 17:04:09.493  3869  4272 I SurfaceFlinger: id=44979 createSurf (0x0),-1 flag=24004, Surface(name=6946458 InputMethod)/@0xac62e96 - animation-leash#1
05-13 17:04:09.495 18960 18960 I ViewInteraction: Checking 'MatchesViewAssertion{viewMatcher=is displayed on the screen to the user}' assertion on view with text: is "Age: 7"
05-13 17:04:09.496 14897 14897 D InputMethodService: checkDisplayOfStartInputAndUpdateKeyboard display Id 0last 0
05-13 17:04:09.496 18960 18960 D IdlingResourceRegistry: All idling resources are idle.
05-13 17:04:09.497 18960 18960 D IdlingResourceRegistry: All idling resources are idle.
05-13 17:04:09.499 18960 18960 I ViewInteraction: Checking 'MatchesViewAssertion{viewMatcher=is displayed on the screen to the user}' assertion on view with text: is "Hobbies: sunbathing"
05-13 17:04:09.501 18960 18960 D IdlingResourceRegistry: All idling resources are idle.
05-13 17:04:09.501 18960 18960 D IdlingResourceRegistry: All idling resources are idle.
05-13 17:04:09.503  3869  4272 I Layer   : id=44961 removeFromCurrentState Surface(name=6946458 InputMethod)/@0xac62e96 - animation-leash#0 (87)
05-13 17:04:09.504 18532 18532 I SurfaceControl: nativeRelease nativeObject s[493616125344]
05-13 17:04:09.504 18532 18532 I SurfaceControl: nativeRelease nativeObject e[493616125344]
05-13 17:04:09.504  3869  4272 I SurfaceFlinger: id=44961 Removed Surface(name=6946458 InputMethod)/@0xac62e96 - animation-leash#0 (87)
05-13 17:04:09.514  3869  3869 I Layer   : id=44961[1] Destroyed Surface(name=6946458 InputMethod)/@0xac62e96 - animation-leash#0
05-13 17:04:09.514  4216  4241 I SurfaceControl: nativeRelease nativeObject s[493802176352]
05-13 17:04:09.514  4216  4241 I SurfaceControl: nativeRelease nativeObject e[493802176352]
05-13 17:04:09.515  4216  4241 I SurfaceControl: nativeRelease nativeObject s[493802183072]
05-13 17:04:09.515  4216  4241 I SurfaceControl: nativeRelease nativeObject e[493802183072]
05-13 17:04:09.518  4216  4241 I SurfaceControl: nativeRelease nativeObject s[493802926176]
05-13 17:04:09.518  4216  4241 I SurfaceControl: nativeRelease nativeObject e[493802926176]
05-13 17:04:09.524  3869  3916 I Layer   : id=44966 removeFromCurrentState Surface(name=Task=1038)/@0x576a2c6 - animation-leash#0 (86)
05-13 17:04:09.524  3869  3916 I Layer   : id=44969 removeFromCurrentState Surface(name=Task=1077)/@0x927a191 - animation-leash#0 (86)
05-13 17:04:09.524  3869  3916 I Layer   : id=44962 removeFromCurrentState Task=1077#0 (86)
05-13 17:04:09.524  3869  3916 I Layer   : id=44963 removeFromCurrentState ActivityRecord{8fde6c u0 com.example.dogglers/androidx.test.core.app.InstrumentationActivityInvoker$BootstrapActivity t1077}#0 (86)
05-13 17:04:09.524  3869  3916 I Layer   : id=44973 removeFromCurrentState ActivityRecord{f231d1d u0 com.example.dogglers/.VerticalListActivity t1077}#0 (86)
05-13 17:04:09.524  3869  3916 I Layer   : id=44974 removeFromCurrentState 5ea878d com.example.dogglers/com.example.dogglers.VerticalListActivity#0 (86)
05-13 17:04:09.524  3869  3916 I Layer   : id=44975 removeFromCurrentState com.example.dogglers/com.example.dogglers.VerticalListActivity$_18960#0 (86)
05-13 17:04:09.524  3869  3916 I Layer   : id=44978 removeFromCurrentState Surface(name=9542722 Splash Screen com.example.dogglers)/@0xb620960 - animation-leash#0 (86)
05-13 17:04:09.524  3869  3916 I Layer   : id=44964 removeFromCurrentState 9542722 Splash Screen com.example.dogglers#0 (86)
05-13 17:04:09.524  3869  3916 I Layer   : id=44965 removeFromCurrentState Splash Screen com.example.dogglers#0 (86)
05-13 17:04:09.524  3869  3916 I Layer   : id=44967 removeFromCurrentState Dim Layer for - DefaultTaskDisplayArea - animating-dim#0 (86)
05-13 17:04:09.524  3869  3916 I Layer   : id=15 removeFromCurrentState ImeContainer#0 (86)
05-13 17:04:09.524  3869  3916 I Layer   : id=23215 removeFromCurrentState WindowToken{838714 android.os.Binder@2cf4d67}#0 (86)
05-13 17:04:09.525  3869  3916 I Layer   : id=44979 removeFromCurrentState Surface(name=6946458 InputMethod)/@0xac62e96 - animation-leash#1 (86)
05-13 17:04:09.525  3869  3916 I Layer   : id=23216 removeFromCurrentState 6946458 InputMethod#0 (86)
05-13 17:04:09.525  3869  3916 I Layer   : id=44962 addToCurrentState Task=1077#0 (86)
05-13 17:04:09.525  3869  3916 I Layer   : id=44963 addToCurrentState ActivityRecord{8fde6c u0 com.example.dogglers/androidx.test.core.app.InstrumentationActivityInvoker$BootstrapActivity t1077}#0 (86)
05-13 17:04:09.525  3869  3916 I Layer   : id=44973 addToCurrentState ActivityRecord{f231d1d u0 com.example.dogglers/.VerticalListActivity t1077}#0 (86)
05-13 17:04:09.525  3869  3916 I Layer   : id=44974 addToCurrentState 5ea878d com.example.dogglers/com.example.dogglers.VerticalListActivity#0 (86)
05-13 17:04:09.525  3869  3916 I Layer   : id=44975 addToCurrentState com.example.dogglers/com.example.dogglers.VerticalListActivity$_18960#0 (86)
05-13 17:04:09.525  3869  3916 I Layer   : id=44978 addToCurrentState Surface(name=9542722 Splash Screen com.example.dogglers)/@0xb620960 - animation-leash#0 (86)
05-13 17:04:09.525  3869  3916 I Layer   : id=44964 addToCurrentState 9542722 Splash Screen com.example.dogglers#0 (86)
05-13 17:04:09.525  3869  3916 I Layer   : id=44965 addToCurrentState Splash Screen com.example.dogglers#0 (86)
05-13 17:04:09.525  3869  3916 I Layer   : id=15 addToCurrentState ImeContainer#0 (86)
05-13 17:04:09.525  3869  3916 I Layer   : id=23215 addToCurrentState WindowToken{838714 android.os.Binder@2cf4d67}#0 (86)
05-13 17:04:09.525  3869  3916 I Layer   : id=44979 addToCurrentState Surface(name=6946458 InputMethod)/@0xac62e96 - animation-leash#1 (86)
05-13 17:04:09.525  3869  3916 I Layer   : id=23216 addToCurrentState 6946458 InputMethod#0 (86)
